******************************************************************************
                  TI ARM Linker PC v20.2.5                     
******************************************************************************
>> Linked Sun Jul 11 12:44:09 2021

OUTPUT FILE NAME:   <pwmled2_CC3220S_LAUNCHXL_nortos_ccs.out>
ENTRY POINT SYMBOL: "resetISR"  address: 2000e549


MEMORY CONFIGURATION

         name            origin    length      used     unused   attr    fill
----------------------  --------  ---------  --------  --------  ----  --------
  SRAM2                 20000000   00004000  0000130c  00002cf4  RW X
  SRAM                  20004000   0003c000  0000af04  000310fc  RW X
  LOG_DATA              90000000   00040000  00000000  00040000  R   


SEGMENT ALLOCATION MAP

run origin  load origin   length   init length attrs members
----------  ----------- ---------- ----------- ----- -------
20003000    20003000    00001000   00000000    rw-
  20003000    20003000    00001000   00000000    rw- .stack
20004000    20004000    00000040   00000040    r--
  20004000    20004000    00000040   00000040    r-- .resetVecs
20004040    20004040    00008000   00000000    rw-
  20004040    20004040    00008000   00000000    rw- .sysmem
2000c040    2000c040    000029d3   000029d3    r-x
  2000c040    2000c040    00002710   00002710    r-x .text
  2000e750    2000e750    000002c3   000002c3    r-- .const
2000ea14    2000ea14    0000027d   00000000    rw-
  2000ea14    2000ea14    0000027d   00000000    rw- .data
2000ec98    2000ec98    0000019c   00000000    rw-
  2000ec98    2000ec98    0000019c   00000000    rw- .bss
2000ee38    2000ee38    000000d8   000000d8    r--
  2000ee38    2000ee38    000000d8   000000d8    r-- .cinit


SECTION ALLOCATION MAP

 output                                  attributes/
section   page    origin      length       input sections
--------  ----  ----------  ----------   ----------------
.text      0    2000c040    00002710     
                  2000c040    0000042c     driverlib.a : prcm.obj (.text:PRCMCC3200MCUInit)
                  2000c46c    0000019c     nortos_cc32xx.a : PowerCC32XX_nortos.oem4 (.text:PowerCC32XX_sleepPolicy)
                  2000c608    00000168     pwmled2.obj (.text:mainThread)
                  2000c770    00000148     drivers_cc32xx.a : PowerCC32XX.oem4 (.text:parkPins)
                  2000c8b8    00000140                      : PWMTimerCC32XX.oem4 (.text:PWMTimerCC32XX_setDutyAndPeriod)
                  2000c9f8    00000138                      : PowerCC32XX.oem4 (.text:Power_sleep)
                  2000cb30    000000fc     rtsv7M4_T_le_eabi.lib : fd_mul_t2.asm.obj (.text)
                  2000cc2c    000000f0     drivers_cc32xx.a : PWMTimerCC32XX.oem4 (.text:PWMTimerCC32XX_open)
                  2000cd1c    000000c4                      : PWMTimerCC32XX.oem4 (.text:PWMTimerCC32XX_stop)
                  2000cde0    000000c0                      : PowerCC32XX.oem4 (.text:restoreParkedPins)
                  2000cea0    000000b8                      : PWMTimerCC32XX.oem4 (.text:PWMTimerCC32XX_setDuty)
                  2000cf58    000000a8     driverlib.a : interrupt.obj (.text:IntEnable)
                  2000d000    000000a8     drivers_cc32xx.a : PowerCC32XX.oem4 (.text:PowerCC32XX_configureWakeup)
                  2000d0a8    000000a4                      : PWMTimerCC32XX.oem4 (.text:initHw)
                  2000d14c    000000a0     nortos_cc32xx.a : SemaphoreP_nortos.oem4 (.text:SemaphoreP_pend)
                  2000d1ec    0000009c     rtsv7M4_T_le_eabi.lib : memcpy_t2.asm.obj (.text)
                  2000d288    00000098     drivers_cc32xx.a : PWMTimerCC32XX.oem4 (.text:PWMTimerCC32XX_setPeriod)
                  2000d320    00000096     rtsv7M4_T_le_eabi.lib : ull_div_t2.asm.obj (.text)
                  2000d3b6    00000002     ti_drivers_config.obj (.text:Board_initHook)
                  2000d3b8    00000090     drivers_cc32xx.a : PowerCC32XX.oem4 (.text:restoreNVICRegs)
                  2000d448    00000088     driverlib.a : interrupt.obj (.text:IntPendSet)
                  2000d4d0    00000088     drivers_cc32xx.a : PWMTimerCC32XX.oem4 (.text:PWMTimerCC32XX_close)
                  2000d558    00000088     driverlib.a : pin.obj (.text:PinConfigSet)
                  2000d5e0    00000084     drivers_cc32xx.a : PowerCC32XX.oem4 (.text:Power_init)
                  2000d664    00000084                      : PowerCC32XX.oem4 (.text:saveNVICRegs)
                  2000d6e8    00000080                      : PowerCC32XX.oem4 (.text:Power_setDependency)
                  2000d768    00000068                      : PWMTimerCC32XX.oem4 (.text:PWMTimerCC32XX_start)
                  2000d7d0    00000068     rtsv7M4_T_le_eabi.lib : copy_decompress_lzss.c.obj (.text:decompress:lzss:__TI_decompress_lzss)
                  2000d838    00000064     drivers_cc32xx.a : PowerCC32XX.oem4 (.text:PowerCC32XX_setParkState)
                  2000d89c    00000060     driverlib.a : prcm.obj (.text:PRCMSysResetCauseGet)
                  2000d8fc    00000060     nortos_cc32xx.a : ClockPSysTick_nortos.oem4 (.text:getTimeUsec)
                  2000d95c    0000005c                     : ClockPSysTick_nortos.oem4 (.text:sysTickInit)
                  2000d9b8    00000058     driverlib.a : prcm.obj (.text:PRCMPeripheralReset)
                  2000da10    00000058     drivers_cc32xx.a : PowerCC32XX.oem4 (.text:Power_releaseDependency)
                  2000da68    00000052                      : PowerCC32XX_asm.oem4 (.text:PowerCC32XX_resumeLPDS)
                  2000daba    00000002                      : PWMTimerCC32XX.oem4 (.text:PWMTimerCC32XX_init)
                  2000dabc    00000050     nortos_cc32xx.a : ClockPSysTick_nortos.oem4 (.text:ClockP_sysTickHandler)
                  2000db0c    00000050                     : SemaphoreP_nortos.oem4 (.text:SemaphoreP_construct)
                  2000db5c    00000050     drivers_cc32xx.a : TimerCC32XX.oem4 (.text:TimerCC32XX_allocateTimerResource)
                  2000dbac    0000004c                      : PowerCC32XX.oem4 (.text:PowerCC32XX_parkPin)
                  2000dbf8    0000004c                      : PWMTimerCC32XX.oem4 (.text:getDutyCounts)
                  2000dc44    0000004c                      : PWMTimerCC32XX.oem4 (.text:getPeriodCounts)
                  2000dc90    0000004c                      : PowerCC32XX.oem4 (.text:restorePeriphClocks)
                  2000dcdc    00000048     nortos_cc32xx.a : ClockPSysTick_nortos.oem4 (.text:ClockP_usleep)
                  2000dd24    00000048     driverlib.a : flash.obj (.text:FlashDisable)
                  2000dd6c    00000048                 : prcm.obj (.text:PRCMLPDSEnter)
                  2000ddb4    00000048                 : prcm.obj (.text:PRCMPeripheralClkEnable)
                  2000ddfc    00000048     drivers_cc32xx.a : PowerCC32XX.oem4 (.text:Power_releaseConstraint)
                  2000de44    00000044     nortos_cc32xx.a : ClockPSysTick_nortos.oem4 (.text:ClockP_stop)
                  2000de88    00000044     driverlib.a : prcm.obj (.text:PRCMLPDSRestoreInfoSet)
                  2000decc    00000044     drivers_cc32xx.a : PWM.oem4 (.text:PWM_init)
                  2000df10    00000044                      : PowerCC32XX_asm.oem4 (.text:PowerCC32XX_enterLPDS)
                  2000df54    00000044     nortos_cc32xx.a : SwiP_nortos.oem4 (.text:SwiP_restore)
                  2000df98    00000044     rtsv7M4_T_le_eabi.lib : autoinit.c.obj (.text:__TI_auto_init_nobinit_nopinit:__TI_auto_init_nobinit_nopinit)
                  2000dfdc    00000044                           : fd_tou_t2.asm.obj (.text)
                  2000e020    00000040     drivers_cc32xx.a : PWM.oem4 (.text:PWM_open)
                  2000e060    00000040     driverlib.a : pin.obj (.text:PinModeSet)
                  2000e0a0    0000003c     nortos_cc32xx.a : ClockPSysTick_nortos.oem4 (.text:ClockP_destruct)
                  2000e0dc    0000003c     drivers_cc32xx.a : PowerCC32XX.oem4 (.text:Power_setConstraint)
                  2000e118    0000003a     nortos_cc32xx.a : PowerCC32XX_nortos.oem4 (.text:getCountsRTC)
                  2000e152    0000003a     drivers_cc32xx.a : PWMTimerCC32XX.oem4 (.text:getPowerMgrId)
                  2000e18c    00000038     driverlib.a : prcm.obj (.text:PRCMLPDSEnterKeepDebugIf)
                  2000e1c4    00000038     nortos_cc32xx.a : ClockPSysTick_nortos.oem4 (.text:addToList)
                  2000e1fc    00000038                     : startup_cc32xx_ccs.oem4 (.text:initVectors)
                  2000e234    00000038     drivers_cc32xx.a : PowerCC32XX.oem4 (.text:notify)
                  2000e26c    00000034     nortos_cc32xx.a : ClockPSysTick_nortos.oem4 (.text:ClockP_getTicksUntilInterrupt)
                  2000e2a0    00000034                     : ClockPSysTick_nortos.oem4 (.text:ClockP_startup)
                  2000e2d4    00000034     driverlib.a : pin.obj (.text:PinModeGet)
                  2000e308    00000034     drivers_cc32xx.a : TimerCC32XX.oem4 (.text:TimerCC32XX_freeTimerResource)
                  2000e33c    00000034                      : TimerCC32XX.oem4 (.text:getPowerMgrId)
                  2000e370    00000030     nortos_cc32xx.a : ClockPSysTick_nortos.oem4 (.text:ClockP_start)
                  2000e3a0    00000030     drivers_cc32xx.a : PowerCC32XX.oem4 (.text:PowerCC32XX_restoreParkedPin)
                  2000e3d0    00000028     driverlib.a : prcm.obj (.text:PRCMPeripheralClkDisable)
                  2000e3f8    00000028     drivers_cc32xx.a : PowerCC32XX.oem4 (.text:Power_registerNotify)
                  2000e420    00000026                      : List.oem4 (.text:List_put)
                  2000e446    00000026                      : List.oem4 (.text:List_remove)
                  2000e46c    00000024     rtsv7M4_T_le_eabi.lib : boot_cortex_m.c.obj (.text:_c_int00_noargs:_c_int00_noargs)
                  2000e490    00000024     nortos_cc32xx.a : ClockPSysTick_nortos.oem4 (.text:sleepTicks)
                  2000e4b4    00000020     drivers_cc32xx.a : PowerCC32XX.oem4 (.text:Power_unregisterNotify)
                  2000e4d4    00000020     rtsv7M4_T_le_eabi.lib : u_tofd_t2.asm.obj (.text)
                  2000e4f4    0000001c     driverlib.a : pin.obj (.text:PinToPadGet)
                  2000e510    0000001c     nortos_cc32xx.a : SwiP_nortos.oem4 (.text:SwiP_disable)
                  2000e52c    0000001c     rtsv7M4_T_le_eabi.lib : copy_zero_init.c.obj (.text:decompress:ZI:__TI_zero_init_nomemset:__TI_zero_init_nomemset)
                  2000e548    0000001a     nortos_cc32xx.a : startup_cc32xx_ccs.oem4 (.text:resetISR)
                  2000e562    00000002                     : PowerCC32XX_nortos.oem4 (.text:PowerCC32XX_initPolicy)
                  2000e564    00000018     drivers_cc32xx.a : PowerCC32XX.oem4 (.text:Power_getTransitionLatency)
                  2000e57c    00000018                      : PowerCC32XX.oem4 (.text:Power_idleFunc)
                  2000e594    00000018     rtsv7M4_T_le_eabi.lib : ll_mul_t2.asm.obj (.text)
                  2000e5ac    00000016     driverlib.a : prcm.obj (.text:PRCMHIBRegRead)
                  2000e5c2    00000016                 : prcm.obj (.text:PRCMHIBRegWrite)
                  2000e5d8    00000014                 : cpu.obj (.text:CPUcpsid)
                  2000e5ec    00000014                 : interrupt.obj (.text:IntVTableBaseSet)
                  2000e600    00000014     drivers_cc32xx.a : PWM.oem4 (.text:PWM_Params_init)
                  2000e614    00000014                      : PowerCC32XX.oem4 (.text:Power_getDependencyCount)
                  2000e628    00000012     main_nortos.obj (.text:main)
                  2000e63a    00000012     drivers_cc32xx.a : PWMTimerCC32XX.oem4 (.text:postNotifyFxn)
                  2000e64c    00000010     ti_drivers_config.obj (.text:Board_init)
                  2000e65c    00000010     nortos_cc32xx.a : ClockPSysTick_nortos.oem4 (.text:ClockP_add)
                  2000e66c    00000010                     : ClockPSysTick_nortos.oem4 (.text:ClockP_getCpuFreq)
                  2000e67c    00000010                     : ClockPSysTick_nortos.oem4 (.text:ClockP_getSystemTicks)
                  2000e68c    00000010                     : ClockPSysTick_nortos.oem4 (.text:ClockP_setTicks)
                  2000e69c    00000010                     : HwiPCC32XX_nortos.oem4 (.text:HwiP_restore)
                  2000e6ac    00000010     drivers_cc32xx.a : PowerCC32XX.oem4 (.text:Power_enablePolicy)
                  2000e6bc    00000010     nortos_cc32xx.a : SemaphoreP_nortos.oem4 (.text:SemaphoreP_Params_init)
                  2000e6cc    0000000e                     : HwiPCC32XX_nortos.oem4 (.text:HwiP_disable)
                  2000e6da    0000000e                     : HwiPCC32XX_nortos.oem4 (.text:HwiP_enable)
                  2000e6e8    0000000e     rtsv7M4_T_le_eabi.lib : copy_decompress_none.c.obj (.text:decompress:none:__TI_decompress_none)
                  2000e6f6    00000002     nortos_cc32xx.a : SemaphoreP_nortos.oem4 (.text:SemaphoreP_destruct)
                  2000e6f8    0000000c     drivers_cc32xx.a : PowerCC32XX.oem4 (.text:Power_getConstraintMask)
                  2000e704    0000000a     nortos_cc32xx.a : ClockPSysTick_nortos.oem4 (.text:ClockP_isActive)
                  2000e70e    0000000a     driverlib.a : interrupt.obj (.text:IntMasterDisable)
                  2000e718    0000000a     drivers_cc32xx.a : PWM.oem4 (.text:PWM_setDuty)
                  2000e722    0000000a                      : PWM.oem4 (.text:PWM_start)
                  2000e72c    00000006                      : PWMTimerCC32XX.oem4 (.text:PWMTimerCC32XX_control)
                  2000e732    00000006     driverlib.a : utils.obj (.text:UtilsDelay)
                  2000e738    00000004     nortos_cc32xx.a : HwiPCC32XX_nortos.oem4 (.text:HwiP_post)
                  2000e73c    00000004     rtsv7M4_T_le_eabi.lib : pre_init.c.obj (.text:_system_pre_init)
                  2000e740    00000004                           : exit.c.obj (.text:abort:abort)
                  2000e744    00000002     nortos_cc32xx.a : startup_cc32xx_ccs.oem4 (.text:busFaultHandler)
                  2000e746    00000002                     : SemaphoreP_nortos.oem4 (.text:clkFxn)
                  2000e748    00000002                     : startup_cc32xx_ccs.oem4 (.text:defaultHandler)
                  2000e74a    00000002                     : startup_cc32xx_ccs.oem4 (.text:faultISR)
                  2000e74c    00000002                     : startup_cc32xx_ccs.oem4 (.text:nmiISR)
                  2000e74e    00000002     rtsv7M4_T_le_eabi.lib : div0.asm.obj (.text)

.const     0    2000e750    000002c3     
                  2000e750    00000100     driverlib.a : pin.obj (.const:g_ulPinToPadMap)
                  2000e850    000000a8                 : prcm.obj (.const:PRCM_PeriphRegsList)
                  2000e8f8    00000044     ti_drivers_config.obj (.const:PowerCC32XX_config)
                  2000e93c    00000024     drivers_cc32xx.a : PWMTimerCC32XX.oem4 (.const:PWMTimerCC32XX_fxnTable)
                  2000e960    00000020                      : PWMTimerCC32XX.oem4 (.const:gpioPinIndexes)
                  2000e980    00000018     ti_drivers_config.obj (.const:PWM_config)
                  2000e998    00000018     drivers_cc32xx.a : PWM.oem4 (.const:PWM_defaultParams)
                  2000e9b0    00000018     driverlib.a : interrupt.obj (.const:g_pulEnRegs)
                  2000e9c8    00000018                 : interrupt.obj (.const:g_pulPendRegs)
                  2000e9e0    00000010     drivers_cc32xx.a : PWMTimerCC32XX.oem4 (.const:gpioBaseAddresses)
                  2000e9f0    00000010                      : PWMTimerCC32XX.oem4 (.const:timerBaseAddresses)
                  2000ea00    00000008     ti_drivers_config.obj (.const:pwmTimerCC32XXHWAttrs)
                  2000ea08    00000008     drivers_cc32xx.a : PWMTimerCC32XX.oem4 (.const:timerHalves)
                  2000ea10    00000003     ti_drivers_config.obj (.const)

.cinit     0    2000ee38    000000d8     
                  2000ee38    000000b0     (.cinit..data.load) [load image, compression = lzss]
                  2000eee8    0000000c     (__TI_handler_table)
                  2000eef4    00000004     --HOLE-- [fill = 0]
                  2000eef8    00000008     (.cinit..bss.load) [load image, compression = zero_init]
                  2000ef00    00000010     (__TI_cinit_table)

.init_array 
*          0    20004000    00000000     UNINITIALIZED

.ramVecs   0    20000000    0000030c     NOLOAD SECTION
                  20000000    0000030c     nortos_cc32xx.a : startup_cc32xx_ccs.oem4 (.ramVecs)

.stack     0    20003000    00001000     UNINITIALIZED
                  20003000    00000004     rtsv7M4_T_le_eabi.lib : boot_cortex_m.c.obj (.stack)
                  20003004    00000ffc     --HOLE--

.resetVecs 
*          0    20004000    00000040     
                  20004000    00000040     nortos_cc32xx.a : startup_cc32xx_ccs.oem4 (.resetVecs:retain)

.sysmem    0    20004040    00008000     UNINITIALIZED
                  20004040    00000010     rtsv7M4_T_le_eabi.lib : memory.c.obj (.sysmem)
                  20004050    00007ff0     --HOLE--

.data      0    2000ea14    0000027d     UNINITIALIZED
                  2000ea14    0000016c     drivers_cc32xx.a : PowerCC32XX.oem4 (.data:PowerCC32XX_module)
                  2000eb80    000000f8     ti_drivers_config.obj (.data:parkInfo)
                  2000ec78    00000008     nortos_cc32xx.a : SemaphoreP_nortos.oem4 (.data:SemaphoreP_defaultParams)
                  2000ec80    00000008                     : HwiPCC32XX_nortos.oem4 (.data)
                  2000ec88    00000005                     : ClockPSysTick_nortos.oem4 (.data)
                  2000ec8d    00000003                     : SemaphoreP_nortos.oem4 (.data)
                  2000ec90    00000001     drivers_cc32xx.a : PWM.oem4 (.data)

.bss       0    2000ec98    0000019c     UNINITIALIZED
                  2000ec98    0000012c     (.common:PowerCC32XX_contextSave)
                  2000edc4    00000048     (.common:pwmTimerCC32XXObjects)
                  2000ee0c    00000004     nortos_cc32xx.a : ClockPSysTick_nortos.oem4 (.bss)
                  2000ee10    00000010     (.common:ClockP_ctrl)
                  2000ee20    0000000d                     : SwiP_nortos.oem4 (.bss)
                  2000ee2d    00000003     --HOLE--
                  2000ee30    00000004     drivers_cc32xx.a : TimerCC32XX.oem4 (.bss:timerState)

.log_data 
*          0    90000000    00000000     COPY SECTION

__llvm_prf_cnts 
*          0    20004000    00000000     UNINITIALIZED

MODULE SUMMARY

       Module                       code    ro data   rw data
       ------                       ----    -------   -------
    .\
       pwmled2.obj                  360     0         0      
       main_nortos.obj              18      0         0      
    +--+----------------------------+-------+---------+---------+
       Total:                       378     0         0      
                                                             
    .\syscfg\
       ti_drivers_config.obj        18      103       320    
    +--+----------------------------+-------+---------+---------+
       Total:                       18      103       320    
                                                             
    C:/ti/simplelink_cc32xx_sdk_5_10_00_02/kernel/nortos/lib/ccs/m4/nortos_cc32xx.a
       startup_cc32xx_ccs.oem4      90      64        780    
       ClockPSysTick_nortos.oem4    786     0         25     
       PowerCC32XX_nortos.oem4      472     0         0      
       SemaphoreP_nortos.oem4       260     0         11     
       SwiP_nortos.oem4             96      0         13     
       HwiPCC32XX_nortos.oem4       48      0         8      
    +--+----------------------------+-------+---------+---------+
       Total:                       1752    64        837    
                                                             
    C:/ti/simplelink_cc32xx_sdk_5_10_00_02/source/ti/devices/cc32xx/driverlib/ccs/Release/driverlib.a
       prcm.obj                     1604    168       0      
       pin.obj                      280     256       0      
       interrupt.obj                334     48        0      
       flash.obj                    72      0         0      
       cpu.obj                      20      0         0      
       utils.obj                    6       0         0      
    +--+----------------------------+-------+---------+---------+
       Total:                       2316    472       0      
                                                             
    C:/ti/simplelink_cc32xx_sdk_5_10_00_02/source/ti/drivers/lib/ccs/m4/drivers_cc32xx.a
       PowerCC32XX.oem4             2280    0         664    
       PWMTimerCC32XX.oem4          1732    108       0      
       PWM.oem4                     172     24        1      
       TimerCC32XX.oem4             184     0         4      
       PowerCC32XX_asm.oem4         150     0         0      
       List.oem4                    76      0         0      
    +--+----------------------------+-------+---------+---------+
       Total:                       4594    132       669    
                                                             
    C:\ti\ccs1040\ccs\tools\compiler\ti-cgt-arm_20.2.5.LTS\lib\rtsv7M4_T_le_eabi.lib
       fd_mul_t2.asm.obj            252     0         0      
       memcpy_t2.asm.obj            156     0         0      
       ull_div_t2.asm.obj           150     0         0      
       copy_decompress_lzss.c.obj   104     0         0      
       autoinit.c.obj               68      0         0      
       fd_tou_t2.asm.obj            68      0         0      
       boot_cortex_m.c.obj          36      0         0      
       u_tofd_t2.asm.obj            32      0         0      
       copy_zero_init.c.obj         28      0         0      
       ll_mul_t2.asm.obj            24      0         0      
       copy_decompress_none.c.obj   14      0         0      
       exit.c.obj                   4       0         0      
       pre_init.c.obj               4       0         0      
       div0.asm.obj                 2       0         0      
    +--+----------------------------+-------+---------+---------+
       Total:                       942     0         0      
                                                             
       Heap:                        0       0         32768  
       Stack:                       0       0         4096   
       Linker Generated:            0       212       0      
    +--+----------------------------+-------+---------+---------+
       Grand Total:                 10000   983       38690  


LINKER GENERATED COPY TABLES

__TI_cinit_table @ 2000ef00 records: 2, size/record: 8, table size: 16
	.data: load addr=2000ee38, load size=000000b0 bytes, run addr=2000ea14, run size=0000027d bytes, compression=lzss
	.bss: load addr=2000eef8, load size=00000008 bytes, run addr=2000ec98, run size=0000019c bytes, compression=zero_init


LINKER GENERATED HANDLER TABLE

__TI_handler_table @ 2000eee8 records: 3, size/record: 4, table size: 12
	index: 0, handler: __TI_decompress_lzss
	index: 1, handler: __TI_decompress_none
	index: 2, handler: __TI_zero_init


GLOBAL SYMBOLS: SORTED ALPHABETICALLY BY Name 

address   name                             
-------   ----                             
2000e64d  Board_init                       
2000d3b7  Board_initHook                   
2000e741  C$$EXIT                          
2000ea10  CONFIG_PWM_0_CONST               
2000ea11  CONFIG_PWM_1_CONST               
2000e5d9  CPUcpsid                         
2000e65d  ClockP_add                       
2000ee10  ClockP_ctrl                      
2000e0a1  ClockP_destruct                  
2000dabd  ClockP_doTick                    
2000e66d  ClockP_getCpuFreq                
2000e67d  ClockP_getSystemTicks            
2000e26d  ClockP_getTicksUntilInterrupt    
2000e705  ClockP_isActive                  
2000e68d  ClockP_setTicks                  
2000e371  ClockP_start                     
2000e2a1  ClockP_startup                   
2000de45  ClockP_stop                      
2000dabd  ClockP_sysTickHandler            
2000ec88  ClockP_tickPeriod                
2000dcdd  ClockP_usleep                    
2000dd25  FlashDisable                     
2000e6cd  HwiP_disable                     
2000e6db  HwiP_enable                      
2000ec80  HwiP_key                         
2000e739  HwiP_post                        
2000e69d  HwiP_restore                     
2000ec84  HwiP_swiPIntNum                  
UNDEFED   ITM_flush                        
UNDEFED   ITM_restore                      
2000cf59  IntEnable                        
2000e70f  IntMasterDisable                 
2000d449  IntPendSet                       
2000e5ed  IntVTableBaseSet                 
2000e421  List_put                         
2000e447  List_remove                      
2000e6db  NoRTOS_start                     
2000c041  PRCMCC3200MCUInit                
2000e5ad  PRCMHIBRegRead                   
2000e5c3  PRCMHIBRegWrite                  
2000dd6d  PRCMLPDSEnter                    
2000e18d  PRCMLPDSEnterKeepDebugIf         
2000de89  PRCMLPDSRestoreInfoSet           
2000e3d1  PRCMPeripheralClkDisable         
2000ddb5  PRCMPeripheralClkEnable          
2000d9b9  PRCMPeripheralReset              
2000d89d  PRCMSysResetCauseGet             
2000d4d1  PWMTimerCC32XX_close             
2000e72d  PWMTimerCC32XX_control           
2000e93c  PWMTimerCC32XX_fxnTable          
2000dabb  PWMTimerCC32XX_init              
2000cc2d  PWMTimerCC32XX_open              
2000cea1  PWMTimerCC32XX_setDuty           
2000c8b9  PWMTimerCC32XX_setDutyAndPeriod  
2000d289  PWMTimerCC32XX_setPeriod         
2000d769  PWMTimerCC32XX_start             
2000cd1d  PWMTimerCC32XX_stop              
2000e601  PWM_Params_init                  
2000e980  PWM_config                       
2000ea12  PWM_count                        
2000e998  PWM_defaultParams                
2000decd  PWM_init                         
2000e021  PWM_open                         
2000e719  PWM_setDuty                      
2000e723  PWM_start                        
2000d559  PinConfigSet                     
2000e2d5  PinModeGet                       
2000e061  PinModeSet                       
2000e4f5  PinToPadGet                      
2000e8f8  PowerCC32XX_config               
2000d001  PowerCC32XX_configureWakeup      
2000ec98  PowerCC32XX_contextSave          
2000df11  PowerCC32XX_enterLPDS            
2000e563  PowerCC32XX_initPolicy           
2000ea14  PowerCC32XX_module               
2000dbad  PowerCC32XX_parkPin              
2000e3a1  PowerCC32XX_restoreParkedPin     
2000da69  PowerCC32XX_resumeLPDS           
2000d839  PowerCC32XX_setParkState         
2000c46d  PowerCC32XX_sleepPolicy          
2000e6ad  Power_enablePolicy               
2000e6f9  Power_getConstraintMask          
2000e615  Power_getDependencyCount         
2000e565  Power_getTransitionLatency       
2000e57d  Power_idleFunc                   
2000d5e1  Power_init                       
2000e3f9  Power_registerNotify             
2000ddfd  Power_releaseConstraint          
2000da11  Power_releaseDependency          
2000e0dd  Power_setConstraint              
2000d6e9  Power_setDependency              
2000c9f9  Power_sleep                      
2000e4b5  Power_unregisterNotify           
2000e6bd  SemaphoreP_Params_init           
2000db0d  SemaphoreP_construct             
2000ec78  SemaphoreP_defaultParams         
2000e6f7  SemaphoreP_destruct              
2000d14d  SemaphoreP_pend                  
2000e511  SwiP_disable                     
2000df55  SwiP_restore                     
2000db5d  TimerCC32XX_allocateTimerResource
2000e309  TimerCC32XX_freeTimerResource    
2000e733  UtilsDelay                       
20004000  __STACK_END                      
00001000  __STACK_SIZE                     
00008000  __SYSMEM_SIZE                    
2000ef00  __TI_CINIT_Base                  
2000ef10  __TI_CINIT_Limit                 
2000eee8  __TI_Handler_Table_Base          
2000eef4  __TI_Handler_Table_Limit         
2000df99  __TI_auto_init_nobinit_nopinit   
2000d7d1  __TI_decompress_lzss             
2000e6e9  __TI_decompress_none             
ffffffff  __TI_pprof_out_hndl              
ffffffff  __TI_prof_data_size              
ffffffff  __TI_prof_data_start             
2000ee38  __TI_static_base__               
2000e52d  __TI_zero_init_nomemset          
2000dfdd  __aeabi_d2uiz                    
2000cb31  __aeabi_dmul                     
2000e74f  __aeabi_idiv0                    
2000e74f  __aeabi_ldiv0                    
2000e595  __aeabi_lmul                     
2000d1ed  __aeabi_memcpy                   
2000d1ed  __aeabi_memcpy4                  
2000d1ed  __aeabi_memcpy8                  
2000e4d5  __aeabi_ui2d                     
2000d321  __aeabi_uldivmod                 
ffffffff  __binit__                        
ffffffff  __c_args__                       
UNDEFED   __mpu_init                       
20003000  __stack                          
20004000  __start___llvm_prf_cnts          
20004000  __stop___llvm_prf_cnts           
2000e46d  _c_int00_noargs                  
20004040  _sys_memory                      
UNDEFED   _system_post_cinit               
2000e73d  _system_pre_init                 
2000e741  abort                            
ffffffff  binit                            
2000e747  clkFxn                           
2000e1fd  initVectors                      
2000e629  main                             
2000c609  mainThread                       
2000d1ed  memcpy                           
2000eb80  parkInfo                         
2000ea00  pwmTimerCC32XXHWAttrs            
2000edc4  pwmTimerCC32XXObjects            
2000e549  resetISR                         
2000e55c  resetVectorAddr                  
20004000  resetVectors                     
2000dcdd  usleep                           


GLOBAL SYMBOLS: SORTED BY Symbol Address 

address   name                             
-------   ----                             
00001000  __STACK_SIZE                     
00008000  __SYSMEM_SIZE                    
20003000  __stack                          
20004000  __STACK_END                      
20004000  __start___llvm_prf_cnts          
20004000  __stop___llvm_prf_cnts           
20004000  resetVectors                     
20004040  _sys_memory                      
2000c041  PRCMCC3200MCUInit                
2000c46d  PowerCC32XX_sleepPolicy          
2000c609  mainThread                       
2000c8b9  PWMTimerCC32XX_setDutyAndPeriod  
2000c9f9  Power_sleep                      
2000cb31  __aeabi_dmul                     
2000cc2d  PWMTimerCC32XX_open              
2000cd1d  PWMTimerCC32XX_stop              
2000cea1  PWMTimerCC32XX_setDuty           
2000cf59  IntEnable                        
2000d001  PowerCC32XX_configureWakeup      
2000d14d  SemaphoreP_pend                  
2000d1ed  __aeabi_memcpy                   
2000d1ed  __aeabi_memcpy4                  
2000d1ed  __aeabi_memcpy8                  
2000d1ed  memcpy                           
2000d289  PWMTimerCC32XX_setPeriod         
2000d321  __aeabi_uldivmod                 
2000d3b7  Board_initHook                   
2000d449  IntPendSet                       
2000d4d1  PWMTimerCC32XX_close             
2000d559  PinConfigSet                     
2000d5e1  Power_init                       
2000d6e9  Power_setDependency              
2000d769  PWMTimerCC32XX_start             
2000d7d1  __TI_decompress_lzss             
2000d839  PowerCC32XX_setParkState         
2000d89d  PRCMSysResetCauseGet             
2000d9b9  PRCMPeripheralReset              
2000da11  Power_releaseDependency          
2000da69  PowerCC32XX_resumeLPDS           
2000dabb  PWMTimerCC32XX_init              
2000dabd  ClockP_doTick                    
2000dabd  ClockP_sysTickHandler            
2000db0d  SemaphoreP_construct             
2000db5d  TimerCC32XX_allocateTimerResource
2000dbad  PowerCC32XX_parkPin              
2000dcdd  ClockP_usleep                    
2000dcdd  usleep                           
2000dd25  FlashDisable                     
2000dd6d  PRCMLPDSEnter                    
2000ddb5  PRCMPeripheralClkEnable          
2000ddfd  Power_releaseConstraint          
2000de45  ClockP_stop                      
2000de89  PRCMLPDSRestoreInfoSet           
2000decd  PWM_init                         
2000df11  PowerCC32XX_enterLPDS            
2000df55  SwiP_restore                     
2000df99  __TI_auto_init_nobinit_nopinit   
2000dfdd  __aeabi_d2uiz                    
2000e021  PWM_open                         
2000e061  PinModeSet                       
2000e0a1  ClockP_destruct                  
2000e0dd  Power_setConstraint              
2000e18d  PRCMLPDSEnterKeepDebugIf         
2000e1fd  initVectors                      
2000e26d  ClockP_getTicksUntilInterrupt    
2000e2a1  ClockP_startup                   
2000e2d5  PinModeGet                       
2000e309  TimerCC32XX_freeTimerResource    
2000e371  ClockP_start                     
2000e3a1  PowerCC32XX_restoreParkedPin     
2000e3d1  PRCMPeripheralClkDisable         
2000e3f9  Power_registerNotify             
2000e421  List_put                         
2000e447  List_remove                      
2000e46d  _c_int00_noargs                  
2000e4b5  Power_unregisterNotify           
2000e4d5  __aeabi_ui2d                     
2000e4f5  PinToPadGet                      
2000e511  SwiP_disable                     
2000e52d  __TI_zero_init_nomemset          
2000e549  resetISR                         
2000e55c  resetVectorAddr                  
2000e563  PowerCC32XX_initPolicy           
2000e565  Power_getTransitionLatency       
2000e57d  Power_idleFunc                   
2000e595  __aeabi_lmul                     
2000e5ad  PRCMHIBRegRead                   
2000e5c3  PRCMHIBRegWrite                  
2000e5d9  CPUcpsid                         
2000e5ed  IntVTableBaseSet                 
2000e601  PWM_Params_init                  
2000e615  Power_getDependencyCount         
2000e629  main                             
2000e64d  Board_init                       
2000e65d  ClockP_add                       
2000e66d  ClockP_getCpuFreq                
2000e67d  ClockP_getSystemTicks            
2000e68d  ClockP_setTicks                  
2000e69d  HwiP_restore                     
2000e6ad  Power_enablePolicy               
2000e6bd  SemaphoreP_Params_init           
2000e6cd  HwiP_disable                     
2000e6db  HwiP_enable                      
2000e6db  NoRTOS_start                     
2000e6e9  __TI_decompress_none             
2000e6f7  SemaphoreP_destruct              
2000e6f9  Power_getConstraintMask          
2000e705  ClockP_isActive                  
2000e70f  IntMasterDisable                 
2000e719  PWM_setDuty                      
2000e723  PWM_start                        
2000e72d  PWMTimerCC32XX_control           
2000e733  UtilsDelay                       
2000e739  HwiP_post                        
2000e73d  _system_pre_init                 
2000e741  C$$EXIT                          
2000e741  abort                            
2000e747  clkFxn                           
2000e74f  __aeabi_idiv0                    
2000e74f  __aeabi_ldiv0                    
2000e8f8  PowerCC32XX_config               
2000e93c  PWMTimerCC32XX_fxnTable          
2000e980  PWM_config                       
2000e998  PWM_defaultParams                
2000ea00  pwmTimerCC32XXHWAttrs            
2000ea10  CONFIG_PWM_0_CONST               
2000ea11  CONFIG_PWM_1_CONST               
2000ea12  PWM_count                        
2000ea14  PowerCC32XX_module               
2000eb80  parkInfo                         
2000ec78  SemaphoreP_defaultParams         
2000ec80  HwiP_key                         
2000ec84  HwiP_swiPIntNum                  
2000ec88  ClockP_tickPeriod                
2000ec98  PowerCC32XX_contextSave          
2000edc4  pwmTimerCC32XXObjects            
2000ee10  ClockP_ctrl                      
2000ee38  __TI_static_base__               
2000eee8  __TI_Handler_Table_Base          
2000eef4  __TI_Handler_Table_Limit         
2000ef00  __TI_CINIT_Base                  
2000ef10  __TI_CINIT_Limit                 
ffffffff  __TI_pprof_out_hndl              
ffffffff  __TI_prof_data_size              
ffffffff  __TI_prof_data_start             
ffffffff  __binit__                        
ffffffff  __c_args__                       
ffffffff  binit                            
UNDEFED   ITM_flush                        
UNDEFED   ITM_restore                      
UNDEFED   __mpu_init                       
UNDEFED   _system_post_cinit               

[152 symbols]
