<?xml version="1.0" encoding="ISO-8859-1" ?>
<link_info>
   <banner>TI ARM Linker PC v20.2.4.LTS</banner>
   <copyright>Copyright (c) 1996-2018 Texas Instruments Incorporated</copyright>
   <link_time>0x611cee83</link_time>
   <link_errors>0x0</link_errors>
   <output_file>gpiointerrupt_CC3220S_LAUNCHXL_nortos_ccs.out</output_file>
   <entry_point>
      <name>resetISR</name>
      <address>0x20011c31</address>
   </entry_point>
   <input_file_list>
      <input_file id="fl-2">
         <path>.\</path>
         <kind>object</kind>
         <file>gpiointerrupt.obj</file>
         <name>gpiointerrupt.obj</name>
      </input_file>
      <input_file id="fl-3">
         <path>.\syscfg\</path>
         <kind>object</kind>
         <file>ti_drivers_config.obj</file>
         <name>ti_drivers_config.obj</name>
      </input_file>
      <input_file id="fl-4">
         <path>.\</path>
         <kind>object</kind>
         <file>main_nortos.obj</file>
         <name>main_nortos.obj</name>
      </input_file>
      <input_file id="fl-d">
         <kind>object</kind>
         <file>&lt;internal&gt;</file>
         <name>&lt;internal&gt;</name>
      </input_file>
      <input_file id="fl-e">
         <path>C:\ti\simplelink_cc32xx_sdk_5_20_00_06\source\ti\drivers\lib\ccs\m4\</path>
         <kind>archive</kind>
         <file>drivers_cc32xx.a</file>
         <name>I2C.oem4</name>
      </input_file>
      <input_file id="fl-f">
         <path>C:\ti\simplelink_cc32xx_sdk_5_20_00_06\source\ti\drivers\lib\ccs\m4\</path>
         <kind>archive</kind>
         <file>drivers_cc32xx.a</file>
         <name>Timer.oem4</name>
      </input_file>
      <input_file id="fl-10">
         <path>C:\ti\simplelink_cc32xx_sdk_5_20_00_06\source\ti\drivers\lib\ccs\m4\</path>
         <kind>archive</kind>
         <file>drivers_cc32xx.a</file>
         <name>UART.oem4</name>
      </input_file>
      <input_file id="fl-11">
         <path>C:\ti\simplelink_cc32xx_sdk_5_20_00_06\source\ti\drivers\lib\ccs\m4\</path>
         <kind>archive</kind>
         <file>drivers_cc32xx.a</file>
         <name>GPIOCC32XX.oem4</name>
      </input_file>
      <input_file id="fl-12">
         <path>C:\ti\simplelink_cc32xx_sdk_5_20_00_06\source\ti\drivers\lib\ccs\m4\</path>
         <kind>archive</kind>
         <file>drivers_cc32xx.a</file>
         <name>I2CCC32XX.oem4</name>
      </input_file>
      <input_file id="fl-13">
         <path>C:\ti\simplelink_cc32xx_sdk_5_20_00_06\source\ti\drivers\lib\ccs\m4\</path>
         <kind>archive</kind>
         <file>drivers_cc32xx.a</file>
         <name>PowerCC32XX.oem4</name>
      </input_file>
      <input_file id="fl-14">
         <path>C:\ti\simplelink_cc32xx_sdk_5_20_00_06\source\ti\drivers\lib\ccs\m4\</path>
         <kind>archive</kind>
         <file>drivers_cc32xx.a</file>
         <name>PowerCC32XX_asm.oem4</name>
      </input_file>
      <input_file id="fl-15">
         <path>C:\ti\simplelink_cc32xx_sdk_5_20_00_06\source\ti\drivers\lib\ccs\m4\</path>
         <kind>archive</kind>
         <file>drivers_cc32xx.a</file>
         <name>TimerCC32XX.oem4</name>
      </input_file>
      <input_file id="fl-16">
         <path>C:\ti\simplelink_cc32xx_sdk_5_20_00_06\source\ti\drivers\lib\ccs\m4\</path>
         <kind>archive</kind>
         <file>drivers_cc32xx.a</file>
         <name>UARTCC32XX.oem4</name>
      </input_file>
      <input_file id="fl-17">
         <path>C:\ti\simplelink_cc32xx_sdk_5_20_00_06\source\ti\drivers\lib\ccs\m4\</path>
         <kind>archive</kind>
         <file>drivers_cc32xx.a</file>
         <name>List.oem4</name>
      </input_file>
      <input_file id="fl-18">
         <path>C:\ti\simplelink_cc32xx_sdk_5_20_00_06\source\ti\drivers\lib\ccs\m4\</path>
         <kind>archive</kind>
         <file>drivers_cc32xx.a</file>
         <name>RingBuf.oem4</name>
      </input_file>
      <input_file id="fl-19">
         <path>C:\ti\simplelink_cc32xx_sdk_5_20_00_06\kernel\nortos\lib\ccs\m4\</path>
         <kind>archive</kind>
         <file>nortos_cc32xx.a</file>
         <name>NoRTOS.oem4</name>
      </input_file>
      <input_file id="fl-1a">
         <path>C:\ti\simplelink_cc32xx_sdk_5_20_00_06\kernel\nortos\lib\ccs\m4\</path>
         <kind>archive</kind>
         <file>nortos_cc32xx.a</file>
         <name>SemaphoreP_nortos.oem4</name>
      </input_file>
      <input_file id="fl-1b">
         <path>C:\ti\simplelink_cc32xx_sdk_5_20_00_06\kernel\nortos\lib\ccs\m4\</path>
         <kind>archive</kind>
         <file>nortos_cc32xx.a</file>
         <name>ClockPSysTick_nortos.oem4</name>
      </input_file>
      <input_file id="fl-1c">
         <path>C:\ti\simplelink_cc32xx_sdk_5_20_00_06\kernel\nortos\lib\ccs\m4\</path>
         <kind>archive</kind>
         <file>nortos_cc32xx.a</file>
         <name>HwiPCC32XX_nortos.oem4</name>
      </input_file>
      <input_file id="fl-1d">
         <path>C:\ti\simplelink_cc32xx_sdk_5_20_00_06\kernel\nortos\lib\ccs\m4\</path>
         <kind>archive</kind>
         <file>nortos_cc32xx.a</file>
         <name>PowerCC32XX_nortos.oem4</name>
      </input_file>
      <input_file id="fl-1e">
         <path>C:\ti\simplelink_cc32xx_sdk_5_20_00_06\kernel\nortos\lib\ccs\m4\</path>
         <kind>archive</kind>
         <file>nortos_cc32xx.a</file>
         <name>startup_cc32xx_ccs.oem4</name>
      </input_file>
      <input_file id="fl-1f">
         <path>C:\ti\simplelink_cc32xx_sdk_5_20_00_06\kernel\nortos\lib\ccs\m4\</path>
         <kind>archive</kind>
         <file>nortos_cc32xx.a</file>
         <name>SwiP_nortos.oem4</name>
      </input_file>
      <input_file id="fl-20">
         <path>C:\ti\simplelink_cc32xx_sdk_5_20_00_06\kernel\nortos\lib\ccs\m4\</path>
         <kind>archive</kind>
         <file>nortos_cc32xx.a</file>
         <name>QueueP_nortos.oem4</name>
      </input_file>
      <input_file id="fl-21">
         <path>C:\ti\simplelink_cc32xx_sdk_5_20_00_06\source\ti\devices\cc32xx\driverlib\ccs\Release\</path>
         <kind>archive</kind>
         <file>driverlib.a</file>
         <name>cpu.obj</name>
      </input_file>
      <input_file id="fl-22">
         <path>C:\ti\simplelink_cc32xx_sdk_5_20_00_06\source\ti\devices\cc32xx\driverlib\ccs\Release\</path>
         <kind>archive</kind>
         <file>driverlib.a</file>
         <name>i2c.obj</name>
      </input_file>
      <input_file id="fl-23">
         <path>C:\ti\simplelink_cc32xx_sdk_5_20_00_06\source\ti\devices\cc32xx\driverlib\ccs\Release\</path>
         <kind>archive</kind>
         <file>driverlib.a</file>
         <name>interrupt.obj</name>
      </input_file>
      <input_file id="fl-24">
         <path>C:\ti\simplelink_cc32xx_sdk_5_20_00_06\source\ti\devices\cc32xx\driverlib\ccs\Release\</path>
         <kind>archive</kind>
         <file>driverlib.a</file>
         <name>pin.obj</name>
      </input_file>
      <input_file id="fl-25">
         <path>C:\ti\simplelink_cc32xx_sdk_5_20_00_06\source\ti\devices\cc32xx\driverlib\ccs\Release\</path>
         <kind>archive</kind>
         <file>driverlib.a</file>
         <name>prcm.obj</name>
      </input_file>
      <input_file id="fl-26">
         <path>C:\ti\simplelink_cc32xx_sdk_5_20_00_06\source\ti\devices\cc32xx\driverlib\ccs\Release\</path>
         <kind>archive</kind>
         <file>driverlib.a</file>
         <name>timer.obj</name>
      </input_file>
      <input_file id="fl-27">
         <path>C:\ti\simplelink_cc32xx_sdk_5_20_00_06\source\ti\devices\cc32xx\driverlib\ccs\Release\</path>
         <kind>archive</kind>
         <file>driverlib.a</file>
         <name>uart.obj</name>
      </input_file>
      <input_file id="fl-28">
         <path>C:\ti\simplelink_cc32xx_sdk_5_20_00_06\source\ti\devices\cc32xx\driverlib\ccs\Release\</path>
         <kind>archive</kind>
         <file>driverlib.a</file>
         <name>utils.obj</name>
      </input_file>
      <input_file id="fl-29">
         <path>C:\ti\simplelink_cc32xx_sdk_5_20_00_06\source\ti\devices\cc32xx\driverlib\ccs\Release\</path>
         <kind>archive</kind>
         <file>driverlib.a</file>
         <name>flash.obj</name>
      </input_file>
      <input_file id="fl-df">
         <path>C:\ti\ccs1031\ccs\tools\compiler\ti-cgt-arm_20.2.4.LTS\lib\</path>
         <kind>archive</kind>
         <file>rtsv7M4_T_le_eabi.lib</file>
         <name>snprintf.c.obj</name>
      </input_file>
      <input_file id="fl-e0">
         <path>C:\ti\ccs1031\ccs\tools\compiler\ti-cgt-arm_20.2.4.LTS\lib\</path>
         <kind>archive</kind>
         <file>rtsv7M4_T_le_eabi.lib</file>
         <name>ull_div_t2.asm.obj</name>
      </input_file>
      <input_file id="fl-e1">
         <path>C:\ti\ccs1031\ccs\tools\compiler\ti-cgt-arm_20.2.4.LTS\lib\</path>
         <kind>archive</kind>
         <file>rtsv7M4_T_le_eabi.lib</file>
         <name>fs_mul_t2.asm.obj</name>
      </input_file>
      <input_file id="fl-e2">
         <path>C:\ti\ccs1031\ccs\tools\compiler\ti-cgt-arm_20.2.4.LTS\lib\</path>
         <kind>archive</kind>
         <file>rtsv7M4_T_le_eabi.lib</file>
         <name>fs_toi_t2.asm.obj</name>
      </input_file>
      <input_file id="fl-e3">
         <path>C:\ti\ccs1031\ccs\tools\compiler\ti-cgt-arm_20.2.4.LTS\lib\</path>
         <kind>archive</kind>
         <file>rtsv7M4_T_le_eabi.lib</file>
         <name>i_tofs_t2.asm.obj</name>
      </input_file>
      <input_file id="fl-e4">
         <path>C:\ti\ccs1031\ccs\tools\compiler\ti-cgt-arm_20.2.4.LTS\lib\</path>
         <kind>archive</kind>
         <file>rtsv7M4_T_le_eabi.lib</file>
         <name>ll_mul_t2.asm.obj</name>
      </input_file>
      <input_file id="fl-e5">
         <path>C:\ti\ccs1031\ccs\tools\compiler\ti-cgt-arm_20.2.4.LTS\lib\</path>
         <kind>archive</kind>
         <file>rtsv7M4_T_le_eabi.lib</file>
         <name>memcpy_t2.asm.obj</name>
      </input_file>
      <input_file id="fl-e6">
         <path>C:\ti\ccs1031\ccs\tools\compiler\ti-cgt-arm_20.2.4.LTS\lib\</path>
         <kind>archive</kind>
         <file>rtsv7M4_T_le_eabi.lib</file>
         <name>copy_zero_init.c.obj</name>
      </input_file>
      <input_file id="fl-e7">
         <path>C:\ti\ccs1031\ccs\tools\compiler\ti-cgt-arm_20.2.4.LTS\lib\</path>
         <kind>archive</kind>
         <file>rtsv7M4_T_le_eabi.lib</file>
         <name>copy_decompress_none.c.obj</name>
      </input_file>
      <input_file id="fl-e8">
         <path>C:\ti\ccs1031\ccs\tools\compiler\ti-cgt-arm_20.2.4.LTS\lib\</path>
         <kind>archive</kind>
         <file>rtsv7M4_T_le_eabi.lib</file>
         <name>copy_decompress_lzss.c.obj</name>
      </input_file>
      <input_file id="fl-e9">
         <path>C:\ti\ccs1031\ccs\tools\compiler\ti-cgt-arm_20.2.4.LTS\lib\</path>
         <kind>archive</kind>
         <file>rtsv7M4_T_le_eabi.lib</file>
         <name>memory.c.obj</name>
      </input_file>
      <input_file id="fl-ea">
         <path>C:\ti\ccs1031\ccs\tools\compiler\ti-cgt-arm_20.2.4.LTS\lib\</path>
         <kind>archive</kind>
         <file>rtsv7M4_T_le_eabi.lib</file>
         <name>boot_cortex_m.c.obj</name>
      </input_file>
      <input_file id="fl-eb">
         <path>C:\ti\ccs1031\ccs\tools\compiler\ti-cgt-arm_20.2.4.LTS\lib\</path>
         <kind>archive</kind>
         <file>rtsv7M4_T_le_eabi.lib</file>
         <name>_printfi.c.obj</name>
      </input_file>
      <input_file id="fl-ec">
         <path>C:\ti\ccs1031\ccs\tools\compiler\ti-cgt-arm_20.2.4.LTS\lib\</path>
         <kind>archive</kind>
         <file>rtsv7M4_T_le_eabi.lib</file>
         <name>s_frexp.c.obj</name>
      </input_file>
      <input_file id="fl-ed">
         <path>C:\ti\ccs1031\ccs\tools\compiler\ti-cgt-arm_20.2.4.LTS\lib\</path>
         <kind>archive</kind>
         <file>rtsv7M4_T_le_eabi.lib</file>
         <name>s_scalbn.c.obj</name>
      </input_file>
      <input_file id="fl-ee">
         <path>C:\ti\ccs1031\ccs\tools\compiler\ti-cgt-arm_20.2.4.LTS\lib\</path>
         <kind>archive</kind>
         <file>rtsv7M4_T_le_eabi.lib</file>
         <name>s_copysign.c.obj</name>
      </input_file>
      <input_file id="fl-ef">
         <path>C:\ti\ccs1031\ccs\tools\compiler\ti-cgt-arm_20.2.4.LTS\lib\</path>
         <kind>archive</kind>
         <file>rtsv7M4_T_le_eabi.lib</file>
         <name>div0.asm.obj</name>
      </input_file>
      <input_file id="fl-f0">
         <path>C:\ti\ccs1031\ccs\tools\compiler\ti-cgt-arm_20.2.4.LTS\lib\</path>
         <kind>archive</kind>
         <file>rtsv7M4_T_le_eabi.lib</file>
         <name>memset_t2.asm.obj</name>
      </input_file>
      <input_file id="fl-f1">
         <path>C:\ti\ccs1031\ccs\tools\compiler\ti-cgt-arm_20.2.4.LTS\lib\</path>
         <kind>archive</kind>
         <file>rtsv7M4_T_le_eabi.lib</file>
         <name>fd_add_t2.asm.obj</name>
      </input_file>
      <input_file id="fl-f2">
         <path>C:\ti\ccs1031\ccs\tools\compiler\ti-cgt-arm_20.2.4.LTS\lib\</path>
         <kind>archive</kind>
         <file>rtsv7M4_T_le_eabi.lib</file>
         <name>fd_cmp_t2.asm.obj</name>
      </input_file>
      <input_file id="fl-f3">
         <path>C:\ti\ccs1031\ccs\tools\compiler\ti-cgt-arm_20.2.4.LTS\lib\</path>
         <kind>archive</kind>
         <file>rtsv7M4_T_le_eabi.lib</file>
         <name>fd_div_t2.asm.obj</name>
      </input_file>
      <input_file id="fl-f4">
         <path>C:\ti\ccs1031\ccs\tools\compiler\ti-cgt-arm_20.2.4.LTS\lib\</path>
         <kind>archive</kind>
         <file>rtsv7M4_T_le_eabi.lib</file>
         <name>fd_mul_t2.asm.obj</name>
      </input_file>
      <input_file id="fl-f5">
         <path>C:\ti\ccs1031\ccs\tools\compiler\ti-cgt-arm_20.2.4.LTS\lib\</path>
         <kind>archive</kind>
         <file>rtsv7M4_T_le_eabi.lib</file>
         <name>fd_toi_t2.asm.obj</name>
      </input_file>
      <input_file id="fl-f6">
         <path>C:\ti\ccs1031\ccs\tools\compiler\ti-cgt-arm_20.2.4.LTS\lib\</path>
         <kind>archive</kind>
         <file>rtsv7M4_T_le_eabi.lib</file>
         <name>i_tofd_t2.asm.obj</name>
      </input_file>
      <input_file id="fl-f7">
         <path>C:\ti\ccs1031\ccs\tools\compiler\ti-cgt-arm_20.2.4.LTS\lib\</path>
         <kind>archive</kind>
         <file>rtsv7M4_T_le_eabi.lib</file>
         <name>autoinit.c.obj</name>
      </input_file>
      <input_file id="fl-f8">
         <path>C:\ti\ccs1031\ccs\tools\compiler\ti-cgt-arm_20.2.4.LTS\lib\</path>
         <kind>archive</kind>
         <file>rtsv7M4_T_le_eabi.lib</file>
         <name>pre_init.c.obj</name>
      </input_file>
      <input_file id="fl-f9">
         <path>C:\ti\ccs1031\ccs\tools\compiler\ti-cgt-arm_20.2.4.LTS\lib\</path>
         <kind>archive</kind>
         <file>rtsv7M4_T_le_eabi.lib</file>
         <name>cpy_tbl.c.obj</name>
      </input_file>
      <input_file id="fl-fa">
         <path>C:\ti\ccs1031\ccs\tools\compiler\ti-cgt-arm_20.2.4.LTS\lib\</path>
         <kind>archive</kind>
         <file>rtsv7M4_T_le_eabi.lib</file>
         <name>exit.c.obj</name>
      </input_file>
      <input_file id="fl-fb">
         <path>C:\ti\ccs1031\ccs\tools\compiler\ti-cgt-arm_20.2.4.LTS\lib\</path>
         <kind>archive</kind>
         <file>rtsv7M4_T_le_eabi.lib</file>
         <name>_lock.c.obj</name>
      </input_file>
      <input_file id="fl-fc">
         <path>C:\ti\ccs1031\ccs\tools\compiler\ti-cgt-arm_20.2.4.LTS\lib\</path>
         <kind>archive</kind>
         <file>rtsv7M4_T_le_eabi.lib</file>
         <name>_ltoa.c.obj</name>
      </input_file>
      <input_file id="fl-fd">
         <path>C:\ti\ccs1031\ccs\tools\compiler\ti-cgt-arm_20.2.4.LTS\lib\</path>
         <kind>archive</kind>
         <file>rtsv7M4_T_le_eabi.lib</file>
         <name>args_main.c.obj</name>
      </input_file>
      <input_file id="fl-fe">
         <path>C:\ti\ccs1031\ccs\tools\compiler\ti-cgt-arm_20.2.4.LTS\lib\</path>
         <kind>archive</kind>
         <file>rtsv7M4_T_le_eabi.lib</file>
         <name>atoi.c.obj</name>
      </input_file>
      <input_file id="fl-ff">
         <path>C:\ti\ccs1031\ccs\tools\compiler\ti-cgt-arm_20.2.4.LTS\lib\</path>
         <kind>archive</kind>
         <file>rtsv7M4_T_le_eabi.lib</file>
         <name>ctype.c.obj</name>
      </input_file>
      <input_file id="fl-100">
         <path>C:\ti\ccs1031\ccs\tools\compiler\ti-cgt-arm_20.2.4.LTS\lib\</path>
         <kind>archive</kind>
         <file>rtsv7M4_T_le_eabi.lib</file>
         <name>memccpy.c.obj</name>
      </input_file>
      <input_file id="fl-101">
         <path>C:\ti\ccs1031\ccs\tools\compiler\ti-cgt-arm_20.2.4.LTS\lib\</path>
         <kind>archive</kind>
         <file>rtsv7M4_T_le_eabi.lib</file>
         <name>strchr.c.obj</name>
      </input_file>
      <input_file id="fl-102">
         <path>C:\ti\ccs1031\ccs\tools\compiler\ti-cgt-arm_20.2.4.LTS\lib\</path>
         <kind>archive</kind>
         <file>rtsv7M4_T_le_eabi.lib</file>
         <name>strlen.c.obj</name>
      </input_file>
      <input_file id="fl-103">
         <path>C:\ti\ccs1031\ccs\tools\compiler\ti-cgt-arm_20.2.4.LTS\lib\</path>
         <kind>archive</kind>
         <file>rtsv7M4_T_le_eabi.lib</file>
         <name>errno.c.obj</name>
      </input_file>
      <input_file id="fl-104">
         <path>C:\ti\ccs1031\ccs\tools\compiler\ti-cgt-arm_20.2.4.LTS\lib\</path>
         <kind>archive</kind>
         <file>rtsv7M4_T_le_eabi.lib</file>
         <name>wcslen.c.obj</name>
      </input_file>
   </input_file_list>
   <object_component_list>
      <object_component id="oc-44d">
         <name>.text:__TI_printfi</name>
         <load_address>0x2000c040</load_address>
         <run_address>0x2000c040</run_address>
         <size>0xa4e</size>
         <input_file_ref idref="fl-eb"/>
      </object_component>
      <object_component id="oc-1df">
         <name>.text:Board_initHook</name>
         <load_address>0x2000ca8e</load_address>
         <run_address>0x2000ca8e</run_address>
         <size>0x2</size>
         <input_file_ref idref="fl-3"/>
      </object_component>
      <object_component id="oc-1d3">
         <name>.text:PRCMCC3200MCUInit</name>
         <load_address>0x2000ca90</load_address>
         <run_address>0x2000ca90</run_address>
         <size>0x42c</size>
         <input_file_ref idref="fl-25"/>
      </object_component>
      <object_component id="oc-797">
         <name>.text:UARTCC32XX_open</name>
         <load_address>0x2000cebc</load_address>
         <run_address>0x2000cebc</run_address>
         <size>0x288</size>
         <input_file_ref idref="fl-16"/>
      </object_component>
      <object_component id="oc-5fa">
         <name>.text:_pconv_a</name>
         <load_address>0x2000d144</load_address>
         <run_address>0x2000d144</run_address>
         <size>0x268</size>
         <input_file_ref idref="fl-eb"/>
      </object_component>
      <object_component id="oc-1f3">
         <name>.text:initI2C</name>
         <load_address>0x2000d3ac</load_address>
         <run_address>0x2000d3ac</run_address>
         <size>0x24c</size>
         <input_file_ref idref="fl-2"/>
      </object_component>
      <object_component id="oc-1ff">
         <name>.text:GPIO_setConfig</name>
         <load_address>0x2000d5f8</load_address>
         <run_address>0x2000d5f8</run_address>
         <size>0x1e4</size>
         <input_file_ref idref="fl-11"/>
      </object_component>
      <object_component id="oc-5e8">
         <name>.text:_pconv_g</name>
         <load_address>0x2000d7dc</load_address>
         <run_address>0x2000d7dc</run_address>
         <size>0x1cc</size>
         <input_file_ref idref="fl-eb"/>
      </object_component>
      <object_component id="oc-7f1">
         <name>.text</name>
         <load_address>0x2000d9a8</load_address>
         <run_address>0x2000d9a8</run_address>
         <size>0x1b6</size>
         <input_file_ref idref="fl-f1"/>
      </object_component>
      <object_component id="oc-30a">
         <name>.text:I2C_init</name>
         <load_address>0x2000db5e</load_address>
         <run_address>0x2000db5e</run_address>
         <size>0x2</size>
         <input_file_ref idref="fl-e"/>
      </object_component>
      <object_component id="oc-3c9">
         <name>.text:PowerCC32XX_sleepPolicy</name>
         <load_address>0x2000db60</load_address>
         <run_address>0x2000db60</run_address>
         <size>0x19c</size>
         <input_file_ref idref="fl-1d"/>
      </object_component>
      <object_component id="oc-49a">
         <name>.text:I2CCC32XX_hwiFxn</name>
         <load_address>0x2000dcfc</load_address>
         <run_address>0x2000dcfc</run_address>
         <size>0x148</size>
         <input_file_ref idref="fl-12"/>
      </object_component>
      <object_component id="oc-738">
         <name>.text:parkPins</name>
         <load_address>0x2000de44</load_address>
         <run_address>0x2000de44</run_address>
         <size>0x148</size>
         <input_file_ref idref="fl-13"/>
      </object_component>
      <object_component id="oc-5f4">
         <name>.text:_pconv_e</name>
         <load_address>0x2000df8c</load_address>
         <run_address>0x2000df8c</run_address>
         <size>0x13c</size>
         <input_file_ref idref="fl-eb"/>
      </object_component>
      <object_component id="oc-561">
         <name>.text:Power_sleep</name>
         <load_address>0x2000e0c8</load_address>
         <run_address>0x2000e0c8</run_address>
         <size>0x138</size>
         <input_file_ref idref="fl-13"/>
      </object_component>
      <object_component id="oc-337">
         <name>.text:Timer_open</name>
         <load_address>0x2000e200</load_address>
         <run_address>0x2000e200</run_address>
         <size>0x138</size>
         <input_file_ref idref="fl-15"/>
      </object_component>
      <object_component id="oc-7d7">
         <name>.text</name>
         <load_address>0x2000e338</load_address>
         <run_address>0x2000e338</run_address>
         <size>0x136</size>
         <input_file_ref idref="fl-f3"/>
      </object_component>
      <object_component id="oc-4a8">
         <name>.text:I2C_transferTimeout</name>
         <load_address>0x2000e46e</load_address>
         <run_address>0x2000e46e</run_address>
         <size>0x122</size>
         <input_file_ref idref="fl-e"/>
      </object_component>
      <object_component id="oc-785">
         <name>.text:UARTCC32XX_close</name>
         <load_address>0x2000e590</load_address>
         <run_address>0x2000e590</run_address>
         <size>0x120</size>
         <input_file_ref idref="fl-16"/>
      </object_component>
      <object_component id="oc-803">
         <name>.text:fcvt</name>
         <load_address>0x2000e6b0</load_address>
         <run_address>0x2000e6b0</run_address>
         <size>0x120</size>
         <input_file_ref idref="fl-eb"/>
      </object_component>
      <object_component id="oc-70e">
         <name>.text:aligned_alloc</name>
         <load_address>0x2000e7d0</load_address>
         <run_address>0x2000e7d0</run_address>
         <size>0x100</size>
         <input_file_ref idref="fl-e9"/>
      </object_component>
      <object_component id="oc-316">
         <name>.text:I2C_open</name>
         <load_address>0x2000e8d0</load_address>
         <run_address>0x2000e8d0</run_address>
         <size>0xfc</size>
         <input_file_ref idref="fl-12"/>
      </object_component>
      <object_component id="oc-7d2">
         <name>.text</name>
         <load_address>0x2000e9cc</load_address>
         <run_address>0x2000e9cc</run_address>
         <size>0xfc</size>
         <input_file_ref idref="fl-f4"/>
      </object_component>
      <object_component id="oc-78b">
         <name>.text:UARTCC32XX_control</name>
         <load_address>0x2000eac8</load_address>
         <run_address>0x2000eac8</run_address>
         <size>0xf2</size>
         <input_file_ref idref="fl-16"/>
      </object_component>
      <object_component id="oc-3c3">
         <name>.text:PowerCC32XX_initPolicy</name>
         <load_address>0x2000ebba</load_address>
         <run_address>0x2000ebba</run_address>
         <size>0x2</size>
         <input_file_ref idref="fl-1d"/>
      </object_component>
      <object_component id="oc-3e5">
         <name>.text:free</name>
         <load_address>0x2000ebbc</load_address>
         <run_address>0x2000ebbc</run_address>
         <size>0xe4</size>
         <input_file_ref idref="fl-e9"/>
      </object_component>
      <object_component id="oc-817">
         <name>.text:scalbn</name>
         <load_address>0x2000eca0</load_address>
         <run_address>0x2000eca0</run_address>
         <size>0xd0</size>
         <input_file_ref idref="fl-ed"/>
      </object_component>
      <object_component id="oc-7af">
         <name>.text:UARTCC32XX_write</name>
         <load_address>0x2000ed70</load_address>
         <run_address>0x2000ed70</run_address>
         <size>0xca</size>
         <input_file_ref idref="fl-16"/>
      </object_component>
      <object_component id="oc-6c2">
         <name>.text:SemaphoreP_destruct</name>
         <load_address>0x2000ee3a</load_address>
         <run_address>0x2000ee3a</run_address>
         <size>0x2</size>
         <input_file_ref idref="fl-1a"/>
      </object_component>
      <object_component id="oc-1e7">
         <name>.text:GPIO_init</name>
         <load_address>0x2000ee3c</load_address>
         <run_address>0x2000ee3c</run_address>
         <size>0xc4</size>
         <input_file_ref idref="fl-11"/>
      </object_component>
      <object_component id="oc-755">
         <name>.text:restoreParkedPins</name>
         <load_address>0x2000ef00</load_address>
         <run_address>0x2000ef00</run_address>
         <size>0xc0</size>
         <input_file_ref idref="fl-13"/>
      </object_component>
      <object_component id="oc-7a3">
         <name>.text:UARTCC32XX_readPolling</name>
         <load_address>0x2000efc0</load_address>
         <run_address>0x2000efc0</run_address>
         <size>0xba</size>
         <input_file_ref idref="fl-16"/>
      </object_component>
      <object_component id="oc-32b">
         <name>.text:Timer_init</name>
         <load_address>0x2000f07a</load_address>
         <run_address>0x2000f07a</run_address>
         <size>0x2</size>
         <input_file_ref idref="fl-f"/>
      </object_component>
      <object_component id="oc-956">
         <name>.text:initHw</name>
         <load_address>0x2000f07c</load_address>
         <run_address>0x2000f07c</run_address>
         <size>0xb8</size>
         <input_file_ref idref="fl-16"/>
      </object_component>
      <object_component id="oc-a26">
         <name>.text:readTaskCallback</name>
         <load_address>0x2000f134</load_address>
         <run_address>0x2000f134</run_address>
         <size>0xb6</size>
         <input_file_ref idref="fl-16"/>
      </object_component>
      <object_component id="oc-66d">
         <name>.text:I2CCC32XX_completeTransfer</name>
         <load_address>0x2000f1ea</load_address>
         <run_address>0x2000f1ea</run_address>
         <size>0xb2</size>
         <input_file_ref idref="fl-12"/>
      </object_component>
      <object_component id="oc-5dd">
         <name>.text:_ltostr</name>
         <load_address>0x2000f29c</load_address>
         <run_address>0x2000f29c</run_address>
         <size>0xb1</size>
         <input_file_ref idref="fl-eb"/>
      </object_component>
      <object_component id="oc-a14">
         <name>.text:readTaskBlocking</name>
         <load_address>0x2000f34e</load_address>
         <run_address>0x2000f34e</run_address>
         <size>0xb0</size>
         <input_file_ref idref="fl-16"/>
      </object_component>
      <object_component id="oc-a1a">
         <name>.text:readIsrTextBlocking</name>
         <load_address>0x2000f3fe</load_address>
         <run_address>0x2000f3fe</run_address>
         <size>0xae</size>
         <input_file_ref idref="fl-16"/>
      </object_component>
      <object_component id="oc-65b">
         <name>.text:I2CCC32XX_primeWriteBurst</name>
         <load_address>0x2000f4ac</load_address>
         <run_address>0x2000f4ac</run_address>
         <size>0xa8</size>
         <input_file_ref idref="fl-12"/>
      </object_component>
      <object_component id="oc-b5">
         <name>.text:IntEnable</name>
         <load_address>0x2000f554</load_address>
         <run_address>0x2000f554</run_address>
         <size>0xa8</size>
         <input_file_ref idref="fl-23"/>
      </object_component>
      <object_component id="oc-29e">
         <name>.text:PowerCC32XX_configureWakeup</name>
         <load_address>0x2000f5fc</load_address>
         <run_address>0x2000f5fc</run_address>
         <size>0xa8</size>
         <input_file_ref idref="fl-13"/>
      </object_component>
      <object_component id="oc-a2c">
         <name>.text:readIsrTextCallback</name>
         <load_address>0x2000f6a4</load_address>
         <run_address>0x2000f6a4</run_address>
         <size>0xa2</size>
         <input_file_ref idref="fl-16"/>
      </object_component>
      <object_component id="oc-98d">
         <name>.text:writeData</name>
         <load_address>0x2000f746</load_address>
         <run_address>0x2000f746</run_address>
         <size>0xa2</size>
         <input_file_ref idref="fl-16"/>
      </object_component>
      <object_component id="oc-2c4">
         <name>.text:SemaphoreP_pend</name>
         <load_address>0x2000f7e8</load_address>
         <run_address>0x2000f7e8</run_address>
         <size>0xa0</size>
         <input_file_ref idref="fl-1a"/>
      </object_component>
      <object_component id="oc-488">
         <name>.text:I2CCC32XX_initHw</name>
         <load_address>0x2000f888</load_address>
         <run_address>0x2000f888</run_address>
         <size>0x9c</size>
         <input_file_ref idref="fl-12"/>
      </object_component>
      <object_component id="oc-3b">
         <name>.text</name>
         <load_address>0x2000f924</load_address>
         <run_address>0x2000f924</run_address>
         <size>0x9c</size>
         <input_file_ref idref="fl-e5"/>
      </object_component>
      <object_component id="oc-2e0">
         <name>.text:powerNotifyFxn</name>
         <load_address>0x2000f9c0</load_address>
         <run_address>0x2000f9c0</run_address>
         <size>0x98</size>
         <input_file_ref idref="fl-11"/>
      </object_component>
      <object_component id="oc-55c">
         <name>.text</name>
         <load_address>0x2000fa58</load_address>
         <run_address>0x2000fa58</run_address>
         <size>0x96</size>
         <input_file_ref idref="fl-e0"/>
      </object_component>
      <object_component id="oc-791">
         <name>.text:UARTCC32XX_init</name>
         <load_address>0x2000faee</load_address>
         <run_address>0x2000faee</run_address>
         <size>0x2</size>
         <input_file_ref idref="fl-16"/>
      </object_component>
      <object_component id="oc-749">
         <name>.text:restoreNVICRegs</name>
         <load_address>0x2000faf0</load_address>
         <run_address>0x2000faf0</run_address>
         <size>0x90</size>
         <input_file_ref idref="fl-13"/>
      </object_component>
      <object_component id="oc-47c">
         <name>.text:HwiP_construct</name>
         <load_address>0x2000fb80</load_address>
         <run_address>0x2000fb80</run_address>
         <size>0x8c</size>
         <input_file_ref idref="fl-1c"/>
      </object_component>
      <object_component id="oc-911">
         <name>.text:IntPendSet</name>
         <load_address>0x2000fc0c</load_address>
         <run_address>0x2000fc0c</run_address>
         <size>0x88</size>
         <input_file_ref idref="fl-23"/>
      </object_component>
      <object_component id="oc-34b">
         <name>.text:PinConfigSet</name>
         <load_address>0x2000fc94</load_address>
         <run_address>0x2000fc94</run_address>
         <size>0x88</size>
         <input_file_ref idref="fl-24"/>
      </object_component>
      <object_component id="oc-5e3">
         <name>.text:__aeabi_cdcmple</name>
         <load_address>0x2000fd1c</load_address>
         <run_address>0x2000fd1c</run_address>
         <size>0x86</size>
         <input_file_ref idref="fl-f2"/>
      </object_component>
      <object_component id="oc-7dc">
         <name>.text:__aeabi_cdrcmple</name>
         <load_address>0x2000fda2</load_address>
         <run_address>0x2000fda2</run_address>
         <size>0x86</size>
         <input_file_ref idref="fl-f2"/>
      </object_component>
      <object_component id="oc-1d9">
         <name>.text:Power_init</name>
         <load_address>0x2000fe28</load_address>
         <run_address>0x2000fe28</run_address>
         <size>0x84</size>
         <input_file_ref idref="fl-13"/>
      </object_component>
      <object_component id="oc-73e">
         <name>.text:saveNVICRegs</name>
         <load_address>0x2000feac</load_address>
         <run_address>0x2000feac</run_address>
         <size>0x84</size>
         <input_file_ref idref="fl-13"/>
      </object_component>
      <object_component id="oc-351">
         <name>.text:Power_setDependency</name>
         <load_address>0x2000ff30</load_address>
         <run_address>0x2000ff30</run_address>
         <size>0x80</size>
         <input_file_ref idref="fl-13"/>
      </object_component>
      <object_component id="oc-a0e">
         <name>.text:readIsrBinaryBlocking</name>
         <load_address>0x2000ffb0</load_address>
         <run_address>0x2000ffb0</run_address>
         <size>0x7c</size>
         <input_file_ref idref="fl-16"/>
      </object_component>
      <object_component id="oc-655">
         <name>.text:I2CCC32XX_primeReadBurst</name>
         <load_address>0x2001002c</load_address>
         <run_address>0x2001002c</run_address>
         <size>0x7a</size>
         <input_file_ref idref="fl-12"/>
      </object_component>
      <object_component id="oc-9d">
         <name>.text</name>
         <load_address>0x200100a6</load_address>
         <run_address>0x200100a6</run_address>
         <size>0x7a</size>
         <input_file_ref idref="fl-f0"/>
      </object_component>
      <object_component id="oc-375">
         <name>.text:GPIO_hwiIntFxn</name>
         <load_address>0x20010120</load_address>
         <run_address>0x20010120</run_address>
         <size>0x78</size>
         <input_file_ref idref="fl-11"/>
      </object_component>
      <object_component id="oc-a20">
         <name>.text:readIsrBinaryCallback</name>
         <load_address>0x20010198</load_address>
         <run_address>0x20010198</run_address>
         <size>0x78</size>
         <input_file_ref idref="fl-16"/>
      </object_component>
      <object_component id="oc-965">
         <name>.text:UARTCC32XX_hwiIntFxn</name>
         <load_address>0x20010210</load_address>
         <run_address>0x20010210</run_address>
         <size>0x74</size>
         <input_file_ref idref="fl-16"/>
      </object_component>
      <object_component id="oc-8be">
         <name>.text:split</name>
         <load_address>0x20010284</load_address>
         <run_address>0x20010284</run_address>
         <size>0x70</size>
         <input_file_ref idref="fl-e9"/>
      </object_component>
      <object_component id="oc-7fc">
         <name>.text:_mcpy</name>
         <load_address>0x200102f4</load_address>
         <run_address>0x200102f4</run_address>
         <size>0x6e</size>
         <input_file_ref idref="fl-eb"/>
      </object_component>
      <object_component id="oc-688">
         <name>.text:I2CSupport_primeTransfer</name>
         <load_address>0x20010362</load_address>
         <run_address>0x20010362</run_address>
         <size>0x6a</size>
         <input_file_ref idref="fl-12"/>
      </object_component>
      <object_component id="oc-14">
         <name>.text:decompress:lzss:__TI_decompress_lzss</name>
         <load_address>0x200103cc</load_address>
         <run_address>0x200103cc</run_address>
         <size>0x68</size>
         <input_file_ref idref="fl-e8"/>
      </object_component>
      <object_component id="oc-7bb">
         <name>.text:UARTCC32XX_writeCancel</name>
         <load_address>0x20010434</load_address>
         <run_address>0x20010434</run_address>
         <size>0x66</size>
         <input_file_ref idref="fl-16"/>
      </object_component>
      <object_component id="oc-390">
         <name>.text:_nop</name>
         <load_address>0x2001049a</load_address>
         <run_address>0x2001049a</run_address>
         <size>0x2</size>
         <input_file_ref idref="fl-fb"/>
      </object_component>
      <object_component id="oc-385">
         <name>.text:GPIO_toggle</name>
         <load_address>0x2001049c</load_address>
         <run_address>0x2001049c</run_address>
         <size>0x64</size>
         <input_file_ref idref="fl-11"/>
      </object_component>
      <object_component id="oc-434">
         <name>.text:PowerCC32XX_setParkState</name>
         <load_address>0x20010500</load_address>
         <run_address>0x20010500</run_address>
         <size>0x64</size>
         <input_file_ref idref="fl-13"/>
      </object_component>
      <object_component id="oc-7b5">
         <name>.text:UARTCC32XX_writePolling</name>
         <load_address>0x20010564</load_address>
         <run_address>0x20010564</run_address>
         <size>0x62</size>
         <input_file_ref idref="fl-16"/>
      </object_component>
      <object_component id="oc-73">
         <name>.text:busFaultHandler</name>
         <load_address>0x200105c6</load_address>
         <run_address>0x200105c6</run_address>
         <size>0x2</size>
         <input_file_ref idref="fl-1e"/>
      </object_component>
      <object_component id="oc-26c">
         <name>.text:PRCMSysResetCauseGet</name>
         <load_address>0x200105c8</load_address>
         <run_address>0x200105c8</run_address>
         <size>0x60</size>
         <input_file_ref idref="fl-25"/>
      </object_component>
      <object_component id="oc-205">
         <name>.text:GPIO_setCallback</name>
         <load_address>0x20010628</load_address>
         <run_address>0x20010628</run_address>
         <size>0x5c</size>
         <input_file_ref idref="fl-11"/>
      </object_component>
      <object_component id="oc-811">
         <name>.text:frexp</name>
         <load_address>0x20010684</load_address>
         <run_address>0x20010684</run_address>
         <size>0x5c</size>
         <input_file_ref idref="fl-ec"/>
      </object_component>
      <object_component id="oc-8d1">
         <name>.text:sysTickInit</name>
         <load_address>0x200106e0</load_address>
         <run_address>0x200106e0</run_address>
         <size>0x5c</size>
         <input_file_ref idref="fl-1b"/>
      </object_component>
      <object_component id="oc-285">
         <name>.text:PRCMPeripheralReset</name>
         <load_address>0x2001073c</load_address>
         <run_address>0x2001073c</run_address>
         <size>0x58</size>
         <input_file_ref idref="fl-25"/>
      </object_component>
      <object_component id="oc-8ad">
         <name>.text:Power_releaseDependency</name>
         <load_address>0x20010794</load_address>
         <run_address>0x20010794</run_address>
         <size>0x58</size>
         <input_file_ref idref="fl-13"/>
      </object_component>
      <object_component id="oc-15f">
         <name>.text:mainThread</name>
         <load_address>0x200107ec</load_address>
         <run_address>0x200107ec</run_address>
         <size>0x58</size>
         <input_file_ref idref="fl-2"/>
      </object_component>
      <object_component id="oc-5ee">
         <name>.text:_pconv_f</name>
         <load_address>0x20010844</load_address>
         <run_address>0x20010844</run_address>
         <size>0x56</size>
         <input_file_ref idref="fl-eb"/>
      </object_component>
      <object_component id="oc-7e6">
         <name>.text:__TI_ltoa</name>
         <load_address>0x2001089a</load_address>
         <run_address>0x2001089a</run_address>
         <size>0x54</size>
         <input_file_ref idref="fl-fc"/>
      </object_component>
      <object_component id="oc-a79">
         <name>.text:ringBufGet</name>
         <load_address>0x200108ee</load_address>
         <run_address>0x200108ee</run_address>
         <size>0x54</size>
         <input_file_ref idref="fl-16"/>
      </object_component>
      <object_component id="oc-8ee">
         <name>.text:PowerCC32XX_resumeLPDS</name>
         <load_address>0x20010942</load_address>
         <run_address>0x20010942</run_address>
         <size>0x52</size>
         <input_file_ref idref="fl-14"/>
      </object_component>
      <object_component id="oc-7f6">
         <name>.text:_ecpy</name>
         <load_address>0x20010994</load_address>
         <run_address>0x20010994</run_address>
         <size>0x52</size>
         <input_file_ref idref="fl-eb"/>
      </object_component>
      <object_component id="oc-4d0">
         <name>.text:initHw</name>
         <load_address>0x200109e6</load_address>
         <run_address>0x200109e6</run_address>
         <size>0x52</size>
         <input_file_ref idref="fl-15"/>
      </object_component>
      <object_component id="oc-79">
         <name>.text:ClockP_sysTickHandler</name>
         <load_address>0x20010a38</load_address>
         <run_address>0x20010a38</run_address>
         <size>0x50</size>
         <input_file_ref idref="fl-1b"/>
      </object_component>
      <object_component id="oc-582">
         <name>.text:SemaphoreP_construct</name>
         <load_address>0x20010a88</load_address>
         <run_address>0x20010a88</run_address>
         <size>0x50</size>
         <input_file_ref idref="fl-1a"/>
      </object_component>
      <object_component id="oc-4b8">
         <name>.text:TimerCC32XX_allocateTimerResource</name>
         <load_address>0x20010ad8</load_address>
         <run_address>0x20010ad8</run_address>
         <size>0x50</size>
         <input_file_ref idref="fl-15"/>
      </object_component>
      <object_component id="oc-1f9">
         <name>.text:initTimer</name>
         <load_address>0x20010b28</load_address>
         <run_address>0x20010b28</run_address>
         <size>0x50</size>
         <input_file_ref idref="fl-2"/>
      </object_component>
      <object_component id="oc-20b">
         <name>.text:GPIO_enableInt</name>
         <load_address>0x20010b78</load_address>
         <run_address>0x20010b78</run_address>
         <size>0x4c</size>
         <input_file_ref idref="fl-11"/>
      </object_component>
      <object_component id="oc-649">
         <name>.text:I2CCC32XX_readRecieveFifo</name>
         <load_address>0x20010bc4</load_address>
         <run_address>0x20010bc4</run_address>
         <size>0x4c</size>
         <input_file_ref idref="fl-12"/>
      </object_component>
      <object_component id="oc-8e5">
         <name>.text:PowerCC32XX_parkPin</name>
         <load_address>0x20010c10</load_address>
         <run_address>0x20010c10</run_address>
         <size>0x4c</size>
         <input_file_ref idref="fl-13"/>
      </object_component>
      <object_component id="oc-5d7">
         <name>.text:atoi</name>
         <load_address>0x20010c5c</load_address>
         <run_address>0x20010c5c</run_address>
         <size>0x4c</size>
         <input_file_ref idref="fl-fe"/>
      </object_component>
      <object_component id="oc-74f">
         <name>.text:restorePeriphClocks</name>
         <load_address>0x20010ca8</load_address>
         <run_address>0x20010ca8</run_address>
         <size>0x4c</size>
         <input_file_ref idref="fl-13"/>
      </object_component>
      <object_component id="oc-2fe">
         <name>.text:snprintf</name>
         <load_address>0x20010cf4</load_address>
         <run_address>0x20010cf4</run_address>
         <size>0x4c</size>
         <input_file_ref idref="fl-df"/>
      </object_component>
      <object_component id="oc-909">
         <name>.text:FlashDisable</name>
         <load_address>0x20010d40</load_address>
         <run_address>0x20010d40</run_address>
         <size>0x48</size>
         <input_file_ref idref="fl-29"/>
      </object_component>
      <object_component id="oc-75b">
         <name>.text:PRCMLPDSEnter</name>
         <load_address>0x20010d88</load_address>
         <run_address>0x20010d88</run_address>
         <size>0x48</size>
         <input_file_ref idref="fl-25"/>
      </object_component>
      <object_component id="oc-27f">
         <name>.text:PRCMPeripheralClkEnable</name>
         <load_address>0x20010dd0</load_address>
         <run_address>0x20010dd0</run_address>
         <size>0x48</size>
         <input_file_ref idref="fl-25"/>
      </object_component>
      <object_component id="oc-86b">
         <name>.text:Power_releaseConstraint</name>
         <load_address>0x20010e18</load_address>
         <run_address>0x20010e18</run_address>
         <size>0x48</size>
         <input_file_ref idref="fl-13"/>
      </object_component>
      <object_component id="oc-7e1">
         <name>.text</name>
         <load_address>0x20010e60</load_address>
         <run_address>0x20010e60</run_address>
         <size>0x48</size>
         <input_file_ref idref="fl-f5"/>
      </object_component>
      <object_component id="oc-a66">
         <name>.text:RingBuf_put</name>
         <load_address>0x20010ea8</load_address>
         <run_address>0x20010ea8</run_address>
         <size>0x46</size>
         <input_file_ref idref="fl-18"/>
      </object_component>
      <object_component id="oc-4ca">
         <name>.text:getPrescaler</name>
         <load_address>0x20010eee</load_address>
         <run_address>0x20010eee</run_address>
         <size>0x46</size>
         <input_file_ref idref="fl-15"/>
      </object_component>
      <object_component id="oc-5aa">
         <name>.text:ClockP_stop</name>
         <load_address>0x20010f34</load_address>
         <run_address>0x20010f34</run_address>
         <size>0x44</size>
         <input_file_ref idref="fl-1b"/>
      </object_component>
      <object_component id="oc-8f3">
         <name>.text:PRCMLPDSRestoreInfoSet</name>
         <load_address>0x20010f78</load_address>
         <run_address>0x20010f78</run_address>
         <size>0x44</size>
         <input_file_ref idref="fl-25"/>
      </object_component>
      <object_component id="oc-744">
         <name>.text:PowerCC32XX_enterLPDS</name>
         <load_address>0x20010fbc</load_address>
         <run_address>0x20010fbc</run_address>
         <size>0x44</size>
         <input_file_ref idref="fl-14"/>
      </object_component>
      <object_component id="oc-2d0">
         <name>.text:SemaphoreP_post</name>
         <load_address>0x20011000</load_address>
         <run_address>0x20011000</run_address>
         <size>0x44</size>
         <input_file_ref idref="fl-1a"/>
      </object_component>
      <object_component id="oc-572">
         <name>.text:SwiP_restore</name>
         <load_address>0x20011044</load_address>
         <run_address>0x20011044</run_address>
         <size>0x44</size>
         <input_file_ref idref="fl-1f"/>
      </object_component>
      <object_component id="oc-33d">
         <name>.text:Timer_start</name>
         <load_address>0x20011088</load_address>
         <run_address>0x20011088</run_address>
         <size>0x44</size>
         <input_file_ref idref="fl-f"/>
      </object_component>
      <object_component id="oc-2ea">
         <name>.text:UART_init</name>
         <load_address>0x200110cc</load_address>
         <run_address>0x200110cc</run_address>
         <size>0x44</size>
         <input_file_ref idref="fl-10"/>
      </object_component>
      <object_component id="oc-172">
         <name>.text:__TI_auto_init_nobinit_nopinit:__TI_auto_init_nobinit_nopinit</name>
         <load_address>0x20011110</load_address>
         <run_address>0x20011110</run_address>
         <size>0x44</size>
         <input_file_ref idref="fl-f7"/>
      </object_component>
      <object_component id="oc-1ed">
         <name>.text:initUART</name>
         <load_address>0x20011154</load_address>
         <run_address>0x20011154</run_address>
         <size>0x44</size>
         <input_file_ref idref="fl-2"/>
      </object_component>
      <object_component id="oc-9fd">
         <name>.text:ClockP_construct</name>
         <load_address>0x20011198</load_address>
         <run_address>0x20011198</run_address>
         <size>0x40</size>
         <input_file_ref idref="fl-1b"/>
      </object_component>
      <object_component id="oc-297">
         <name>.text:PinModeSet</name>
         <load_address>0x200111d8</load_address>
         <run_address>0x200111d8</run_address>
         <size>0x40</size>
         <input_file_ref idref="fl-24"/>
      </object_component>
      <object_component id="oc-97f">
         <name>.text:RingBuf_get</name>
         <load_address>0x20011218</load_address>
         <run_address>0x20011218</run_address>
         <size>0x40</size>
         <input_file_ref idref="fl-18"/>
      </object_component>
      <object_component id="oc-4ea">
         <name>.text:TimerSupport_timerEnable</name>
         <load_address>0x20011258</load_address>
         <run_address>0x20011258</run_address>
         <size>0x40</size>
         <input_file_ref idref="fl-15"/>
      </object_component>
      <object_component id="oc-4c4">
         <name>.text:Timer_close</name>
         <load_address>0x20011298</load_address>
         <run_address>0x20011298</run_address>
         <size>0x40</size>
         <input_file_ref idref="fl-15"/>
      </object_component>
      <object_component id="oc-79d">
         <name>.text:UARTCC32XX_read</name>
         <load_address>0x200112d8</load_address>
         <run_address>0x200112d8</run_address>
         <size>0x40</size>
         <input_file_ref idref="fl-16"/>
      </object_component>
      <object_component id="oc-2f6">
         <name>.text:UART_open</name>
         <load_address>0x20011318</load_address>
         <run_address>0x20011318</run_address>
         <size>0x40</size>
         <input_file_ref idref="fl-10"/>
      </object_component>
      <object_component id="oc-809">
         <name>.text:_fcpy</name>
         <load_address>0x20011358</load_address>
         <run_address>0x20011358</run_address>
         <size>0x3e</size>
         <input_file_ref idref="fl-eb"/>
      </object_component>
      <object_component id="oc-40a">
         <name>.text:clkFxn</name>
         <load_address>0x20011396</load_address>
         <run_address>0x20011396</run_address>
         <size>0x2</size>
         <input_file_ref idref="fl-1a"/>
      </object_component>
      <object_component id="oc-404">
         <name>.text:ClockP_destruct</name>
         <load_address>0x20011398</load_address>
         <run_address>0x20011398</run_address>
         <size>0x3c</size>
         <input_file_ref idref="fl-1b"/>
      </object_component>
      <object_component id="oc-701">
         <name>.text:Power_setConstraint</name>
         <load_address>0x200113d4</load_address>
         <run_address>0x200113d4</run_address>
         <size>0x3c</size>
         <input_file_ref idref="fl-13"/>
      </object_component>
      <object_component id="oc-556">
         <name>.text:getCountsRTC</name>
         <load_address>0x20011410</load_address>
         <run_address>0x20011410</run_address>
         <size>0x3a</size>
         <input_file_ref idref="fl-1d"/>
      </object_component>
      <object_component id="oc-6d">
         <name>.text:defaultHandler</name>
         <load_address>0x2001144a</load_address>
         <run_address>0x2001144a</run_address>
         <size>0x2</size>
         <input_file_ref idref="fl-1e"/>
      </object_component>
      <object_component id="oc-761">
         <name>.text:PRCMLPDSEnterKeepDebugIf</name>
         <load_address>0x2001144c</load_address>
         <run_address>0x2001144c</run_address>
         <size>0x38</size>
         <input_file_ref idref="fl-25"/>
      </object_component>
      <object_component id="oc-db">
         <name>.text:addToList</name>
         <load_address>0x20011484</load_address>
         <run_address>0x20011484</run_address>
         <size>0x38</size>
         <input_file_ref idref="fl-1b"/>
      </object_component>
      <object_component id="oc-59">
         <name>.text:initVectors</name>
         <load_address>0x200114bc</load_address>
         <run_address>0x200114bc</run_address>
         <size>0x38</size>
         <input_file_ref idref="fl-1e"/>
      </object_component>
      <object_component id="oc-732">
         <name>.text:notify</name>
         <load_address>0x200114f4</load_address>
         <run_address>0x200114f4</run_address>
         <size>0x38</size>
         <input_file_ref idref="fl-13"/>
      </object_component>
      <object_component id="oc-6e2">
         <name>.text:TimerControlStall</name>
         <load_address>0x2001152c</load_address>
         <run_address>0x2001152c</run_address>
         <size>0x36</size>
         <input_file_ref idref="fl-26"/>
      </object_component>
      <object_component id="oc-6b0">
         <name>.text:Timer_stop</name>
         <load_address>0x20011562</load_address>
         <run_address>0x20011562</run_address>
         <size>0x36</size>
         <input_file_ref idref="fl-f"/>
      </object_component>
      <object_component id="oc-7a9">
         <name>.text:UARTCC32XX_readCancel</name>
         <load_address>0x20011598</load_address>
         <run_address>0x20011598</run_address>
         <size>0x36</size>
         <input_file_ref idref="fl-16"/>
      </object_component>
      <object_component id="oc-67">
         <name>.text:faultISR</name>
         <load_address>0x200115ce</load_address>
         <run_address>0x200115ce</run_address>
         <size>0x2</size>
         <input_file_ref idref="fl-1e"/>
      </object_component>
      <object_component id="oc-544">
         <name>.text:ClockP_getTicksUntilInterrupt</name>
         <load_address>0x200115d0</load_address>
         <run_address>0x200115d0</run_address>
         <size>0x34</size>
         <input_file_ref idref="fl-1b"/>
      </object_component>
      <object_component id="oc-723">
         <name>.text:ClockP_startup</name>
         <load_address>0x20011604</load_address>
         <run_address>0x20011604</run_address>
         <size>0x34</size>
         <input_file_ref idref="fl-1b"/>
      </object_component>
      <object_component id="oc-291">
         <name>.text:PinModeGet</name>
         <load_address>0x20011638</load_address>
         <run_address>0x20011638</run_address>
         <size>0x34</size>
         <input_file_ref idref="fl-24"/>
      </object_component>
      <object_component id="oc-923">
         <name>.text:PowerCC32XX_restoreParkState</name>
         <load_address>0x2001166c</load_address>
         <run_address>0x2001166c</run_address>
         <size>0x34</size>
         <input_file_ref idref="fl-13"/>
      </object_component>
      <object_component id="oc-6c8">
         <name>.text:TimerCC32XX_freeTimerResource</name>
         <load_address>0x200116a0</load_address>
         <run_address>0x200116a0</run_address>
         <size>0x34</size>
         <input_file_ref idref="fl-15"/>
      </object_component>
      <object_component id="oc-4e2">
         <name>.text:TimerCC32XX_hwiIntFunction</name>
         <load_address>0x200116d4</load_address>
         <run_address>0x200116d4</run_address>
         <size>0x34</size>
         <input_file_ref idref="fl-15"/>
      </object_component>
      <object_component id="oc-6a5">
         <name>.text:getPowerMgrId</name>
         <load_address>0x20011708</load_address>
         <run_address>0x20011708</run_address>
         <size>0x34</size>
         <input_file_ref idref="fl-15"/>
      </object_component>
      <object_component id="oc-3f2">
         <name>.text:ClockP_start</name>
         <load_address>0x2001173c</load_address>
         <run_address>0x2001173c</run_address>
         <size>0x30</size>
         <input_file_ref idref="fl-1b"/>
      </object_component>
      <object_component id="oc-902">
         <name>.text:PowerCC32XX_restoreParkedPin</name>
         <load_address>0x2001176c</load_address>
         <run_address>0x2001176c</run_address>
         <size>0x30</size>
         <input_file_ref idref="fl-13"/>
      </object_component>
      <object_component id="oc-453">
         <name>.text:_outs</name>
         <load_address>0x2001179c</load_address>
         <run_address>0x2001179c</run_address>
         <size>0x30</size>
         <input_file_ref idref="fl-df"/>
      </object_component>
      <object_component id="oc-7ec">
         <name>.text</name>
         <load_address>0x200117cc</load_address>
         <run_address>0x200117cc</run_address>
         <size>0x2e</size>
         <input_file_ref idref="fl-f6"/>
      </object_component>
      <object_component id="oc-61">
         <name>.text:nmiISR</name>
         <load_address>0x200117fa</load_address>
         <run_address>0x200117fa</run_address>
         <size>0x2</size>
         <input_file_ref idref="fl-1e"/>
      </object_component>
      <object_component id="oc-944">
         <name>.text:PowerCC32XX_getParkState</name>
         <load_address>0x200117fc</load_address>
         <run_address>0x200117fc</run_address>
         <size>0x2c</size>
         <input_file_ref idref="fl-13"/>
      </object_component>
      <object_component id="oc-35d">
         <name>.text:HwiP_create</name>
         <load_address>0x20011828</load_address>
         <run_address>0x20011828</run_address>
         <size>0x2a</size>
         <input_file_ref idref="fl-1c"/>
      </object_component>
      <object_component id="oc-6dc">
         <name>.text:TimerLoadSet</name>
         <load_address>0x20011852</load_address>
         <run_address>0x20011852</run_address>
         <size>0x2a</size>
         <input_file_ref idref="fl-26"/>
      </object_component>
      <object_component id="oc-6d6">
         <name>.text:TimerPrescaleSet</name>
         <load_address>0x2001187c</load_address>
         <run_address>0x2001187c</run_address>
         <size>0x2a</size>
         <input_file_ref idref="fl-26"/>
      </object_component>
      <object_component id="oc-661">
         <name>.text:I2CFIFODataPutNonBlocking</name>
         <load_address>0x200118a6</load_address>
         <run_address>0x200118a6</run_address>
         <size>0x28</size>
         <input_file_ref idref="fl-22"/>
      </object_component>
      <object_component id="oc-72c">
         <name>.text</name>
         <load_address>0x200118ce</load_address>
         <run_address>0x200118ce</run_address>
         <size>0x2</size>
         <input_file_ref idref="fl-ef"/>
      </object_component>
      <object_component id="oc-28b">
         <name>.text:PRCMPeripheralClkDisable</name>
         <load_address>0x200118d0</load_address>
         <run_address>0x200118d0</run_address>
         <size>0x28</size>
         <input_file_ref idref="fl-25"/>
      </object_component>
      <object_component id="oc-2ca">
         <name>.text:Power_registerNotify</name>
         <load_address>0x200118f8</load_address>
         <run_address>0x200118f8</run_address>
         <size>0x28</size>
         <input_file_ref idref="fl-13"/>
      </object_component>
      <object_component id="oc-5a2">
         <name>.text:free_list_insert</name>
         <load_address>0x20011920</load_address>
         <run_address>0x20011920</run_address>
         <size>0x28</size>
         <input_file_ref idref="fl-e9"/>
      </object_component>
      <object_component id="oc-847">
         <name>.text:I2CFIFODataGetNonBlocking</name>
         <load_address>0x20011948</load_address>
         <run_address>0x20011948</run_address>
         <size>0x26</size>
         <input_file_ref idref="fl-22"/>
      </object_component>
      <object_component id="oc-694">
         <name>.text:I2C_cancel</name>
         <load_address>0x2001196e</load_address>
         <run_address>0x2001196e</run_address>
         <size>0x26</size>
         <input_file_ref idref="fl-e"/>
      </object_component>
      <object_component id="oc-414">
         <name>.text:List_put</name>
         <load_address>0x20011994</load_address>
         <run_address>0x20011994</run_address>
         <size>0x26</size>
         <input_file_ref idref="fl-17"/>
      </object_component>
      <object_component id="oc-89e">
         <name>.text:List_remove</name>
         <load_address>0x200119ba</load_address>
         <run_address>0x200119ba</run_address>
         <size>0x26</size>
         <input_file_ref idref="fl-17"/>
      </object_component>
      <object_component id="oc-628">
         <name>.text:HwiP_dispatch</name>
         <load_address>0x200119e0</load_address>
         <run_address>0x200119e0</run_address>
         <size>0x24</size>
         <input_file_ref idref="fl-1c"/>
      </object_component>
      <object_component id="oc-93e">
         <name>.text:PowerCC32XX_reset</name>
         <load_address>0x20011a04</load_address>
         <run_address>0x20011a04</run_address>
         <size>0x24</size>
         <input_file_ref idref="fl-13"/>
      </object_component>
      <object_component id="oc-897">
         <name>.text:TimerSupport_timerDisable</name>
         <load_address>0x20011a28</load_address>
         <run_address>0x20011a28</run_address>
         <size>0x24</size>
         <input_file_ref idref="fl-15"/>
      </object_component>
      <object_component id="oc-c5">
         <name>.text:_c_int00_noargs:_c_int00_noargs</name>
         <load_address>0x20011a4c</load_address>
         <run_address>0x20011a4c</run_address>
         <size>0x24</size>
         <input_file_ref idref="fl-ea"/>
      </object_component>
      <object_component id="oc-84f">
         <name>.text:I2CMasterSlaveAddrSet</name>
         <load_address>0x20011a70</load_address>
         <run_address>0x20011a70</run_address>
         <size>0x22</size>
         <input_file_ref idref="fl-22"/>
      </object_component>
      <object_component id="oc-8a5">
         <name>.text:HwiP_destruct</name>
         <load_address>0x20011a92</load_address>
         <run_address>0x20011a92</run_address>
         <size>0x20</size>
         <input_file_ref idref="fl-1c"/>
      </object_component>
      <object_component id="oc-6b6">
         <name>.text:Power_unregisterNotify</name>
         <load_address>0x20011ab4</load_address>
         <run_address>0x20011ab4</run_address>
         <size>0x20</size>
         <input_file_ref idref="fl-13"/>
      </object_component>
      <object_component id="oc-92a">
         <name>.text:RingBuf_peek</name>
         <load_address>0x20011ad4</load_address>
         <run_address>0x20011ad4</run_address>
         <size>0x20</size>
         <input_file_ref idref="fl-18"/>
      </object_component>
      <object_component id="oc-938">
         <name>.text:getPowerMgrId</name>
         <load_address>0x20011af4</load_address>
         <run_address>0x20011af4</run_address>
         <size>0x20</size>
         <input_file_ref idref="fl-16"/>
      </object_component>
      <object_component id="oc-63d">
         <name>.text:I2CMasterIntStatusEx</name>
         <load_address>0x20011b14</load_address>
         <run_address>0x20011b14</run_address>
         <size>0x1e</size>
         <input_file_ref idref="fl-22"/>
      </object_component>
      <object_component id="oc-482">
         <name>.text:SemaphoreP_constructBinary</name>
         <load_address>0x20011b32</load_address>
         <run_address>0x20011b32</run_address>
         <size>0x1e</size>
         <input_file_ref idref="fl-1a"/>
      </object_component>
      <object_component id="oc-6d0">
         <name>.text:TimerDisable</name>
         <load_address>0x20011b50</load_address>
         <run_address>0x20011b50</run_address>
         <size>0x1e</size>
         <input_file_ref idref="fl-26"/>
      </object_component>
      <object_component id="oc-707">
         <name>.text:TimerEnable</name>
         <load_address>0x20011b6e</load_address>
         <run_address>0x20011b6e</run_address>
         <size>0x1e</size>
         <input_file_ref idref="fl-26"/>
      </object_component>
      <object_component id="oc-8df">
         <name>.text:PinToPadGet</name>
         <load_address>0x20011b8c</load_address>
         <run_address>0x20011b8c</run_address>
         <size>0x1c</size>
         <input_file_ref idref="fl-24"/>
      </object_component>
      <object_component id="oc-538">
         <name>.text:SwiP_disable</name>
         <load_address>0x20011ba8</load_address>
         <run_address>0x20011ba8</run_address>
         <size>0x1c</size>
         <input_file_ref idref="fl-1f"/>
      </object_component>
      <object_component id="oc-59c">
         <name>.text:free_list_remove</name>
         <load_address>0x20011bc4</load_address>
         <run_address>0x20011bc4</run_address>
         <size>0x1c</size>
         <input_file_ref idref="fl-e9"/>
      </object_component>
      <object_component id="oc-600">
         <name>.text:memccpy</name>
         <load_address>0x20011be0</load_address>
         <run_address>0x20011be0</run_address>
         <size>0x1c</size>
         <input_file_ref idref="fl-100"/>
      </object_component>
      <object_component id="oc-950">
         <name>.text:ClockP_create</name>
         <load_address>0x20011bfc</load_address>
         <run_address>0x20011bfc</run_address>
         <size>0x1a</size>
         <input_file_ref idref="fl-1b"/>
      </object_component>
      <object_component id="oc-2ac">
         <name>.text:SemaphoreP_createBinary</name>
         <load_address>0x20011c16</load_address>
         <run_address>0x20011c16</run_address>
         <size>0x1a</size>
         <input_file_ref idref="fl-1a"/>
      </object_component>
      <object_component id="oc-21">
         <name>.text:resetISR</name>
         <load_address>0x20011c30</load_address>
         <run_address>0x20011c30</run_address>
         <size>0x1a</size>
         <input_file_ref idref="fl-1e"/>
      </object_component>
      <object_component id="oc-880">
         <name>.text:I2CMasterBusBusy</name>
         <load_address>0x20011c4a</load_address>
         <run_address>0x20011c4a</run_address>
         <size>0x18</size>
         <input_file_ref idref="fl-22"/>
      </object_component>
      <object_component id="oc-64f">
         <name>.text:I2CMasterIntDisableEx</name>
         <load_address>0x20011c62</load_address>
         <run_address>0x20011c62</run_address>
         <size>0x18</size>
         <input_file_ref idref="fl-22"/>
      </object_component>
      <object_component id="oc-861">
         <name>.text:I2CMasterIntEnableEx</name>
         <load_address>0x20011c7a</load_address>
         <run_address>0x20011c7a</run_address>
         <size>0x18</size>
         <input_file_ref idref="fl-22"/>
      </object_component>
      <object_component id="oc-87a">
         <name>.text:I2CRxFIFOFlush</name>
         <load_address>0x20011c92</load_address>
         <run_address>0x20011c92</run_address>
         <size>0x18</size>
         <input_file_ref idref="fl-22"/>
      </object_component>
      <object_component id="oc-874">
         <name>.text:I2CTxFIFOFlush</name>
         <load_address>0x20011caa</load_address>
         <run_address>0x20011caa</run_address>
         <size>0x18</size>
         <input_file_ref idref="fl-22"/>
      </object_component>
      <object_component id="oc-54a">
         <name>.text:Power_getTransitionLatency</name>
         <load_address>0x20011cc4</load_address>
         <run_address>0x20011cc4</run_address>
         <size>0x18</size>
         <input_file_ref idref="fl-13"/>
      </object_component>
      <object_component id="oc-774">
         <name>.text:Power_idleFunc</name>
         <load_address>0x20011cdc</load_address>
         <run_address>0x20011cdc</run_address>
         <size>0x18</size>
         <input_file_ref idref="fl-13"/>
      </object_component>
      <object_component id="oc-9db">
         <name>.text:TimerIntDisable</name>
         <load_address>0x20011cf4</load_address>
         <run_address>0x20011cf4</run_address>
         <size>0x18</size>
         <input_file_ref idref="fl-26"/>
      </object_component>
      <object_component id="oc-6fb">
         <name>.text:TimerIntEnable</name>
         <load_address>0x20011d0c</load_address>
         <run_address>0x20011d0c</run_address>
         <size>0x18</size>
         <input_file_ref idref="fl-26"/>
      </object_component>
      <object_component id="oc-987">
         <name>.text:UARTBusy</name>
         <load_address>0x20011d24</load_address>
         <run_address>0x20011d24</run_address>
         <size>0x18</size>
         <input_file_ref idref="fl-27"/>
      </object_component>
      <object_component id="oc-a41">
         <name>.text:UARTIntEnable</name>
         <load_address>0x20011d3c</load_address>
         <run_address>0x20011d3c</run_address>
         <size>0x18</size>
         <input_file_ref idref="fl-27"/>
      </object_component>
      <object_component id="oc-2f0">
         <name>.text:UART_Params_init</name>
         <load_address>0x20011d54</load_address>
         <run_address>0x20011d54</run_address>
         <size>0x18</size>
         <input_file_ref idref="fl-10"/>
      </object_component>
      <object_component id="oc-459">
         <name>.text:_outc</name>
         <load_address>0x20011d6c</load_address>
         <run_address>0x20011d6c</run_address>
         <size>0x18</size>
         <input_file_ref idref="fl-df"/>
      </object_component>
      <object_component id="oc-211">
         <name>.text:gpioButtonFxn0</name>
         <load_address>0x20011d84</load_address>
         <run_address>0x20011d84</run_address>
         <size>0x18</size>
         <input_file_ref idref="fl-2"/>
      </object_component>
      <object_component id="oc-567">
         <name>.text</name>
         <load_address>0x20011d9c</load_address>
         <run_address>0x20011d9c</run_address>
         <size>0x18</size>
         <input_file_ref idref="fl-e4"/>
      </object_component>
      <object_component id="oc-343">
         <name>.text:timerCallback</name>
         <load_address>0x20011db4</load_address>
         <run_address>0x20011db4</run_address>
         <size>0x18</size>
         <input_file_ref idref="fl-2"/>
      </object_component>
      <object_component id="oc-85b">
         <name>.text:I2CMasterBurstLengthSet</name>
         <load_address>0x20011dcc</load_address>
         <run_address>0x20011dcc</run_address>
         <size>0x16</size>
         <input_file_ref idref="fl-22"/>
      </object_component>
      <object_component id="oc-279">
         <name>.text:PRCMHIBRegRead</name>
         <load_address>0x20011de2</load_address>
         <run_address>0x20011de2</run_address>
         <size>0x16</size>
         <input_file_ref idref="fl-25"/>
      </object_component>
      <object_component id="oc-273">
         <name>.text:PRCMHIBRegWrite</name>
         <load_address>0x20011df8</load_address>
         <run_address>0x20011df8</run_address>
         <size>0x16</size>
         <input_file_ref idref="fl-25"/>
      </object_component>
      <object_component id="oc-3da">
         <name>.text:SemaphoreP_create</name>
         <load_address>0x20011e0e</load_address>
         <run_address>0x20011e0e</run_address>
         <size>0x16</size>
         <input_file_ref idref="fl-1a"/>
      </object_component>
      <object_component id="oc-81d">
         <name>.text:strchr</name>
         <load_address>0x20011e24</load_address>
         <run_address>0x20011e24</run_address>
         <size>0x16</size>
         <input_file_ref idref="fl-101"/>
      </object_component>
      <object_component id="oc-a3">
         <name>.text:CPUcpsid</name>
         <load_address>0x20011e3a</load_address>
         <run_address>0x20011e3a</run_address>
         <size>0x14</size>
         <input_file_ref idref="fl-21"/>
      </object_component>
      <object_component id="oc-41b">
         <name>.text:HwiP_inISR</name>
         <load_address>0x20011e50</load_address>
         <run_address>0x20011e50</run_address>
         <size>0x14</size>
         <input_file_ref idref="fl-1c"/>
      </object_component>
      <object_component id="oc-888">
         <name>.text:I2CSupport_masterFinish</name>
         <load_address>0x20011e64</load_address>
         <run_address>0x20011e64</run_address>
         <size>0x14</size>
         <input_file_ref idref="fl-12"/>
      </object_component>
      <object_component id="oc-31c">
         <name>.text:I2C_transfer</name>
         <load_address>0x20011e78</load_address>
         <run_address>0x20011e78</run_address>
         <size>0x14</size>
         <input_file_ref idref="fl-e"/>
      </object_component>
      <object_component id="oc-af">
         <name>.text:IntVTableBaseSet</name>
         <load_address>0x20011e8c</load_address>
         <run_address>0x20011e8c</run_address>
         <size>0x14</size>
         <input_file_ref idref="fl-23"/>
      </object_component>
      <object_component id="oc-421">
         <name>.text:Power_disablePolicy</name>
         <load_address>0x20011ea0</load_address>
         <run_address>0x20011ea0</run_address>
         <size>0x14</size>
         <input_file_ref idref="fl-13"/>
      </object_component>
      <object_component id="oc-8fb">
         <name>.text:Power_getDependencyCount</name>
         <load_address>0x20011eb4</load_address>
         <run_address>0x20011eb4</run_address>
         <size>0x14</size>
         <input_file_ref idref="fl-13"/>
      </object_component>
      <object_component id="oc-a3b">
         <name>.text:releasePowerConstraint</name>
         <load_address>0x20011ec8</load_address>
         <run_address>0x20011ec8</run_address>
         <size>0x14</size>
         <input_file_ref idref="fl-16"/>
      </object_component>
      <object_component id="oc-5d1">
         <name>.text:strlen</name>
         <load_address>0x20011edc</load_address>
         <run_address>0x20011edc</run_address>
         <size>0x14</size>
         <input_file_ref idref="fl-102"/>
      </object_component>
      <object_component id="oc-357">
         <name>.text:HwiP_Params_init</name>
         <load_address>0x20011ef0</load_address>
         <run_address>0x20011ef0</run_address>
         <size>0x12</size>
         <input_file_ref idref="fl-1c"/>
      </object_component>
      <object_component id="oc-643">
         <name>.text:I2CMasterIntClearEx</name>
         <load_address>0x20011f02</load_address>
         <run_address>0x20011f02</run_address>
         <size>0x12</size>
         <input_file_ref idref="fl-22"/>
      </object_component>
      <object_component id="oc-932">
         <name>.text:RingBuf_construct</name>
         <load_address>0x20011f14</load_address>
         <run_address>0x20011f14</run_address>
         <size>0x12</size>
         <input_file_ref idref="fl-18"/>
      </object_component>
      <object_component id="oc-6f2">
         <name>.text:TimerIntClear</name>
         <load_address>0x20011f26</load_address>
         <run_address>0x20011f26</run_address>
         <size>0x12</size>
         <input_file_ref idref="fl-26"/>
      </object_component>
      <object_component id="oc-11a">
         <name>.text:main</name>
         <load_address>0x20011f38</load_address>
         <run_address>0x20011f38</run_address>
         <size>0x12</size>
         <input_file_ref idref="fl-4"/>
      </object_component>
      <object_component id="oc-606">
         <name>.text:wcslen</name>
         <load_address>0x20011f4a</load_address>
         <run_address>0x20011f4a</run_address>
         <size>0x12</size>
         <input_file_ref idref="fl-104"/>
      </object_component>
      <object_component id="oc-153">
         <name>.text:Board_init</name>
         <load_address>0x20011f5c</load_address>
         <run_address>0x20011f5c</run_address>
         <size>0x10</size>
         <input_file_ref idref="fl-3"/>
      </object_component>
      <object_component id="oc-3ec">
         <name>.text:ClockP_add</name>
         <load_address>0x20011f6c</load_address>
         <run_address>0x20011f6c</run_address>
         <size>0x10</size>
         <input_file_ref idref="fl-1b"/>
      </object_component>
      <object_component id="oc-91d">
         <name>.text:ClockP_delete</name>
         <load_address>0x20011f7c</load_address>
         <run_address>0x20011f7c</run_address>
         <size>0x10</size>
         <input_file_ref idref="fl-1b"/>
      </object_component>
      <object_component id="oc-4be">
         <name>.text:ClockP_getCpuFreq</name>
         <load_address>0x20011f8c</load_address>
         <run_address>0x20011f8c</run_address>
         <size>0x10</size>
         <input_file_ref idref="fl-1b"/>
      </object_component>
      <object_component id="oc-550">
         <name>.text:ClockP_getSystemTicks</name>
         <load_address>0x20011f9c</load_address>
         <run_address>0x20011f9c</run_address>
         <size>0x10</size>
         <input_file_ref idref="fl-1b"/>
      </object_component>
      <object_component id="oc-56c">
         <name>.text:ClockP_setTicks</name>
         <load_address>0x20011fac</load_address>
         <run_address>0x20011fac</run_address>
         <size>0x10</size>
         <input_file_ref idref="fl-1b"/>
      </object_component>
      <object_component id="oc-6bc">
         <name>.text:HwiP_delete</name>
         <load_address>0x20011fbc</load_address>
         <run_address>0x20011fbc</run_address>
         <size>0x10</size>
         <input_file_ref idref="fl-1c"/>
      </object_component>
      <object_component id="oc-2b8">
         <name>.text:HwiP_restore</name>
         <load_address>0x20011fcc</load_address>
         <run_address>0x20011fcc</run_address>
         <size>0x10</size>
[...]
      </symbol>
      <symbol id="sm-a9c">
         <name>HwiP_post</name>
         <value>0x2001215b</value>
         <object_component_ref idref="oc-76a"/>
      </symbol>
      <symbol id="sm-a9d">
         <name>HwiP_enable</name>
         <value>0x20012067</value>
         <object_component_ref idref="oc-159"/>
      </symbol>
      <symbol id="sm-a9e">
         <name>HwiP_restore</name>
         <value>0x20011fcd</value>
         <object_component_ref idref="oc-2b8"/>
      </symbol>
      <symbol id="sm-a9f">
         <name>HwiP_disableInterrupt</name>
         <value>0x20012059</value>
         <object_component_ref idref="oc-682"/>
      </symbol>
      <symbol id="sm-acf">
         <name>PowerCC32XX_initPolicy</name>
         <value>0x2000ebbb</value>
         <object_component_ref idref="oc-3c3"/>
      </symbol>
      <symbol id="sm-ad0">
         <name>PowerCC32XX_sleepPolicy</name>
         <value>0x2000db61</value>
         <object_component_ref idref="oc-3c9"/>
      </symbol>
      <symbol id="sm-b25">
         <name>resetISR</name>
         <value>0x20011c31</value>
         <object_component_ref idref="oc-21"/>
      </symbol>
      <symbol id="sm-b26">
         <name>resetVectorAddr</name>
         <value>0x20011c44</value>
         <object_component_ref idref="oc-21"/>
      </symbol>
      <symbol id="sm-b27">
         <name>initVectors</name>
         <value>0x200114bd</value>
         <object_component_ref idref="oc-59"/>
      </symbol>
      <symbol id="sm-b28">
         <name>resetVectors</name>
         <value>0x20004000</value>
         <object_component_ref idref="oc-27"/>
      </symbol>
      <symbol id="sm-b58">
         <name>SwiP_disable</name>
         <value>0x20011ba9</value>
         <object_component_ref idref="oc-538"/>
      </symbol>
      <symbol id="sm-b59">
         <name>SwiP_restore</name>
         <value>0x20011045</value>
         <object_component_ref idref="oc-572"/>
      </symbol>
      <symbol id="sm-b64">
         <name>CPUcpsid</name>
         <value>0x20011e3b</value>
         <object_component_ref idref="oc-a3"/>
      </symbol>
      <symbol id="sm-bd1">
         <name>I2CRxFIFOFlush</name>
         <value>0x20011c93</value>
         <object_component_ref idref="oc-87a"/>
      </symbol>
      <symbol id="sm-bd2">
         <name>I2CTxFIFOFlush</name>
         <value>0x20011cab</value>
         <object_component_ref idref="oc-874"/>
      </symbol>
      <symbol id="sm-bd3">
         <name>I2CFIFODataPutNonBlocking</name>
         <value>0x200118a7</value>
         <object_component_ref idref="oc-661"/>
      </symbol>
      <symbol id="sm-bd4">
         <name>I2CMasterBusBusy</name>
         <value>0x20011c4b</value>
         <object_component_ref idref="oc-880"/>
      </symbol>
      <symbol id="sm-bd5">
         <name>I2CMasterIntDisableEx</name>
         <value>0x20011c63</value>
         <object_component_ref idref="oc-64f"/>
      </symbol>
      <symbol id="sm-bd6">
         <name>I2CMasterBurstLengthSet</name>
         <value>0x20011dcd</value>
         <object_component_ref idref="oc-85b"/>
      </symbol>
      <symbol id="sm-bd7">
         <name>I2CMasterIntClearEx</name>
         <value>0x20011f03</value>
         <object_component_ref idref="oc-643"/>
      </symbol>
      <symbol id="sm-bd8">
         <name>I2CMasterSlaveAddrSet</name>
         <value>0x20011a71</value>
         <object_component_ref idref="oc-84f"/>
      </symbol>
      <symbol id="sm-bd9">
         <name>I2CMasterIntEnableEx</name>
         <value>0x20011c7b</value>
         <object_component_ref idref="oc-861"/>
      </symbol>
      <symbol id="sm-bda">
         <name>I2CFIFOStatus</name>
         <value>0x20011fdd</value>
         <object_component_ref idref="oc-667"/>
      </symbol>
      <symbol id="sm-bdb">
         <name>I2CMasterIntStatusEx</name>
         <value>0x20011b15</value>
         <object_component_ref idref="oc-63d"/>
      </symbol>
      <symbol id="sm-bdc">
         <name>I2CFIFODataGetNonBlocking</name>
         <value>0x20011949</value>
         <object_component_ref idref="oc-847"/>
      </symbol>
      <symbol id="sm-c21">
         <name>IntVTableBaseSet</name>
         <value>0x20011e8d</value>
         <object_component_ref idref="oc-af"/>
      </symbol>
      <symbol id="sm-c22">
         <name>IntEnable</name>
         <value>0x2000f555</value>
         <object_component_ref idref="oc-b5"/>
      </symbol>
      <symbol id="sm-c23">
         <name>IntMasterDisable</name>
         <value>0x20012109</value>
         <object_component_ref idref="oc-53"/>
      </symbol>
      <symbol id="sm-c24">
         <name>IntPendSet</name>
         <value>0x2000fc0d</value>
         <object_component_ref idref="oc-911"/>
      </symbol>
      <symbol id="sm-c5e">
         <name>PinModeGet</name>
         <value>0x20011639</value>
         <object_component_ref idref="oc-291"/>
      </symbol>
      <symbol id="sm-c5f">
         <name>PinConfigSet</name>
         <value>0x2000fc95</value>
         <object_component_ref idref="oc-34b"/>
      </symbol>
      <symbol id="sm-c60">
         <name>PinModeSet</name>
         <value>0x200111d9</value>
         <object_component_ref idref="oc-297"/>
      </symbol>
      <symbol id="sm-c61">
         <name>PinToPadGet</name>
         <value>0x20011b8d</value>
         <object_component_ref idref="oc-8df"/>
      </symbol>
      <symbol id="sm-d2a">
         <name>PRCMLPDSRestoreInfoSet</name>
         <value>0x20010f79</value>
         <object_component_ref idref="oc-8f3"/>
      </symbol>
      <symbol id="sm-d2b">
         <name>PRCMPeripheralReset</name>
         <value>0x2001073d</value>
         <object_component_ref idref="oc-285"/>
      </symbol>
      <symbol id="sm-d2c">
         <name>PRCMLPDSEnter</name>
         <value>0x20010d89</value>
         <object_component_ref idref="oc-75b"/>
      </symbol>
      <symbol id="sm-d2d">
         <name>PRCMPeripheralClkEnable</name>
         <value>0x20010dd1</value>
         <object_component_ref idref="oc-27f"/>
      </symbol>
      <symbol id="sm-d2e">
         <name>PRCMLPDSEnterKeepDebugIf</name>
         <value>0x2001144d</value>
         <object_component_ref idref="oc-761"/>
      </symbol>
      <symbol id="sm-d2f">
         <name>PRCMCC3200MCUInit</name>
         <value>0x2000ca91</value>
         <object_component_ref idref="oc-1d3"/>
      </symbol>
      <symbol id="sm-d30">
         <name>PRCMHIBRegWrite</name>
         <value>0x20011df9</value>
         <object_component_ref idref="oc-273"/>
      </symbol>
      <symbol id="sm-d31">
         <name>PRCMSysResetCauseGet</name>
         <value>0x200105c9</value>
         <object_component_ref idref="oc-26c"/>
      </symbol>
      <symbol id="sm-d32">
         <name>PRCMPeripheralClkDisable</name>
         <value>0x200118d1</value>
         <object_component_ref idref="oc-28b"/>
      </symbol>
      <symbol id="sm-d33">
         <name>PRCMHIBRegRead</name>
         <value>0x20011de3</value>
         <object_component_ref idref="oc-279"/>
      </symbol>
      <symbol id="sm-d7b">
         <name>TimerLoadSet</name>
         <value>0x20011853</value>
         <object_component_ref idref="oc-6dc"/>
      </symbol>
      <symbol id="sm-d7c">
         <name>TimerDisable</name>
         <value>0x20011b51</value>
         <object_component_ref idref="oc-6d0"/>
      </symbol>
      <symbol id="sm-d7d">
         <name>TimerEnable</name>
         <value>0x20011b6f</value>
         <object_component_ref idref="oc-707"/>
      </symbol>
      <symbol id="sm-d7e">
         <name>TimerIntDisable</name>
         <value>0x20011cf5</value>
         <object_component_ref idref="oc-9db"/>
      </symbol>
      <symbol id="sm-d7f">
         <name>TimerPrescaleSet</name>
         <value>0x2001187d</value>
         <object_component_ref idref="oc-6d6"/>
      </symbol>
      <symbol id="sm-d80">
         <name>TimerControlStall</name>
         <value>0x2001152d</value>
         <object_component_ref idref="oc-6e2"/>
      </symbol>
      <symbol id="sm-d81">
         <name>TimerIntEnable</name>
         <value>0x20011d0d</value>
         <object_component_ref idref="oc-6fb"/>
      </symbol>
      <symbol id="sm-d82">
         <name>TimerIntClear</name>
         <value>0x20011f27</value>
         <object_component_ref idref="oc-6f2"/>
      </symbol>
      <symbol id="sm-d96">
         <name>UARTBusy</name>
         <value>0x20011d25</value>
         <object_component_ref idref="oc-987"/>
      </symbol>
      <symbol id="sm-d97">
         <name>UARTIntEnable</name>
         <value>0x20011d3d</value>
         <object_component_ref idref="oc-a41"/>
      </symbol>
      <symbol id="sm-d9b">
         <name>UtilsDelay</name>
         <value>0x20012151</value>
         <object_component_ref idref="oc-272"/>
      </symbol>
      <symbol id="sm-dab">
         <name>FlashDisable</name>
         <value>0x20010d41</value>
         <object_component_ref idref="oc-909"/>
      </symbol>
      <symbol id="sm-dda">
         <name>snprintf</name>
         <value>0x20010cf5</value>
         <object_component_ref idref="oc-2fe"/>
      </symbol>
      <symbol id="sm-de7">
         <name>__aeabi_uldivmod</name>
         <value>0x2000fa59</value>
         <object_component_ref idref="oc-55c"/>
      </symbol>
      <symbol id="sm-df3">
         <name>__aeabi_lmul</name>
         <value>0x20011d9d</value>
         <object_component_ref idref="oc-567"/>
      </symbol>
      <symbol id="sm-e0e">
         <name>memcpy</name>
         <value>0x2000f925</value>
         <object_component_ref idref="oc-3b"/>
      </symbol>
      <symbol id="sm-e0f">
         <name>__aeabi_memcpy</name>
         <value>0x2000f925</value>
         <object_component_ref idref="oc-3b"/>
      </symbol>
      <symbol id="sm-e10">
         <name>__aeabi_memcpy8</name>
         <value>0x2000f925</value>
         <object_component_ref idref="oc-3b"/>
      </symbol>
      <symbol id="sm-e11">
         <name>__aeabi_memcpy4</name>
         <value>0x2000f925</value>
         <object_component_ref idref="oc-3b"/>
      </symbol>
      <symbol id="sm-e23">
         <name>__TI_zero_init</name>
         <value>0x200120d1</value>
         <object_component_ref idref="oc-4d"/>
      </symbol>
      <symbol id="sm-e3a">
         <name>__TI_decompress_none</name>
         <value>0x2001209f</value>
         <object_component_ref idref="oc-1a"/>
      </symbol>
      <symbol id="sm-e5d">
         <name>__TI_decompress_lzss</name>
         <value>0x200103cd</value>
         <object_component_ref idref="oc-14"/>
      </symbol>
      <symbol id="sm-ee6">
         <name>_sys_memory</name>
         <value>0x20004040</value>
         <object_component_ref idref="oc-2a"/>
      </symbol>
      <symbol id="sm-ee7">
         <name>free</name>
         <value>0x2000ebbd</value>
         <object_component_ref idref="oc-3e5"/>
      </symbol>
      <symbol id="sm-ee8">
         <name>memalign</name>
         <value>0x2000e7d1</value>
         <object_component_ref idref="oc-70e"/>
      </symbol>
      <symbol id="sm-ee9">
         <name>malloc</name>
         <value>0x2001212d</value>
         <object_component_ref idref="oc-4f5"/>
      </symbol>
      <symbol id="sm-eea">
         <name>aligned_alloc</name>
         <value>0x2000e7d1</value>
         <object_component_ref idref="oc-70e"/>
      </symbol>
      <symbol id="sm-efc">
         <name>__stack</name>
         <value>0x20003000</value>
         <object_component_ref idref="oc-2d"/>
      </symbol>
      <symbol id="sm-efd">
         <name>_c_int00_noargs</name>
         <value>0x20011a4d</value>
         <object_component_ref idref="oc-c5"/>
      </symbol>
      <symbol id="sm-1062">
         <name>__TI_printfi</name>
         <value>0x2000c041</value>
         <object_component_ref idref="oc-44d"/>
      </symbol>
      <symbol id="sm-1082">
         <name>frexpl</name>
         <value>0x20010685</value>
         <object_component_ref idref="oc-811"/>
      </symbol>
      <symbol id="sm-1083">
         <name>frexp</name>
         <value>0x20010685</value>
         <object_component_ref idref="oc-811"/>
      </symbol>
      <symbol id="sm-10a1">
         <name>scalbn</name>
         <value>0x2000eca1</value>
         <object_component_ref idref="oc-817"/>
      </symbol>
      <symbol id="sm-10a2">
         <name>scalbnl</name>
         <value>0x2000eca1</value>
         <object_component_ref idref="oc-817"/>
      </symbol>
      <symbol id="sm-10a3">
         <name>ldexpl</name>
         <value>0x2000eca1</value>
         <object_component_ref idref="oc-817"/>
      </symbol>
      <symbol id="sm-10a4">
         <name>ldexp</name>
         <value>0x2000eca1</value>
         <object_component_ref idref="oc-817"/>
      </symbol>
      <symbol id="sm-10ae">
         <name>copysign</name>
         <value>0x200120c5</value>
         <object_component_ref idref="oc-9b4"/>
      </symbol>
      <symbol id="sm-10af">
         <name>copysignl</name>
         <value>0x200120c5</value>
         <object_component_ref idref="oc-9b4"/>
      </symbol>
      <symbol id="sm-10b9">
         <name>__aeabi_idiv0</name>
         <value>0x200118cf</value>
         <object_component_ref idref="oc-72c"/>
      </symbol>
      <symbol id="sm-10ba">
         <name>__aeabi_ldiv0</name>
         <value>0x200118cf</value>
         <object_component_ref idref="oc-72c"/>
      </symbol>
      <symbol id="sm-10c9">
         <name>__aeabi_memset</name>
         <value>0x200100a9</value>
         <object_component_ref idref="oc-9d"/>
      </symbol>
      <symbol id="sm-10ca">
         <name>memset</name>
         <value>0x200100af</value>
         <object_component_ref idref="oc-9d"/>
      </symbol>
      <symbol id="sm-10cb">
         <name>__aeabi_memset8</name>
         <value>0x200100a9</value>
         <object_component_ref idref="oc-9d"/>
      </symbol>
      <symbol id="sm-10cc">
         <name>__aeabi_memset4</name>
         <value>0x200100a9</value>
         <object_component_ref idref="oc-9d"/>
      </symbol>
      <symbol id="sm-10cd">
         <name>__aeabi_memclr8</name>
         <value>0x200100a7</value>
         <object_component_ref idref="oc-9d"/>
      </symbol>
      <symbol id="sm-10ce">
         <name>__aeabi_memclr4</name>
         <value>0x200100a7</value>
         <object_component_ref idref="oc-9d"/>
      </symbol>
      <symbol id="sm-10cf">
         <name>__aeabi_memclr</name>
         <value>0x200100a7</value>
         <object_component_ref idref="oc-9d"/>
      </symbol>
      <symbol id="sm-10e6">
         <name>__aeabi_dsub</name>
         <value>0x2000d9a9</value>
         <object_component_ref idref="oc-7f1"/>
      </symbol>
      <symbol id="sm-10e7">
         <name>__aeabi_dadd</name>
         <value>0x2000d9b3</value>
         <object_component_ref idref="oc-7f1"/>
      </symbol>
      <symbol id="sm-1109">
         <name>__aeabi_cdcmpeq</name>
         <value>0x2000fd1d</value>
         <object_component_ref idref="oc-5e3"/>
      </symbol>
      <symbol id="sm-110a">
         <name>__aeabi_cdcmple</name>
         <value>0x2000fd1d</value>
         <object_component_ref idref="oc-5e3"/>
      </symbol>
      <symbol id="sm-110b">
         <name>__aeabi_cdrcmple</name>
         <value>0x2000fda3</value>
         <object_component_ref idref="oc-7dc"/>
      </symbol>
      <symbol id="sm-111f">
         <name>__aeabi_ddiv</name>
         <value>0x2000e339</value>
         <object_component_ref idref="oc-7d7"/>
      </symbol>
      <symbol id="sm-112a">
         <name>__aeabi_dmul</name>
         <value>0x2000e9cd</value>
         <object_component_ref idref="oc-7d2"/>
      </symbol>
      <symbol id="sm-1134">
         <name>__aeabi_d2iz</name>
         <value>0x20010e61</value>
         <object_component_ref idref="oc-7e1"/>
      </symbol>
      <symbol id="sm-113e">
         <name>__aeabi_i2d</name>
         <value>0x200117cd</value>
         <object_component_ref idref="oc-7ec"/>
      </symbol>
      <symbol id="sm-1166">
         <name>__TI_auto_init_nobinit_nopinit</name>
         <value>0x20011111</value>
         <object_component_ref idref="oc-172"/>
      </symbol>
      <symbol id="sm-1170">
         <name>_system_pre_init</name>
         <value>0x20012163</value>
         <object_component_ref idref="oc-114"/>
      </symbol>
      <symbol id="sm-117c">
         <name>C$$EXIT</name>
         <value>0x20012167</value>
         <object_component_ref idref="oc-166"/>
      </symbol>
      <symbol id="sm-117d">
         <name>abort</name>
         <value>0x20012167</value>
         <object_component_ref idref="oc-166"/>
      </symbol>
      <symbol id="sm-1192">
         <name>_nop</name>
         <value>0x2001049b</value>
         <object_component_ref idref="oc-390"/>
      </symbol>
      <symbol id="sm-1193">
         <name>_lock</name>
         <value>0x20012700</value>
         <object_component_ref idref="oc-21f"/>
      </symbol>
      <symbol id="sm-1194">
         <name>_unlock</name>
         <value>0x20012704</value>
         <object_component_ref idref="oc-21f"/>
      </symbol>
      <symbol id="sm-11a3">
         <name>__TI_ltoa</name>
         <value>0x2001089b</value>
         <object_component_ref idref="oc-7e6"/>
      </symbol>
      <symbol id="sm-11ba">
         <name>atoi</name>
         <value>0x20010c5d</value>
         <object_component_ref idref="oc-5d7"/>
      </symbol>
      <symbol id="sm-11c5">
         <name>_ctypes_</name>
         <value>0x2001272c</value>
         <object_component_ref idref="oc-7cb"/>
      </symbol>
      <symbol id="sm-11d5">
         <name>memccpy</name>
         <value>0x20011be1</value>
         <object_component_ref idref="oc-600"/>
      </symbol>
      <symbol id="sm-11e5">
         <name>strchr</name>
         <value>0x20011e25</value>
         <object_component_ref idref="oc-81d"/>
      </symbol>
      <symbol id="sm-11f3">
         <name>strlen</name>
         <value>0x20011edd</value>
         <object_component_ref idref="oc-5d1"/>
      </symbol>
      <symbol id="sm-1209">
         <name>__aeabi_errno_addr</name>
         <value>0x20012125</value>
         <object_component_ref idref="oc-60c"/>
      </symbol>
      <symbol id="sm-120a">
         <name>errno</name>
         <value>0x20012728</value>
         <object_component_ref idref="oc-82d"/>
      </symbol>
      <symbol id="sm-1223">
         <name>wcslen</name>
         <value>0x20011f4b</value>
         <object_component_ref idref="oc-606"/>
      </symbol>
      <symbol id="sm-1224">
         <name>__TI_static_base__</name>
         <value>0x20013058</value>
      </symbol>
      <symbol id="sm-1227">
         <name>ITM_flush</name>
         <value>0x0</value>
      </symbol>
      <symbol id="sm-1228">
         <name>ITM_restore</name>
         <value>0x0</value>
      </symbol>
      <symbol id="sm-1229">
         <name>__mpu_init</name>
         <value>0x0</value>
      </symbol>
      <symbol id="sm-122a">
         <name>_system_post_cinit</name>
         <value>0x0</value>
      </symbol>
      <symbol id="sm-122b">
         <name>NoRTOS_start</name>
         <value>0x20012067</value>
      </symbol>
   </symbol_table>
   <title>Link successful</title>
</link_info>
