******************************************************************************
                  TI ARM Linker PC v20.2.4                     
******************************************************************************
>> Linked Wed Aug 18 07:26:59 2021

OUTPUT FILE NAME:   <gpiointerrupt_CC3220S_LAUNCHXL_nortos_ccs.out>
ENTRY POINT SYMBOL: "resetISR"  address: 20011c31


MEMORY CONFIGURATION

         name            origin    length      used     unused   attr    fill
----------------------  --------  ---------  --------  --------  ----  --------
  SRAM2                 20000000   00004000  0000130c  00002cf4  RW X
  SRAM                  20004000   0003c000  0000f140  0002cec0  RW X
  LOG_DATA              90000000   00040000  00000000  00040000  R   


SEGMENT ALLOCATION MAP

run origin  load origin   length   init length attrs members
----------  ----------- ---------- ----------- ----- -------
20003000    20003000    00001000   00000000    rw-
  20003000    20003000    00001000   00000000    rw- .stack
20004000    20004000    00000040   00000040    r--
  20004000    20004000    00000040   00000040    r-- .resetVecs
20004040    20004040    00008000   00000000    rw-
  20004040    20004040    00008000   00000000    rw- .sysmem
2000c040    2000c040    0000612a   0000612a    r-x
  2000c040    2000c040    0000612a   0000612a    r-x .text
2001216c    2001216c    000005c0   00000000    rw-
  2001216c    2001216c    000005c0   00000000    rw- .data
2001272c    2001272c    00000502   00000502    r--
  2001272c    2001272c    00000502   00000502    r-- .const
20012c30    20012c30    00000424   00000000    rw-
  20012c30    20012c30    00000424   00000000    rw- .bss
20013058    20013058    000000f0   000000f0    r--
  20013058    20013058    000000f0   000000f0    r-- .cinit


SECTION ALLOCATION MAP

 output                                  attributes/
section   page    origin      length       input sections
--------  ----  ----------  ----------   ----------------
.text      0    2000c040    0000612a     
                  2000c040    00000a4e     rtsv7M4_T_le_eabi.lib : _printfi.c.obj (.text:__TI_printfi)
                  2000ca8e    00000002     ti_drivers_config.obj (.text:Board_initHook)
                  2000ca90    0000042c     driverlib.a : prcm.obj (.text:PRCMCC3200MCUInit)
                  2000cebc    00000288     drivers_cc32xx.a : UARTCC32XX.oem4 (.text:UARTCC32XX_open)
                  2000d144    00000268     rtsv7M4_T_le_eabi.lib : _printfi.c.obj (.text:_pconv_a)
                  2000d3ac    0000024c     gpiointerrupt.obj (.text:initI2C)
                  2000d5f8    000001e4     drivers_cc32xx.a : GPIOCC32XX.oem4 (.text:GPIO_setConfig)
                  2000d7dc    000001cc     rtsv7M4_T_le_eabi.lib : _printfi.c.obj (.text:_pconv_g)
                  2000d9a8    000001b6                           : fd_add_t2.asm.obj (.text)
                  2000db5e    00000002     drivers_cc32xx.a : I2C.oem4 (.text:I2C_init)
                  2000db60    0000019c     nortos_cc32xx.a : PowerCC32XX_nortos.oem4 (.text:PowerCC32XX_sleepPolicy)
                  2000dcfc    00000148     drivers_cc32xx.a : I2CCC32XX.oem4 (.text:I2CCC32XX_hwiFxn)
                  2000de44    00000148                      : PowerCC32XX.oem4 (.text:parkPins)
                  2000df8c    0000013c     rtsv7M4_T_le_eabi.lib : _printfi.c.obj (.text:_pconv_e)
                  2000e0c8    00000138     drivers_cc32xx.a : PowerCC32XX.oem4 (.text:Power_sleep)
                  2000e200    00000138                      : TimerCC32XX.oem4 (.text:Timer_open)
                  2000e338    00000136     rtsv7M4_T_le_eabi.lib : fd_div_t2.asm.obj (.text)
                  2000e46e    00000122     drivers_cc32xx.a : I2C.oem4 (.text:I2C_transferTimeout)
                  2000e590    00000120                      : UARTCC32XX.oem4 (.text:UARTCC32XX_close)
                  2000e6b0    00000120     rtsv7M4_T_le_eabi.lib : _printfi.c.obj (.text:fcvt)
                  2000e7d0    00000100                           : memory.c.obj (.text:aligned_alloc)
                  2000e8d0    000000fc     drivers_cc32xx.a : I2CCC32XX.oem4 (.text:I2C_open)
                  2000e9cc    000000fc     rtsv7M4_T_le_eabi.lib : fd_mul_t2.asm.obj (.text)
                  2000eac8    000000f2     drivers_cc32xx.a : UARTCC32XX.oem4 (.text:UARTCC32XX_control)
                  2000ebba    00000002     nortos_cc32xx.a : PowerCC32XX_nortos.oem4 (.text:PowerCC32XX_initPolicy)
                  2000ebbc    000000e4     rtsv7M4_T_le_eabi.lib : memory.c.obj (.text:free)
                  2000eca0    000000d0                           : s_scalbn.c.obj (.text:scalbn)
                  2000ed70    000000ca     drivers_cc32xx.a : UARTCC32XX.oem4 (.text:UARTCC32XX_write)
                  2000ee3a    00000002     nortos_cc32xx.a : SemaphoreP_nortos.oem4 (.text:SemaphoreP_destruct)
                  2000ee3c    000000c4     drivers_cc32xx.a : GPIOCC32XX.oem4 (.text:GPIO_init)
                  2000ef00    000000c0                      : PowerCC32XX.oem4 (.text:restoreParkedPins)
                  2000efc0    000000ba                      : UARTCC32XX.oem4 (.text:UARTCC32XX_readPolling)
                  2000f07a    00000002                      : Timer.oem4 (.text:Timer_init)
                  2000f07c    000000b8                      : UARTCC32XX.oem4 (.text:initHw)
                  2000f134    000000b6                      : UARTCC32XX.oem4 (.text:readTaskCallback)
                  2000f1ea    000000b2                      : I2CCC32XX.oem4 (.text:I2CCC32XX_completeTransfer)
                  2000f29c    000000b1     rtsv7M4_T_le_eabi.lib : _printfi.c.obj (.text:_ltostr)
                  2000f34d    00000001     --HOLE-- [fill = 0]
                  2000f34e    000000b0     drivers_cc32xx.a : UARTCC32XX.oem4 (.text:readTaskBlocking)
                  2000f3fe    000000ae                      : UARTCC32XX.oem4 (.text:readIsrTextBlocking)
                  2000f4ac    000000a8                      : I2CCC32XX.oem4 (.text:I2CCC32XX_primeWriteBurst)
                  2000f554    000000a8     driverlib.a : interrupt.obj (.text:IntEnable)
                  2000f5fc    000000a8     drivers_cc32xx.a : PowerCC32XX.oem4 (.text:PowerCC32XX_configureWakeup)
                  2000f6a4    000000a2                      : UARTCC32XX.oem4 (.text:readIsrTextCallback)
                  2000f746    000000a2                      : UARTCC32XX.oem4 (.text:writeData)
                  2000f7e8    000000a0     nortos_cc32xx.a : SemaphoreP_nortos.oem4 (.text:SemaphoreP_pend)
                  2000f888    0000009c     drivers_cc32xx.a : I2CCC32XX.oem4 (.text:I2CCC32XX_initHw)
                  2000f924    0000009c     rtsv7M4_T_le_eabi.lib : memcpy_t2.asm.obj (.text)
                  2000f9c0    00000098     drivers_cc32xx.a : GPIOCC32XX.oem4 (.text:powerNotifyFxn)
                  2000fa58    00000096     rtsv7M4_T_le_eabi.lib : ull_div_t2.asm.obj (.text)
                  2000faee    00000002     drivers_cc32xx.a : UARTCC32XX.oem4 (.text:UARTCC32XX_init)
                  2000faf0    00000090                      : PowerCC32XX.oem4 (.text:restoreNVICRegs)
                  2000fb80    0000008c     nortos_cc32xx.a : HwiPCC32XX_nortos.oem4 (.text:HwiP_construct)
                  2000fc0c    00000088     driverlib.a : interrupt.obj (.text:IntPendSet)
                  2000fc94    00000088                 : pin.obj (.text:PinConfigSet)
                  2000fd1c    00000086     rtsv7M4_T_le_eabi.lib : fd_cmp_t2.asm.obj (.text:__aeabi_cdcmple)
                  2000fda2    00000086                           : fd_cmp_t2.asm.obj (.text:__aeabi_cdrcmple)
                  2000fe28    00000084     drivers_cc32xx.a : PowerCC32XX.oem4 (.text:Power_init)
                  2000feac    00000084                      : PowerCC32XX.oem4 (.text:saveNVICRegs)
                  2000ff30    00000080                      : PowerCC32XX.oem4 (.text:Power_setDependency)
                  2000ffb0    0000007c                      : UARTCC32XX.oem4 (.text:readIsrBinaryBlocking)
                  2001002c    0000007a                      : I2CCC32XX.oem4 (.text:I2CCC32XX_primeReadBurst)
                  200100a6    0000007a     rtsv7M4_T_le_eabi.lib : memset_t2.asm.obj (.text)
                  20010120    00000078     drivers_cc32xx.a : GPIOCC32XX.oem4 (.text:GPIO_hwiIntFxn)
                  20010198    00000078                      : UARTCC32XX.oem4 (.text:readIsrBinaryCallback)
                  20010210    00000074                      : UARTCC32XX.oem4 (.text:UARTCC32XX_hwiIntFxn)
                  20010284    00000070     rtsv7M4_T_le_eabi.lib : memory.c.obj (.text:split)
                  200102f4    0000006e                           : _printfi.c.obj (.text:_mcpy)
                  20010362    0000006a     drivers_cc32xx.a : I2CCC32XX.oem4 (.text:I2CSupport_primeTransfer)
                  200103cc    00000068     rtsv7M4_T_le_eabi.lib : copy_decompress_lzss.c.obj (.text:decompress:lzss:__TI_decompress_lzss)
                  20010434    00000066     drivers_cc32xx.a : UARTCC32XX.oem4 (.text:UARTCC32XX_writeCancel)
                  2001049a    00000002     rtsv7M4_T_le_eabi.lib : _lock.c.obj (.text:_nop)
                  2001049c    00000064     drivers_cc32xx.a : GPIOCC32XX.oem4 (.text:GPIO_toggle)
                  20010500    00000064                      : PowerCC32XX.oem4 (.text:PowerCC32XX_setParkState)
                  20010564    00000062                      : UARTCC32XX.oem4 (.text:UARTCC32XX_writePolling)
                  200105c6    00000002     nortos_cc32xx.a : startup_cc32xx_ccs.oem4 (.text:busFaultHandler)
                  200105c8    00000060     driverlib.a : prcm.obj (.text:PRCMSysResetCauseGet)
                  20010628    0000005c     drivers_cc32xx.a : GPIOCC32XX.oem4 (.text:GPIO_setCallback)
                  20010684    0000005c     rtsv7M4_T_le_eabi.lib : s_frexp.c.obj (.text:frexp)
                  200106e0    0000005c     nortos_cc32xx.a : ClockPSysTick_nortos.oem4 (.text:sysTickInit)
                  2001073c    00000058     driverlib.a : prcm.obj (.text:PRCMPeripheralReset)
                  20010794    00000058     drivers_cc32xx.a : PowerCC32XX.oem4 (.text:Power_releaseDependency)
                  200107ec    00000058     gpiointerrupt.obj (.text:mainThread)
                  20010844    00000056     rtsv7M4_T_le_eabi.lib : _printfi.c.obj (.text:_pconv_f)
                  2001089a    00000054                           : _ltoa.c.obj (.text:__TI_ltoa)
                  200108ee    00000054     drivers_cc32xx.a : UARTCC32XX.oem4 (.text:ringBufGet)
                  20010942    00000052                      : PowerCC32XX_asm.oem4 (.text:PowerCC32XX_resumeLPDS)
                  20010994    00000052     rtsv7M4_T_le_eabi.lib : _printfi.c.obj (.text:_ecpy)
                  200109e6    00000052     drivers_cc32xx.a : TimerCC32XX.oem4 (.text:initHw)
                  20010a38    00000050     nortos_cc32xx.a : ClockPSysTick_nortos.oem4 (.text:ClockP_sysTickHandler)
                  20010a88    00000050                     : SemaphoreP_nortos.oem4 (.text:SemaphoreP_construct)
                  20010ad8    00000050     drivers_cc32xx.a : TimerCC32XX.oem4 (.text:TimerCC32XX_allocateTimerResource)
                  20010b28    00000050     gpiointerrupt.obj (.text:initTimer)
                  20010b78    0000004c     drivers_cc32xx.a : GPIOCC32XX.oem4 (.text:GPIO_enableInt)
                  20010bc4    0000004c                      : I2CCC32XX.oem4 (.text:I2CCC32XX_readRecieveFifo)
                  20010c10    0000004c                      : PowerCC32XX.oem4 (.text:PowerCC32XX_parkPin)
                  20010c5c    0000004c     rtsv7M4_T_le_eabi.lib : atoi.c.obj (.text:atoi)
                  20010ca8    0000004c     drivers_cc32xx.a : PowerCC32XX.oem4 (.text:restorePeriphClocks)
                  20010cf4    0000004c     rtsv7M4_T_le_eabi.lib : snprintf.c.obj (.text:snprintf)
                  20010d40    00000048     driverlib.a : flash.obj (.text:FlashDisable)
                  20010d88    00000048                 : prcm.obj (.text:PRCMLPDSEnter)
                  20010dd0    00000048                 : prcm.obj (.text:PRCMPeripheralClkEnable)
                  20010e18    00000048     drivers_cc32xx.a : PowerCC32XX.oem4 (.text:Power_releaseConstraint)
                  20010e60    00000048     rtsv7M4_T_le_eabi.lib : fd_toi_t2.asm.obj (.text)
                  20010ea8    00000046     drivers_cc32xx.a : RingBuf.oem4 (.text:RingBuf_put)
                  20010eee    00000046                      : TimerCC32XX.oem4 (.text:getPrescaler)
                  20010f34    00000044     nortos_cc32xx.a : ClockPSysTick_nortos.oem4 (.text:ClockP_stop)
                  20010f78    00000044     driverlib.a : prcm.obj (.text:PRCMLPDSRestoreInfoSet)
                  20010fbc    00000044     drivers_cc32xx.a : PowerCC32XX_asm.oem4 (.text:PowerCC32XX_enterLPDS)
                  20011000    00000044     nortos_cc32xx.a : SemaphoreP_nortos.oem4 (.text:SemaphoreP_post)
                  20011044    00000044                     : SwiP_nortos.oem4 (.text:SwiP_restore)
                  20011088    00000044     drivers_cc32xx.a : Timer.oem4 (.text:Timer_start)
                  200110cc    00000044                      : UART.oem4 (.text:UART_init)
                  20011110    00000044     rtsv7M4_T_le_eabi.lib : autoinit.c.obj (.text:__TI_auto_init_nobinit_nopinit:__TI_auto_init_nobinit_nopinit)
                  20011154    00000044     gpiointerrupt.obj (.text:initUART)
                  20011198    00000040     nortos_cc32xx.a : ClockPSysTick_nortos.oem4 (.text:ClockP_construct)
                  200111d8    00000040     driverlib.a : pin.obj (.text:PinModeSet)
                  20011218    00000040     drivers_cc32xx.a : RingBuf.oem4 (.text:RingBuf_get)
                  20011258    00000040                      : TimerCC32XX.oem4 (.text:TimerSupport_timerEnable)
                  20011298    00000040                      : TimerCC32XX.oem4 (.text:Timer_close)
                  200112d8    00000040                      : UARTCC32XX.oem4 (.text:UARTCC32XX_read)
                  20011318    00000040                      : UART.oem4 (.text:UART_open)
                  20011358    0000003e     rtsv7M4_T_le_eabi.lib : _printfi.c.obj (.text:_fcpy)
                  20011396    00000002     nortos_cc32xx.a : SemaphoreP_nortos.oem4 (.text:clkFxn)
                  20011398    0000003c                     : ClockPSysTick_nortos.oem4 (.text:ClockP_destruct)
                  200113d4    0000003c     drivers_cc32xx.a : PowerCC32XX.oem4 (.text:Power_setConstraint)
                  20011410    0000003a     nortos_cc32xx.a : PowerCC32XX_nortos.oem4 (.text:getCountsRTC)
                  2001144a    00000002                     : startup_cc32xx_ccs.oem4 (.text:defaultHandler)
                  2001144c    00000038     driverlib.a : prcm.obj (.text:PRCMLPDSEnterKeepDebugIf)
                  20011484    00000038     nortos_cc32xx.a : ClockPSysTick_nortos.oem4 (.text:addToList)
                  200114bc    00000038                     : startup_cc32xx_ccs.oem4 (.text:initVectors)
                  200114f4    00000038     drivers_cc32xx.a : PowerCC32XX.oem4 (.text:notify)
                  2001152c    00000036     driverlib.a : timer.obj (.text:TimerControlStall)
                  20011562    00000036     drivers_cc32xx.a : Timer.oem4 (.text:Timer_stop)
                  20011598    00000036                      : UARTCC32XX.oem4 (.text:UARTCC32XX_readCancel)
                  200115ce    00000002     nortos_cc32xx.a : startup_cc32xx_ccs.oem4 (.text:faultISR)
                  200115d0    00000034                     : ClockPSysTick_nortos.oem4 (.text:ClockP_getTicksUntilInterrupt)
                  20011604    00000034                     : ClockPSysTick_nortos.oem4 (.text:ClockP_startup)
                  20011638    00000034     driverlib.a : pin.obj (.text:PinModeGet)
                  2001166c    00000034     drivers_cc32xx.a : PowerCC32XX.oem4 (.text:PowerCC32XX_restoreParkState)
                  200116a0    00000034                      : TimerCC32XX.oem4 (.text:TimerCC32XX_freeTimerResource)
                  200116d4    00000034                      : TimerCC32XX.oem4 (.text:TimerCC32XX_hwiIntFunction)
                  20011708    00000034                      : TimerCC32XX.oem4 (.text:getPowerMgrId)
                  2001173c    00000030     nortos_cc32xx.a : ClockPSysTick_nortos.oem4 (.text:ClockP_start)
                  2001176c    00000030     drivers_cc32xx.a : PowerCC32XX.oem4 (.text:PowerCC32XX_restoreParkedPin)
                  2001179c    00000030     rtsv7M4_T_le_eabi.lib : snprintf.c.obj (.text:_outs)
                  200117cc    0000002e                           : i_tofd_t2.asm.obj (.text)
                  200117fa    00000002     nortos_cc32xx.a : startup_cc32xx_ccs.oem4 (.text:nmiISR)
                  200117fc    0000002c     drivers_cc32xx.a : PowerCC32XX.oem4 (.text:PowerCC32XX_getParkState)
                  20011828    0000002a     nortos_cc32xx.a : HwiPCC32XX_nortos.oem4 (.text:HwiP_create)
                  20011852    0000002a     driverlib.a : timer.obj (.text:TimerLoadSet)
                  2001187c    0000002a                 : timer.obj (.text:TimerPrescaleSet)
                  200118a6    00000028                 : i2c.obj (.text:I2CFIFODataPutNonBlocking)
                  200118ce    00000002     rtsv7M4_T_le_eabi.lib : div0.asm.obj (.text)
                  200118d0    00000028     driverlib.a : prcm.obj (.text:PRCMPeripheralClkDisable)
                  200118f8    00000028     drivers_cc32xx.a : PowerCC32XX.oem4 (.text:Power_registerNotify)
                  20011920    00000028     rtsv7M4_T_le_eabi.lib : memory.c.obj (.text:free_list_insert)
                  20011948    00000026     driverlib.a : i2c.obj (.text:I2CFIFODataGetNonBlocking)
                  2001196e    00000026     drivers_cc32xx.a : I2C.oem4 (.text:I2C_cancel)
                  20011994    00000026                      : List.oem4 (.text:List_put)
                  200119ba    00000026                      : List.oem4 (.text:List_remove)
                  200119e0    00000024     nortos_cc32xx.a : HwiPCC32XX_nortos.oem4 (.text:HwiP_dispatch)
                  20011a04    00000024     drivers_cc32xx.a : PowerCC32XX.oem4 (.text:PowerCC32XX_reset)
                  20011a28    00000024                      : TimerCC32XX.oem4 (.text:TimerSupport_timerDisable)
                  20011a4c    00000024     rtsv7M4_T_le_eabi.lib : boot_cortex_m.c.obj (.text:_c_int00_noargs:_c_int00_noargs)
                  20011a70    00000022     driverlib.a : i2c.obj (.text:I2CMasterSlaveAddrSet)
                  20011a92    00000020     nortos_cc32xx.a : HwiPCC32XX_nortos.oem4 (.text:HwiP_destruct)
                  20011ab2    00000002     --HOLE-- [fill = 0]
                  20011ab4    00000020     drivers_cc32xx.a : PowerCC32XX.oem4 (.text:Power_unregisterNotify)
                  20011ad4    00000020                      : RingBuf.oem4 (.text:RingBuf_peek)
                  20011af4    00000020                      : UARTCC32XX.oem4 (.text:getPowerMgrId)
                  20011b14    0000001e     driverlib.a : i2c.obj (.text:I2CMasterIntStatusEx)
                  20011b32    0000001e     nortos_cc32xx.a : SemaphoreP_nortos.oem4 (.text:SemaphoreP_constructBinary)
                  20011b50    0000001e     driverlib.a : timer.obj (.text:TimerDisable)
                  20011b6e    0000001e                 : timer.obj (.text:TimerEnable)
                  20011b8c    0000001c                 : pin.obj (.text:PinToPadGet)
                  20011ba8    0000001c     nortos_cc32xx.a : SwiP_nortos.oem4 (.text:SwiP_disable)
                  20011bc4    0000001c     rtsv7M4_T_le_eabi.lib : memory.c.obj (.text:free_list_remove)
                  20011be0    0000001c                           : memccpy.c.obj (.text:memccpy)
                  20011bfc    0000001a     nortos_cc32xx.a : ClockPSysTick_nortos.oem4 (.text:ClockP_create)
                  20011c16    0000001a                     : SemaphoreP_nortos.oem4 (.text:SemaphoreP_createBinary)
                  20011c30    0000001a                     : startup_cc32xx_ccs.oem4 (.text:resetISR)
                  20011c4a    00000018     driverlib.a : i2c.obj (.text:I2CMasterBusBusy)
                  20011c62    00000018                 : i2c.obj (.text:I2CMasterIntDisableEx)
                  20011c7a    00000018                 : i2c.obj (.text:I2CMasterIntEnableEx)
                  20011c92    00000018                 : i2c.obj (.text:I2CRxFIFOFlush)
                  20011caa    00000018                 : i2c.obj (.text:I2CTxFIFOFlush)
                  20011cc2    00000002     --HOLE-- [fill = 0]
                  20011cc4    00000018     drivers_cc32xx.a : PowerCC32XX.oem4 (.text:Power_getTransitionLatency)
                  20011cdc    00000018                      : PowerCC32XX.oem4 (.text:Power_idleFunc)
                  20011cf4    00000018     driverlib.a : timer.obj (.text:TimerIntDisable)
                  20011d0c    00000018                 : timer.obj (.text:TimerIntEnable)
                  20011d24    00000018                 : uart.obj (.text:UARTBusy)
                  20011d3c    00000018                 : uart.obj (.text:UARTIntEnable)
                  20011d54    00000018     drivers_cc32xx.a : UART.oem4 (.text:UART_Params_init)
                  20011d6c    00000018     rtsv7M4_T_le_eabi.lib : snprintf.c.obj (.text:_outc)
                  20011d84    00000018     gpiointerrupt.obj (.text:gpioButtonFxn0)
                  20011d9c    00000018     rtsv7M4_T_le_eabi.lib : ll_mul_t2.asm.obj (.text)
                  20011db4    00000018     gpiointerrupt.obj (.text:timerCallback)
                  20011dcc    00000016     driverlib.a : i2c.obj (.text:I2CMasterBurstLengthSet)
                  20011de2    00000016                 : prcm.obj (.text:PRCMHIBRegRead)
                  20011df8    00000016                 : prcm.obj (.text:PRCMHIBRegWrite)
                  20011e0e    00000016     nortos_cc32xx.a : SemaphoreP_nortos.oem4 (.text:SemaphoreP_create)
                  20011e24    00000016     rtsv7M4_T_le_eabi.lib : strchr.c.obj (.text:strchr)
                  20011e3a    00000014     driverlib.a : cpu.obj (.text:CPUcpsid)
                  20011e4e    00000002     --HOLE-- [fill = 0]
                  20011e50    00000014     nortos_cc32xx.a : HwiPCC32XX_nortos.oem4 (.text:HwiP_inISR)
                  20011e64    00000014     drivers_cc32xx.a : I2CCC32XX.oem4 (.text:I2CSupport_masterFinish)
                  20011e78    00000014                      : I2C.oem4 (.text:I2C_transfer)
                  20011e8c    00000014     driverlib.a : interrupt.obj (.text:IntVTableBaseSet)
                  20011ea0    00000014     drivers_cc32xx.a : PowerCC32XX.oem4 (.text:Power_disablePolicy)
                  20011eb4    00000014                      : PowerCC32XX.oem4 (.text:Power_getDependencyCount)
                  20011ec8    00000014                      : UARTCC32XX.oem4 (.text:releasePowerConstraint)
                  20011edc    00000014     rtsv7M4_T_le_eabi.lib : strlen.c.obj (.text:strlen)
                  20011ef0    00000012     nortos_cc32xx.a : HwiPCC32XX_nortos.oem4 (.text:HwiP_Params_init)
                  20011f02    00000012     driverlib.a : i2c.obj (.text:I2CMasterIntClearEx)
                  20011f14    00000012     drivers_cc32xx.a : RingBuf.oem4 (.text:RingBuf_construct)
                  20011f26    00000012     driverlib.a : timer.obj (.text:TimerIntClear)
                  20011f38    00000012     main_nortos.obj (.text:main)
                  20011f4a    00000012     rtsv7M4_T_le_eabi.lib : wcslen.c.obj (.text:wcslen)
                  20011f5c    00000010     ti_drivers_config.obj (.text:Board_init)
                  20011f6c    00000010     nortos_cc32xx.a : ClockPSysTick_nortos.oem4 (.text:ClockP_add)
                  20011f7c    00000010                     : ClockPSysTick_nortos.oem4 (.text:ClockP_delete)
                  20011f8c    00000010                     : ClockPSysTick_nortos.oem4 (.text:ClockP_getCpuFreq)
                  20011f9c    00000010                     : ClockPSysTick_nortos.oem4 (.text:ClockP_getSystemTicks)
                  20011fac    00000010                     : ClockPSysTick_nortos.oem4 (.text:ClockP_setTicks)
                  20011fbc    00000010                     : HwiPCC32XX_nortos.oem4 (.text:HwiP_delete)
                  20011fcc    00000010                     : HwiPCC32XX_nortos.oem4 (.text:HwiP_restore)
                  20011fdc    00000010     driverlib.a : i2c.obj (.text:I2CFIFOStatus)
                  20011fec    00000010     drivers_cc32xx.a : I2C.oem4 (.text:I2C_Params_init)
                  20011ffc    00000010                      : PowerCC32XX.oem4 (.text:Power_enablePolicy)
                  2001200c    00000010     nortos_cc32xx.a : SemaphoreP_nortos.oem4 (.text:SemaphoreP_Params_init)
                  2001201c    00000010     drivers_cc32xx.a : Timer.oem4 (.text:Timer_Params_init)
                  2001202c    00000010                      : UARTCC32XX.oem4 (.text:readBlockingTimeout)
                  2001203c    0000000e     nortos_cc32xx.a : HwiPCC32XX_nortos.oem4 (.text:HwiP_clearInterrupt)
                  2001204a    0000000e                     : HwiPCC32XX_nortos.oem4 (.text:HwiP_disable)
                  20012058    0000000e                     : HwiPCC32XX_nortos.oem4 (.text:HwiP_disableInterrupt)
                  20012066    0000000e                     : HwiPCC32XX_nortos.oem4 (.text:HwiP_enable)
                  20012074    0000000e                     : HwiPCC32XX_nortos.oem4 (.text:HwiP_enableInterrupt)
                  20012082    0000000e     drivers_cc32xx.a : I2CCC32XX.oem4 (.text:I2CCC32XX_updateReg)
                  20012090    0000000e                      : RingBuf.oem4 (.text:RingBuf_isFull)
                  2001209e    0000000e     rtsv7M4_T_le_eabi.lib : copy_decompress_none.c.obj (.text:decompress:none:__TI_decompress_none)
                  200120ac    0000000c     drivers_cc32xx.a : I2CCC32XX.oem4 (.text:I2CCC32XX_postNotify)
                  200120b8    0000000c                      : PowerCC32XX.oem4 (.text:Power_getConstraintMask)
                  200120c4    0000000c     rtsv7M4_T_le_eabi.lib : s_copysign.c.obj (.text:copysign)
                  200120d0    0000000c                           : copy_zero_init.c.obj (.text:decompress:ZI:__TI_zero_init)
                  200120dc    0000000c     drivers_cc32xx.a : TimerCC32XX.oem4 (.text:postNotifyFxn)
                  200120e8    0000000c                      : UARTCC32XX.oem4 (.text:postNotifyFxn)
                  200120f4    0000000a     nortos_cc32xx.a : ClockPSysTick_nortos.oem4 (.text:ClockP_Params_init)
                  200120fe    0000000a                     : ClockPSysTick_nortos.oem4 (.text:ClockP_isActive)
                  20012108    0000000a     driverlib.a : interrupt.obj (.text:IntMasterDisable)
                  20012112    0000000a     drivers_cc32xx.a : UART.oem4 (.text:UART_write)
                  2001211c    00000008                      : I2CCC32XX.oem4 (.text:I2CCC32XX_blockingCallback)
                  20012124    00000008     rtsv7M4_T_le_eabi.lib : errno.c.obj (.text:__aeabi_errno_addr)
                  2001212c    00000008                           : memory.c.obj (.text:malloc)
                  20012134    00000008     drivers_cc32xx.a : UARTCC32XX.oem4 (.text:readSemCallback)
                  2001213c    00000008                      : UARTCC32XX.oem4 (.text:writeSemCallback)
                  20012144    00000006                      : I2CCC32XX.oem4 (.text:I2CSupport_powerRelConstraint)
                  2001214a    00000006                      : I2CCC32XX.oem4 (.text:I2CSupport_powerSetConstraint)
                  20012150    00000006     driverlib.a : utils.obj (.text:UtilsDelay)
                  20012156    00000004     nortos_cc32xx.a : ClockPSysTick_nortos.oem4 (.text:ClockP_setTimeout)
                  2001215a    00000004                     : HwiPCC32XX_nortos.oem4 (.text:HwiP_post)
                  2001215e    00000004                     : SemaphoreP_nortos.oem4 (.text:SemaphoreP_delete)
                  20012162    00000004     rtsv7M4_T_le_eabi.lib : pre_init.c.obj (.text:_system_pre_init)
                  20012166    00000004                           : exit.c.obj (.text:abort:abort)

.const     0    2001272c    00000502     
                  2001272c    00000101     rtsv7M4_T_le_eabi.lib : ctype.c.obj (.const:.string:_ctypes_)
                  2001282d    00000003     --HOLE-- [fill = 0]
                  20012830    00000100     driverlib.a : pin.obj (.const:g_ulPinToPadMap)
                  20012930    000000a8                 : prcm.obj (.const:PRCM_PeriphRegsList)
                  200129d8    00000044     ti_drivers_config.obj (.const:PowerCC32XX_config)
                  20012a1c    00000028     drivers_cc32xx.a : UARTCC32XX.oem4 (.const:UARTCC32XX_fxnTable)
                  20012a44    00000024                      : UART.oem4 (.const:UART_defaultParams)
                  20012a68    00000024     ti_drivers_config.obj (.const:uartCC32XXHWAttrs0)
                  20012a8c    00000021     drivers_cc32xx.a : GPIOCC32XX.oem4 (.const:.string:pinTable)
                  20012aad    00000003     --HOLE-- [fill = 0]
                  20012ab0    00000020                      : UARTCC32XX.oem4 (.const:staticFxnTable)
                  20012ad0    00000018     driverlib.a : interrupt.obj (.const:g_pulEnRegs)
                  20012ae8    00000018                 : interrupt.obj (.const:g_pulPendRegs)
                  20012b00    00000018     gpiointerrupt.obj (.const:sensors)
                  20012b18    00000014     ti_drivers_config.obj (.const:GPIOCC32XX_config)
                  20012b2c    00000014     drivers_cc32xx.a : GPIOCC32XX.oem4 (.const:gpioBaseAddresses)
                  20012b40    00000014     ti_drivers_config.obj (.const:i2cCC32XXHWAttrs)
                  20012b54    00000014     drivers_cc32xx.a : UARTCC32XX.oem4 (.const:parityType)
                  20012b68    00000014                      : GPIOCC32XX.oem4 (.const:powerResources)
                  20012b7c    00000010                      : I2C.oem4 (.const:I2C_defaultParams)
                  20012b8c    00000010                      : I2CCC32XX.oem4 (.const:I2C_defaultParams)
                  20012b9c    00000010                      : UARTCC32XX.oem4 (.const:dataLength)
                  20012bac    00000010     ti_drivers_config.obj (.const:timerCC32XXHWAttrs)
                  20012bbc    0000000c     gpiointerrupt.obj (.const:.string)
                  20012bc8    0000000c     ti_drivers_config.obj (.const:UART_config)
                  20012bd4    0000000c     drivers_cc32xx.a : Timer.oem4 (.const:defaultParams)
                  20012be0    0000000c                      : TimerCC32XX.oem4 (.const:defaultParams)
                  20012bec    00000009     ti_drivers_config.obj (.const)
                  20012bf5    00000003     --HOLE-- [fill = 0]
                  20012bf8    00000008     ti_drivers_config.obj (.const:I2C_config)
                  20012c00    00000008     ti_drivers_config.obj (.const:Timer_config)
                  20012c08    00000008     drivers_cc32xx.a : GPIOCC32XX.oem4 (.const:outPinTypes)
                  20012c10    00000008                      : UARTCC32XX.oem4 (.const:stopBits)
                  20012c18    00000006                      : GPIOCC32XX.oem4 (.const:.string:interruptType)
                  20012c1e    00000006                      : GPIOCC32XX.oem4 (.const:inPinTypes)
                  20012c24    00000006                      : GPIOCC32XX.oem4 (.const:outPinStrengths)
                  20012c2a    00000004                      : GPIOCC32XX.oem4 (.const:.string:portInterruptIds)

.cinit     0    20013058    000000f0     
                  20013058    000000c9     (.cinit..data.load) [load image, compression = lzss]
                  20013121    00000003     --HOLE-- [fill = 0]
                  20013124    0000000c     (__TI_handler_table)
                  20013130    00000008     (.cinit..bss.load) [load image, compression = zero_init]
                  20013138    00000010     (__TI_cinit_table)

.init_array 
*          0    20004000    00000000     UNINITIALIZED

.ramVecs   0    20000000    0000030c     NOLOAD SECTION
                  20000000    0000030c     nortos_cc32xx.a : startup_cc32xx_ccs.oem4 (.ramVecs)

.stack     0    20003000    00001000     UNINITIALIZED
                  20003000    00000004     rtsv7M4_T_le_eabi.lib : boot_cortex_m.c.obj (.stack)
                  20003004    00000ffc     --HOLE--

.resetVecs 
*          0    20004000    00000040     
                  20004000    00000040     nortos_cc32xx.a : startup_cc32xx_ccs.oem4 (.resetVecs:retain)

.sysmem    0    20004040    00008000     UNINITIALIZED
                  20004040    00000010     rtsv7M4_T_le_eabi.lib : memory.c.obj (.sysmem)
                  20004050    00007ff0     --HOLE--

.data      0    2001216c    000005c0     UNINITIALIZED
                  2001216c    0000030c     nortos_cc32xx.a : HwiPCC32XX_nortos.oem4 (.data:HwiP_dispatchTable)
                  20012478    0000016c     drivers_cc32xx.a : PowerCC32XX.oem4 (.data:PowerCC32XX_module)
                  200125e4    000000f8     ti_drivers_config.obj (.data:parkInfo)
                  200126dc    0000000c     ti_drivers_config.obj (.data:gpioCallbackFunctions)
                  200126e8    0000000c     ti_drivers_config.obj (.data:gpioPinConfigs)
                  200126f4    00000009     drivers_cc32xx.a : GPIOCC32XX.oem4 (.data)
                  200126fd    00000003     nortos_cc32xx.a : SemaphoreP_nortos.oem4 (.data)
                  20012700    00000008     rtsv7M4_T_le_eabi.lib : _lock.c.obj (.data:$O1$$)
                  20012708    00000008                           : memory.c.obj (.data:$O1$$)
                  20012710    00000008     nortos_cc32xx.a : SemaphoreP_nortos.oem4 (.data:SemaphoreP_defaultParams)
                  20012718    00000008                     : HwiPCC32XX_nortos.oem4 (.data)
                  20012720    00000005                     : ClockPSysTick_nortos.oem4 (.data)
                  20012725    00000002     gpiointerrupt.obj (.data)
                  20012727    00000001     drivers_cc32xx.a : UART.oem4 (.data)
                  20012728    00000004     rtsv7M4_T_le_eabi.lib : errno.c.obj (.data)

.bss       0    20012c30    00000424     UNINITIALIZED
                  20012c30    0000012c     (.common:PowerCC32XX_contextSave)
                  20012d5c    000000fc     (.common:i2cCC32XXObjects)
                  20012e58    00000084     (.common:timerCC32XXObjects)
                  20012edc    00000084     (.common:uartCC32XXObjects0)
                  20012f60    00000040     (.common:output)
                  20012fa0    00000020     drivers_cc32xx.a : GPIOCC32XX.oem4 (.bss:gpioCallbackInfo)
                  20012fc0    00000020     ti_drivers_config.obj (.bss:uartCC32XXRingBuffer0)
                  20012fe0    00000020     (.common:i2cTransaction)
                  20013000    00000014     drivers_cc32xx.a : GPIOCC32XX.oem4 (.bss:powerNotifyObj)
                  20013014    00000004                      : GPIOCC32XX.oem4 (.bss)
                  20013018    00000010     (.common:ClockP_ctrl)
                  20013028    0000000d     nortos_cc32xx.a : SwiP_nortos.oem4 (.bss)
                  20013035    00000003     --HOLE--
                  20013038    00000004                     : ClockPSysTick_nortos.oem4 (.bss)
                  2001303c    00000004     drivers_cc32xx.a : TimerCC32XX.oem4 (.bss:timerState)
                  20013040    00000004     (.common:i2c)
                  20013044    00000004     (.common:rxBuffer)
                  20013048    00000004     (.common:timer0)
                  2001304c    00000004     (.common:txBuffer)
                  20013050    00000004     (.common:uart)

.log_data 
*          0    90000000    00000000     COPY SECTION

__llvm_prf_cnts 
*          0    20004000    00000000     UNINITIALIZED

MODULE SUMMARY

       Module                       code    ro data   rw data
       ------                       ----    -------   -------
    .\
       gpiointerrupt.obj            872     36        118    
       main_nortos.obj              18      0         0      
    +--+----------------------------+-------+---------+---------+
       Total:                       890     36        118    
                                                             
    .\syscfg\
       ti_drivers_config.obj        18      197       820    
    +--+----------------------------+-------+---------+---------+
       Total:                       18      197       820    
                                                             
    C:/ti/simplelink_cc32xx_sdk_5_20_00_06/kernel/nortos/lib/ccs/m4/nortos_cc32xx.a
       HwiPCC32XX_nortos.oem4       394     0         788    
       startup_cc32xx_ccs.oem4      90      64        780    
       ClockPSysTick_nortos.oem4    702     0         25     
       PowerCC32XX_nortos.oem4      472     0         0      
       SemaphoreP_nortos.oem4       410     0         11     
       SwiP_nortos.oem4             96      0         13     
    +--+----------------------------+-------+---------+---------+
       Total:                       2164    64        1617   
                                                             
    C:/ti/simplelink_cc32xx_sdk_5_20_00_06/source/ti/devices/cc32xx/driverlib/ccs/Release/driverlib.a
       prcm.obj                     1604    168       0      
       pin.obj                      280     256       0      
       interrupt.obj                334     48        0      
       i2c.obj                      318     0         0      
       timer.obj                    264     0         0      
       flash.obj                    72      0         0      
       uart.obj                     48      0         0      
       cpu.obj                      20      0         0      
       utils.obj                    6       0         0      
    +--+----------------------------+-------+---------+---------+
       Total:                       2946    472       0      
                                                             
    C:/ti/simplelink_cc32xx_sdk_5_20_00_06/source/ti/drivers/lib/ccs/m4/drivers_cc32xx.a
       UARTCC32XX.oem4              3466    116       0      
       PowerCC32XX.oem4             2432    0         664    
       I2CCC32XX.oem4               1452    16        0      
       GPIOCC32XX.oem4              1220    103       65     
       TimerCC32XX.oem4             876     12        4      
       I2C.oem4                     366     16        0      
       UART.oem4                    166     36        1      
       RingBuf.oem4                 198     0         0      
       Timer.oem4                   140     12        0      
       PowerCC32XX_asm.oem4         150     0         0      
       List.oem4                    76      0         0      
    +--+----------------------------+-------+---------+---------+
       Total:                       10542   311       734    
                                                             
    C:\ti\ccs1031\ccs\tools\compiler\ti-cgt-arm_20.2.4.LTS\lib\rtsv7M4_T_le_eabi.lib
       _printfi.c.obj               4835    0         0      
       memory.c.obj                 672     0         8      
       fd_add_t2.asm.obj            438     0         0      
       fd_div_t2.asm.obj            310     0         0      
       fd_cmp_t2.asm.obj            268     0         0      
       ctype.c.obj                  0       257       0      
       fd_mul_t2.asm.obj            252     0         0      
       s_scalbn.c.obj               208     0         0      
       memcpy_t2.asm.obj            156     0         0      
       ull_div_t2.asm.obj           150     0         0      
       snprintf.c.obj               148     0         0      
       memset_t2.asm.obj            122     0         0      
       copy_decompress_lzss.c.obj   104     0         0      
       s_frexp.c.obj                92      0         0      
       _ltoa.c.obj                  84      0         0      
       atoi.c.obj                   76      0         0      
       fd_toi_t2.asm.obj            72      0         0      
       autoinit.c.obj               68      0         0      
       i_tofd_t2.asm.obj            46      0         0      
       boot_cortex_m.c.obj          36      0         0      
       memccpy.c.obj                28      0         0      
       ll_mul_t2.asm.obj            24      0         0      
       strchr.c.obj                 22      0         0      
       strlen.c.obj                 20      0         0      
       wcslen.c.obj                 18      0         0      
       copy_decompress_none.c.obj   14      0         0      
       copy_zero_init.c.obj         12      0         0      
       errno.c.obj                  8       0         4      
       s_copysign.c.obj             12      0         0      
       _lock.c.obj                  2       0         8      
       exit.c.obj                   4       0         0      
       pre_init.c.obj               4       0         0      
       div0.asm.obj                 2       0         0      
    +--+----------------------------+-------+---------+---------+
       Total:                       8307    257       20     
                                                             
       Heap:                        0       0         32768  
       Stack:                       0       0         4096   
       Linker Generated:            0       237       0      
    +--+----------------------------+-------+---------+---------+
       Grand Total:                 24867   1574      40173  


LINKER GENERATED COPY TABLES

__TI_cinit_table @ 20013138 records: 2, size/record: 8, table size: 16
	.data: load addr=20013058, load size=000000c9 bytes, run addr=2001216c, run size=000005c0 bytes, compression=lzss
	.bss: load addr=20013130, load size=00000008 bytes, run addr=20012c30, run size=00000424 bytes, compression=zero_init


LINKER GENERATED HANDLER TABLE

__TI_handler_table @ 20013124 records: 3, size/record: 4, table size: 12
	index: 0, handler: __TI_decompress_lzss
	index: 1, handler: __TI_decompress_none
	index: 2, handler: __TI_zero_init


GLOBAL SYMBOLS: SORTED ALPHABETICALLY BY Name 

address   name                             
-------   ----                             
20011f5d  Board_init                       
2000ca8f  Board_initHook                   
20012725  ButtonFlag                       
20012167  C$$EXIT                          
20012bec  CONFIG_GPIO_BUTTON_0_CONST       
20012bed  CONFIG_GPIO_BUTTON_1_CONST       
20012bee  CONFIG_GPIO_LED_0_CONST          
20012bef  CONFIG_I2C_0_CONST               
20012bf1  CONFIG_TIMER_0_CONST             
20012bf3  CONFIG_UART_0_CONST              
20011e3b  CPUcpsid                         
200120f5  ClockP_Params_init               
20011f6d  ClockP_add                       
20011199  ClockP_construct                 
20011bfd  ClockP_create                    
20013018  ClockP_ctrl                      
20011f7d  ClockP_delete                    
20011399  ClockP_destruct                  
20010a39  ClockP_doTick                    
20011f8d  ClockP_getCpuFreq                
20011f9d  ClockP_getSystemTicks            
200115d1  ClockP_getTicksUntilInterrupt    
200120ff  ClockP_isActive                  
20011fad  ClockP_setTicks                  
20012157  ClockP_setTimeout                
2001173d  ClockP_start                     
20011605  ClockP_startup                   
20010f35  ClockP_stop                      
20010a39  ClockP_sysTickHandler            
20012720  ClockP_tickPeriod                
20010d41  FlashDisable                     
20012b18  GPIOCC32XX_config                
20010b79  GPIO_enableInt                   
20010121  GPIO_hwiIntFxn                   
2000ee3d  GPIO_init                        
20010629  GPIO_setCallback                 
2000d5f9  GPIO_setConfig                   
2001049d  GPIO_toggle                      
20011ef1  HwiP_Params_init                 
2001203d  HwiP_clearInterrupt              
2000fb81  HwiP_construct                   
20011829  HwiP_create                      
20011fbd  HwiP_delete                      
20011a93  HwiP_destruct                    
2001204b  HwiP_disable                     
20012059  HwiP_disableInterrupt            
200119e1  HwiP_dispatch                    
20012067  HwiP_enable                      
20012075  HwiP_enableInterrupt             
20011e51  HwiP_inISR                       
20012718  HwiP_key                         
2001215b  HwiP_post                        
20011fcd  HwiP_restore                     
2001271c  HwiP_swiPIntNum                  
20011949  I2CFIFODataGetNonBlocking        
200118a7  I2CFIFODataPutNonBlocking        
20011fdd  I2CFIFOStatus                    
20011dcd  I2CMasterBurstLengthSet          
20011c4b  I2CMasterBusBusy                 
20011f03  I2CMasterIntClearEx              
20011c63  I2CMasterIntDisableEx            
20011c7b  I2CMasterIntEnableEx             
20011b15  I2CMasterIntStatusEx             
20011a71  I2CMasterSlaveAddrSet            
20011c93  I2CRxFIFOFlush                   
20011e65  I2CSupport_masterFinish          
20012145  I2CSupport_powerRelConstraint    
2001214b  I2CSupport_powerSetConstraint    
20010363  I2CSupport_primeTransfer         
20011cab  I2CTxFIFOFlush                   
20011fed  I2C_Params_init                  
2001196f  I2C_cancel                       
20012bf8  I2C_config                       
20012bf0  I2C_count                        
20012b7c  I2C_defaultParams                
2000db5f  I2C_init                         
2000e8d1  I2C_open                         
20011e79  I2C_transfer                     
2000e46f  I2C_transferTimeout              
UNDEFED   ITM_flush                        
UNDEFED   ITM_restore                      
2000f555  IntEnable                        
20012109  IntMasterDisable                 
2000fc0d  IntPendSet                       
20011e8d  IntVTableBaseSet                 
20011995  List_put                         
200119bb  List_remove                      
20012067  NoRTOS_start                     
2000ca91  PRCMCC3200MCUInit                
20011de3  PRCMHIBRegRead                   
20011df9  PRCMHIBRegWrite                  
20010d89  PRCMLPDSEnter                    
2001144d  PRCMLPDSEnterKeepDebugIf         
20010f79  PRCMLPDSRestoreInfoSet           
200118d1  PRCMPeripheralClkDisable         
20010dd1  PRCMPeripheralClkEnable          
2001073d  PRCMPeripheralReset              
200105c9  PRCMSysResetCauseGet             
2000fc95  PinConfigSet                     
20011639  PinModeGet                       
200111d9  PinModeSet                       
20011b8d  PinToPadGet                      
200129d8  PowerCC32XX_config               
2000f5fd  PowerCC32XX_configureWakeup      
20012c30  PowerCC32XX_contextSave          
20010fbd  PowerCC32XX_enterLPDS            
200117fd  PowerCC32XX_getParkState         
2000ebbb  PowerCC32XX_initPolicy           
20012478  PowerCC32XX_module               
20010c11  PowerCC32XX_parkPin              
20011a05  PowerCC32XX_reset                
2001166d  PowerCC32XX_restoreParkState     
2001176d  PowerCC32XX_restoreParkedPin     
20010943  PowerCC32XX_resumeLPDS           
20010501  PowerCC32XX_setParkState         
2000db61  PowerCC32XX_sleepPolicy          
20011ea1  Power_disablePolicy              
20011ffd  Power_enablePolicy               
200120b9  Power_getConstraintMask          
20011eb5  Power_getDependencyCount         
20011cc5  Power_getTransitionLatency       
20011cdd  Power_idleFunc                   
2000fe29  Power_init                       
200118f9  Power_registerNotify             
20010e19  Power_releaseConstraint          
20010795  Power_releaseDependency          
200113d5  Power_setConstraint              
2000ff31  Power_setDependency              
2000e0c9  Power_sleep                      
20011ab5  Power_unregisterNotify           
20011f15  RingBuf_construct                
20011219  RingBuf_get                      
20012091  RingBuf_isFull                   
20011ad5  RingBuf_peek                     
20010ea9  RingBuf_put                      
2001200d  SemaphoreP_Params_init           
20010a89  SemaphoreP_construct             
20011b33  SemaphoreP_constructBinary       
20011e0f  SemaphoreP_create                
20011c17  SemaphoreP_createBinary          
20012710  SemaphoreP_defaultParams         
2001215f  SemaphoreP_delete                
2000ee3b  SemaphoreP_destruct              
2000f7e9  SemaphoreP_pend                  
20011001  SemaphoreP_post                  
20011ba9  SwiP_disable                     
20011045  SwiP_restore                     
20010ad9  TimerCC32XX_allocateTimerResource
200116a1  TimerCC32XX_freeTimerResource    
2001152d  TimerControlStall                
20011b51  TimerDisable                     
20011b6f  TimerEnable                      
20012726  TimerFlag                        
20011f27  TimerIntClear                    
20011cf5  TimerIntDisable                  
20011d0d  TimerIntEnable                   
20011853  TimerLoadSet                     
2001187d  TimerPrescaleSet                 
20011a29  TimerSupport_timerDisable        
20011259  TimerSupport_timerEnable         
2001201d  Timer_Params_init                
20011299  Timer_close                      
20012c00  Timer_config                     
20012bf2  Timer_count                      
2000f07b  Timer_init                       
2000e201  Timer_open                       
20011089  Timer_start                      
20011563  Timer_stop                       
20011d25  UARTBusy                         
2000e591  UARTCC32XX_close                 
2000eac9  UARTCC32XX_control               
20012a1c  UARTCC32XX_fxnTable              
2000faef  UARTCC32XX_init                  
2000cebd  UARTCC32XX_open                  
200112d9  UARTCC32XX_read                  
20011599  UARTCC32XX_readCancel            
2000efc1  UARTCC32XX_readPolling           
2000ed71  UARTCC32XX_write                 
20010435  UARTCC32XX_writeCancel           
20010565  UARTCC32XX_writePolling          
20011d3d  UARTIntEnable                    
20011d55  UART_Params_init                 
20012bc8  UART_config                      
20012bf4  UART_count                       
20012a44  UART_defaultParams               
200110cd  UART_init                        
20011319  UART_open                        
20012113  UART_write                       
20012151  UtilsDelay                       
20004000  __STACK_END                      
00001000  __STACK_SIZE                     
00008000  __SYSMEM_SIZE                    
20013138  __TI_CINIT_Base                  
20013148  __TI_CINIT_Limit                 
20013124  __TI_Handler_Table_Base          
20013130  __TI_Handler_Table_Limit         
20011111  __TI_auto_init_nobinit_nopinit   
200103cd  __TI_decompress_lzss             
2001209f  __TI_decompress_none             
2001089b  __TI_ltoa                        
ffffffff  __TI_pprof_out_hndl              
2000c041  __TI_printfi                     
ffffffff  __TI_prof_data_size              
ffffffff  __TI_prof_data_start             
20013058  __TI_static_base__               
200120d1  __TI_zero_init                   
2000fd1d  __aeabi_cdcmpeq                  
2000fd1d  __aeabi_cdcmple                  
2000fda3  __aeabi_cdrcmple                 
20010e61  __aeabi_d2iz                     
2000d9b3  __aeabi_dadd                     
2000e339  __aeabi_ddiv                     
2000e9cd  __aeabi_dmul                     
2000d9a9  __aeabi_dsub                     
20012125  __aeabi_errno_addr               
200117cd  __aeabi_i2d                      
200118cf  __aeabi_idiv0                    
200118cf  __aeabi_ldiv0                    
20011d9d  __aeabi_lmul                     
200100a7  __aeabi_memclr                   
200100a7  __aeabi_memclr4                  
200100a7  __aeabi_memclr8                  
2000f925  __aeabi_memcpy                   
2000f925  __aeabi_memcpy4                  
2000f925  __aeabi_memcpy8                  
200100a9  __aeabi_memset                   
200100a9  __aeabi_memset4                  
200100a9  __aeabi_memset8                  
2000fa59  __aeabi_uldivmod                 
ffffffff  __binit__                        
ffffffff  __c_args__                       
UNDEFED   __mpu_init                       
20003000  __stack                          
20004000  __start___llvm_prf_cnts          
20004000  __stop___llvm_prf_cnts           
20011a4d  _c_int00_noargs                  
2001272c  _ctypes_                         
20012700  _lock                            
2001049b  _nop                             
20004040  _sys_memory                      
UNDEFED   _system_post_cinit               
20012163  _system_pre_init                 
20012704  _unlock                          
20012167  abort                            
2000e7d1  aligned_alloc                    
20010c5d  atoi                             
ffffffff  binit                            
20011397  clkFxn                           
200120c5  copysign                         
200120c5  copysignl                        
20012728  errno                            
2000ebbd  free                             
20010685  frexp                            
20010685  frexpl                           
20011d85  gpioButtonFxn0                   
200126dc  gpioCallbackFunctions            
200126e8  gpioPinConfigs                   
20013040  i2c                              
20012b40  i2cCC32XXHWAttrs                 
20012d5c  i2cCC32XXObjects                 
20012fe0  i2cTransaction                   
20012c1e  inPinTypes                       
2000d3ad  initI2C                          
20010b29  initTimer                        
20011155  initUART                         
200114bd  initVectors                      
2000eca1  ldexp                            
2000eca1  ldexpl                           
20011f39  main                             
200107ed  mainThread                       
2001212d  malloc                           
2000e7d1  memalign                         
20011be1  memccpy                          
2000f925  memcpy                           
200100af  memset                           
20012c24  outPinStrengths                  
20012c08  outPinTypes                      
20012f60  output                           
200125e4  parkInfo                         
20011c31  resetISR                         
20011c44  resetVectorAddr                  
20004000  resetVectors                     
20013044  rxBuffer                         
2000eca1  scalbn                           
2000eca1  scalbnl                          
20010cf5  snprintf                         
20011e25  strchr                           
20011edd  strlen                           
20013048  timer0                           
20012bac  timerCC32XXHWAttrs               
20012e58  timerCC32XXObjects               
20011db5  timerCallback                    
2001304c  txBuffer                         
20013050  uart                             
20012edc  uartCC32XXObjects0               
20011f4b  wcslen                           


GLOBAL SYMBOLS: SORTED BY Symbol Address 

address   name                             
-------   ----                             
00001000  __STACK_SIZE                     
00008000  __SYSMEM_SIZE                    
20003000  __stack                          
20004000  __STACK_END                      
20004000  __start___llvm_prf_cnts          
20004000  __stop___llvm_prf_cnts           
20004000  resetVectors                     
20004040  _sys_memory                      
2000c041  __TI_printfi                     
2000ca8f  Board_initHook                   
2000ca91  PRCMCC3200MCUInit                
2000cebd  UARTCC32XX_open                  
2000d3ad  initI2C                          
2000d5f9  GPIO_setConfig                   
2000d9a9  __aeabi_dsub                     
2000d9b3  __aeabi_dadd                     
2000db5f  I2C_init                         
2000db61  PowerCC32XX_sleepPolicy          
2000e0c9  Power_sleep                      
2000e201  Timer_open                       
2000e339  __aeabi_ddiv                     
2000e46f  I2C_transferTimeout              
2000e591  UARTCC32XX_close                 
2000e7d1  aligned_alloc                    
2000e7d1  memalign                         
2000e8d1  I2C_open                         
2000e9cd  __aeabi_dmul                     
2000eac9  UARTCC32XX_control               
2000ebbb  PowerCC32XX_initPolicy           
2000ebbd  free                             
2000eca1  ldexp                            
2000eca1  ldexpl                           
2000eca1  scalbn                           
2000eca1  scalbnl                          
2000ed71  UARTCC32XX_write                 
2000ee3b  SemaphoreP_destruct              
2000ee3d  GPIO_init                        
2000efc1  UARTCC32XX_readPolling           
2000f07b  Timer_init                       
2000f555  IntEnable                        
2000f5fd  PowerCC32XX_configureWakeup      
2000f7e9  SemaphoreP_pend                  
2000f925  __aeabi_memcpy                   
2000f925  __aeabi_memcpy4                  
2000f925  __aeabi_memcpy8                  
2000f925  memcpy                           
2000fa59  __aeabi_uldivmod                 
2000faef  UARTCC32XX_init                  
2000fb81  HwiP_construct                   
2000fc0d  IntPendSet                       
2000fc95  PinConfigSet                     
2000fd1d  __aeabi_cdcmpeq                  
2000fd1d  __aeabi_cdcmple                  
2000fda3  __aeabi_cdrcmple                 
2000fe29  Power_init                       
2000ff31  Power_setDependency              
200100a7  __aeabi_memclr                   
200100a7  __aeabi_memclr4                  
200100a7  __aeabi_memclr8                  
200100a9  __aeabi_memset                   
200100a9  __aeabi_memset4                  
200100a9  __aeabi_memset8                  
200100af  memset                           
20010121  GPIO_hwiIntFxn                   
20010363  I2CSupport_primeTransfer         
200103cd  __TI_decompress_lzss             
20010435  UARTCC32XX_writeCancel           
2001049b  _nop                             
2001049d  GPIO_toggle                      
20010501  PowerCC32XX_setParkState         
20010565  UARTCC32XX_writePolling          
200105c9  PRCMSysResetCauseGet             
20010629  GPIO_setCallback                 
20010685  frexp                            
20010685  frexpl                           
2001073d  PRCMPeripheralReset              
20010795  Power_releaseDependency          
200107ed  mainThread                       
2001089b  __TI_ltoa                        
20010943  PowerCC32XX_resumeLPDS           
20010a39  ClockP_doTick                    
20010a39  ClockP_sysTickHandler            
20010a89  SemaphoreP_construct             
20010ad9  TimerCC32XX_allocateTimerResource
20010b29  initTimer                        
20010b79  GPIO_enableInt                   
20010c11  PowerCC32XX_parkPin              
20010c5d  atoi                             
20010cf5  snprintf                         
20010d41  FlashDisable                     
20010d89  PRCMLPDSEnter                    
20010dd1  PRCMPeripheralClkEnable          
20010e19  Power_releaseConstraint          
20010e61  __aeabi_d2iz                     
20010ea9  RingBuf_put                      
20010f35  ClockP_stop                      
20010f79  PRCMLPDSRestoreInfoSet           
20010fbd  PowerCC32XX_enterLPDS            
20011001  SemaphoreP_post                  
20011045  SwiP_restore                     
20011089  Timer_start                      
200110cd  UART_init                        
20011111  __TI_auto_init_nobinit_nopinit   
20011155  initUART                         
20011199  ClockP_construct                 
200111d9  PinModeSet                       
20011219  RingBuf_get                      
20011259  TimerSupport_timerEnable         
20011299  Timer_close                      
200112d9  UARTCC32XX_read                  
20011319  UART_open                        
20011397  clkFxn                           
20011399  ClockP_destruct                  
200113d5  Power_setConstraint              
2001144d  PRCMLPDSEnterKeepDebugIf         
200114bd  initVectors                      
2001152d  TimerControlStall                
20011563  Timer_stop                       
20011599  UARTCC32XX_readCancel            
200115d1  ClockP_getTicksUntilInterrupt    
20011605  ClockP_startup                   
20011639  PinModeGet                       
2001166d  PowerCC32XX_restoreParkState     
200116a1  TimerCC32XX_freeTimerResource    
2001173d  ClockP_start                     
2001176d  PowerCC32XX_restoreParkedPin     
200117cd  __aeabi_i2d                      
200117fd  PowerCC32XX_getParkState         
20011829  HwiP_create                      
20011853  TimerLoadSet                     
2001187d  TimerPrescaleSet                 
200118a7  I2CFIFODataPutNonBlocking        
200118cf  __aeabi_idiv0                    
200118cf  __aeabi_ldiv0                    
200118d1  PRCMPeripheralClkDisable         
200118f9  Power_registerNotify             
20011949  I2CFIFODataGetNonBlocking        
2001196f  I2C_cancel                       
20011995  List_put                         
200119bb  List_remove                      
200119e1  HwiP_dispatch                    
20011a05  PowerCC32XX_reset                
20011a29  TimerSupport_timerDisable        
20011a4d  _c_int00_noargs                  
20011a71  I2CMasterSlaveAddrSet            
20011a93  HwiP_destruct                    
20011ab5  Power_unregisterNotify           
20011ad5  RingBuf_peek                     
20011b15  I2CMasterIntStatusEx             
20011b33  SemaphoreP_constructBinary       
20011b51  TimerDisable                     
20011b6f  TimerEnable                      
20011b8d  PinToPadGet                      
20011ba9  SwiP_disable                     
20011be1  memccpy                          
20011bfd  ClockP_create                    
20011c17  SemaphoreP_createBinary          
20011c31  resetISR                         
20011c44  resetVectorAddr                  
20011c4b  I2CMasterBusBusy                 
20011c63  I2CMasterIntDisableEx            
20011c7b  I2CMasterIntEnableEx             
20011c93  I2CRxFIFOFlush                   
20011cab  I2CTxFIFOFlush                   
20011cc5  Power_getTransitionLatency       
20011cdd  Power_idleFunc                   
20011cf5  TimerIntDisable                  
20011d0d  TimerIntEnable                   
20011d25  UARTBusy                         
20011d3d  UARTIntEnable                    
20011d55  UART_Params_init                 
20011d85  gpioButtonFxn0                   
20011d9d  __aeabi_lmul                     
20011db5  timerCallback                    
20011dcd  I2CMasterBurstLengthSet          
20011de3  PRCMHIBRegRead                   
20011df9  PRCMHIBRegWrite                  
20011e0f  SemaphoreP_create                
20011e25  strchr                           
20011e3b  CPUcpsid                         
20011e51  HwiP_inISR                       
20011e65  I2CSupport_masterFinish          
20011e79  I2C_transfer                     
20011e8d  IntVTableBaseSet                 
20011ea1  Power_disablePolicy              
20011eb5  Power_getDependencyCount         
20011edd  strlen                           
20011ef1  HwiP_Params_init                 
20011f03  I2CMasterIntClearEx              
20011f15  RingBuf_construct                
20011f27  TimerIntClear                    
20011f39  main                             
20011f4b  wcslen                           
20011f5d  Board_init                       
20011f6d  ClockP_add                       
20011f7d  ClockP_delete                    
20011f8d  ClockP_getCpuFreq                
20011f9d  ClockP_getSystemTicks            
20011fad  ClockP_setTicks                  
20011fbd  HwiP_delete                      
20011fcd  HwiP_restore                     
20011fdd  I2CFIFOStatus                    
20011fed  I2C_Params_init                  
20011ffd  Power_enablePolicy               
2001200d  SemaphoreP_Params_init           
2001201d  Timer_Params_init                
2001203d  HwiP_clearInterrupt              
2001204b  HwiP_disable                     
20012059  HwiP_disableInterrupt            
20012067  HwiP_enable                      
20012067  NoRTOS_start                     
20012075  HwiP_enableInterrupt             
20012091  RingBuf_isFull                   
2001209f  __TI_decompress_none             
200120b9  Power_getConstraintMask          
200120c5  copysign                         
200120c5  copysignl                        
200120d1  __TI_zero_init                   
200120f5  ClockP_Params_init               
200120ff  ClockP_isActive                  
20012109  IntMasterDisable                 
20012113  UART_write                       
20012125  __aeabi_errno_addr               
2001212d  malloc                           
20012145  I2CSupport_powerRelConstraint    
2001214b  I2CSupport_powerSetConstraint    
20012151  UtilsDelay                       
20012157  ClockP_setTimeout                
2001215b  HwiP_post                        
2001215f  SemaphoreP_delete                
20012163  _system_pre_init                 
20012167  C$$EXIT                          
20012167  abort                            
20012478  PowerCC32XX_module               
200125e4  parkInfo                         
200126dc  gpioCallbackFunctions            
200126e8  gpioPinConfigs                   
20012700  _lock                            
20012704  _unlock                          
20012710  SemaphoreP_defaultParams         
20012718  HwiP_key                         
2001271c  HwiP_swiPIntNum                  
20012720  ClockP_tickPeriod                
20012725  ButtonFlag                       
20012726  TimerFlag                        
20012728  errno                            
2001272c  _ctypes_                         
200129d8  PowerCC32XX_config               
20012a1c  UARTCC32XX_fxnTable              
20012a44  UART_defaultParams               
20012b18  GPIOCC32XX_config                
20012b40  i2cCC32XXHWAttrs                 
20012b7c  I2C_defaultParams                
20012bac  timerCC32XXHWAttrs               
20012bc8  UART_config                      
20012bec  CONFIG_GPIO_BUTTON_0_CONST       
20012bed  CONFIG_GPIO_BUTTON_1_CONST       
20012bee  CONFIG_GPIO_LED_0_CONST          
20012bef  CONFIG_I2C_0_CONST               
20012bf0  I2C_count                        
20012bf1  CONFIG_TIMER_0_CONST             
20012bf2  Timer_count                      
20012bf3  CONFIG_UART_0_CONST              
20012bf4  UART_count                       
20012bf8  I2C_config                       
20012c00  Timer_config                     
20012c08  outPinTypes                      
20012c1e  inPinTypes                       
20012c24  outPinStrengths                  
20012c30  PowerCC32XX_contextSave          
20012d5c  i2cCC32XXObjects                 
20012e58  timerCC32XXObjects               
20012edc  uartCC32XXObjects0               
20012f60  output                           
20012fe0  i2cTransaction                   
20013018  ClockP_ctrl                      
20013040  i2c                              
20013044  rxBuffer                         
20013048  timer0                           
2001304c  txBuffer                         
20013050  uart                             
20013058  __TI_static_base__               
20013124  __TI_Handler_Table_Base          
20013130  __TI_Handler_Table_Limit         
20013138  __TI_CINIT_Base                  
20013148  __TI_CINIT_Limit                 
ffffffff  __TI_pprof_out_hndl              
ffffffff  __TI_prof_data_size              
ffffffff  __TI_prof_data_start             
ffffffff  __binit__                        
ffffffff  __c_args__                       
ffffffff  binit                            
UNDEFED   ITM_flush                        
UNDEFED   ITM_restore                      
UNDEFED   __mpu_init                       
UNDEFED   _system_post_cinit               

[296 symbols]
